../Drivers/STM32WLxx_HAL_Driver/Inc/stm32wlxx_ll_bus.h:449:22:LL_AHB2_GRP1_EnableClock	24	static
../Drivers/STM32WLxx_HAL_Driver/Inc/stm32wlxx_ll_bus.h:1488:22:LL_APB3_GRP1_EnableClock	24	static
../Drivers/STM32WLxx_HAL_Driver/Inc/stm32wlxx_ll_bus.h:1516:22:LL_APB3_GRP1_DisableClock	16	static
../Core/Src/subghz.c:47:6:MX_SUBGHZ_Init	8	static
../Core/Src/subghz.c:66:6:HAL_SUBGHZ_MspInit	16	static
../Core/Src/subghz.c:82:6:HAL_SUBGHZ_MspDeInit	16	static
../Core/Src/subghz.c:98:6:radioInit	40	static
../Core/Src/subghz.c:147:6:RadioOnDioIrq	16	static
../Core/Src/subghz.c:175:6:eventTxDone	16	static
../Core/Src/subghz.c:209:6:eventRxDone	1296	static
../Core/Src/subghz.c:276:6:eventTxTimeout	16	static
../Core/Src/subghz.c:310:6:eventRxTimeout	16	static
../Core/Src/subghz.c:344:6:eventRxError	16	static
../Core/Src/subghz.c:378:6:enterMasterRx	16	static
../Core/Src/subghz.c:396:6:enterSlaveRx	16	static
../Core/Src/subghz.c:414:6:enterMasterTx	16	static
../Core/Src/subghz.c:438:6:enterSlaveTx	16	static
../Core/Src/subghz.c:463:6:transitionRxDone	88	static
../Core/Src/subghz.c:479:6:fsmInit	16	static
../Core/Src/subghz.c:507:6:RFGPIOInit	32	static
../Core/Src/subghz.c:540:6:SUBGHZ	8	static
