Archive member included to satisfy reference by file (symbol)

c:/st/stm32cubeide_1.11.0/stm32cubeide/plugins/com.st.stm32cube.ide.mcu.externaltools.gnu-tools-for-stm32.10.3-2021.10.win32_1.0.100.202210260954/tools/bin/../lib/gcc/arm-none-eabi/10.3.1/../../../../arm-none-eabi/lib/thumb/v7e-m/nofp\libc_nano.a(lib_a-errno.o)
                              ./Core/Src/syscalls.o (__errno)
c:/st/stm32cubeide_1.11.0/stm32cubeide/plugins/com.st.stm32cube.ide.mcu.externaltools.gnu-tools-for-stm32.10.3-2021.10.win32_1.0.100.202210260954/tools/bin/../lib/gcc/arm-none-eabi/10.3.1/../../../../arm-none-eabi/lib/thumb/v7e-m/nofp\libc_nano.a(lib_a-exit.o)
                              c:/st/stm32cubeide_1.11.0/stm32cubeide/plugins/com.st.stm32cube.ide.mcu.externaltools.gnu-tools-for-stm32.10.3-2021.10.win32_1.0.100.202210260954/tools/bin/../lib/gcc/arm-none-eabi/10.3.1/../../../../arm-none-eabi/lib/thumb/v7e-m/nofp/crt0.o (exit)
c:/st/stm32cubeide_1.11.0/stm32cubeide/plugins/com.st.stm32cube.ide.mcu.externaltools.gnu-tools-for-stm32.10.3-2021.10.win32_1.0.100.202210260954/tools/bin/../lib/gcc/arm-none-eabi/10.3.1/../../../../arm-none-eabi/lib/thumb/v7e-m/nofp\libc_nano.a(lib_a-impure.o)
                              c:/st/stm32cubeide_1.11.0/stm32cubeide/plugins/com.st.stm32cube.ide.mcu.externaltools.gnu-tools-for-stm32.10.3-2021.10.win32_1.0.100.202210260954/tools/bin/../lib/gcc/arm-none-eabi/10.3.1/../../../../arm-none-eabi/lib/thumb/v7e-m/nofp\libc_nano.a(lib_a-exit.o) (_global_impure_ptr)
c:/st/stm32cubeide_1.11.0/stm32cubeide/plugins/com.st.stm32cube.ide.mcu.externaltools.gnu-tools-for-stm32.10.3-2021.10.win32_1.0.100.202210260954/tools/bin/../lib/gcc/arm-none-eabi/10.3.1/../../../../arm-none-eabi/lib/thumb/v7e-m/nofp\libc_nano.a(lib_a-init.o)
                              c:/st/stm32cubeide_1.11.0/stm32cubeide/plugins/com.st.stm32cube.ide.mcu.externaltools.gnu-tools-for-stm32.10.3-2021.10.win32_1.0.100.202210260954/tools/bin/../lib/gcc/arm-none-eabi/10.3.1/../../../../arm-none-eabi/lib/thumb/v7e-m/nofp/crt0.o (__libc_init_array)
c:/st/stm32cubeide_1.11.0/stm32cubeide/plugins/com.st.stm32cube.ide.mcu.externaltools.gnu-tools-for-stm32.10.3-2021.10.win32_1.0.100.202210260954/tools/bin/../lib/gcc/arm-none-eabi/10.3.1/../../../../arm-none-eabi/lib/thumb/v7e-m/nofp\libc_nano.a(lib_a-memcpy-stub.o)
                              ./Core/Src/subghz.o (memcpy)
c:/st/stm32cubeide_1.11.0/stm32cubeide/plugins/com.st.stm32cube.ide.mcu.externaltools.gnu-tools-for-stm32.10.3-2021.10.win32_1.0.100.202210260954/tools/bin/../lib/gcc/arm-none-eabi/10.3.1/../../../../arm-none-eabi/lib/thumb/v7e-m/nofp\libc_nano.a(lib_a-memset.o)
                              c:/st/stm32cubeide_1.11.0/stm32cubeide/plugins/com.st.stm32cube.ide.mcu.externaltools.gnu-tools-for-stm32.10.3-2021.10.win32_1.0.100.202210260954/tools/bin/../lib/gcc/arm-none-eabi/10.3.1/../../../../arm-none-eabi/lib/thumb/v7e-m/nofp/crt0.o (memset)
c:/st/stm32cubeide_1.11.0/stm32cubeide/plugins/com.st.stm32cube.ide.mcu.externaltools.gnu-tools-for-stm32.10.3-2021.10.win32_1.0.100.202210260954/tools/bin/../lib/gcc/arm-none-eabi/10.3.1/../../../../arm-none-eabi/lib/thumb/v7e-m/nofp\libc_nano.a(lib_a-printf.o)
                              ./Core/Src/aes.o (printf)
c:/st/stm32cubeide_1.11.0/stm32cubeide/plugins/com.st.stm32cube.ide.mcu.externaltools.gnu-tools-for-stm32.10.3-2021.10.win32_1.0.100.202210260954/tools/bin/../lib/gcc/arm-none-eabi/10.3.1/../../../../arm-none-eabi/lib/thumb/v7e-m/nofp\libc_nano.a(lib_a-putchar.o)
                              ./Core/Src/aes.o (putchar)
c:/st/stm32cubeide_1.11.0/stm32cubeide/plugins/com.st.stm32cube.ide.mcu.externaltools.gnu-tools-for-stm32.10.3-2021.10.win32_1.0.100.202210260954/tools/bin/../lib/gcc/arm-none-eabi/10.3.1/../../../../arm-none-eabi/lib/thumb/v7e-m/nofp\libc_nano.a(lib_a-puts.o)
                              ./Core/Src/aes.o (puts)
c:/st/stm32cubeide_1.11.0/stm32cubeide/plugins/com.st.stm32cube.ide.mcu.externaltools.gnu-tools-for-stm32.10.3-2021.10.win32_1.0.100.202210260954/tools/bin/../lib/gcc/arm-none-eabi/10.3.1/../../../../arm-none-eabi/lib/thumb/v7e-m/nofp\libc_nano.a(lib_a-sprintf.o)
                              ./Core/Src/subghz.o (sprintf)
c:/st/stm32cubeide_1.11.0/stm32cubeide/plugins/com.st.stm32cube.ide.mcu.externaltools.gnu-tools-for-stm32.10.3-2021.10.win32_1.0.100.202210260954/tools/bin/../lib/gcc/arm-none-eabi/10.3.1/../../../../arm-none-eabi/lib/thumb/v7e-m/nofp\libc_nano.a(lib_a-strcat.o)
                              ./Core/Src/aes.o (strcat)
c:/st/stm32cubeide_1.11.0/stm32cubeide/plugins/com.st.stm32cube.ide.mcu.externaltools.gnu-tools-for-stm32.10.3-2021.10.win32_1.0.100.202210260954/tools/bin/../lib/gcc/arm-none-eabi/10.3.1/../../../../arm-none-eabi/lib/thumb/v7e-m/nofp\libc_nano.a(lib_a-strlen.o)
                              ./Core/Src/subghz.o (strlen)
[...]
Memory Configuration

Name             Origin             Length             Attributes
RAM              0x0000000020000000 0x0000000000010000 xrw
RAM2             0x0000000010000000 0x0000000000008000 xrw
FLASH            0x0000000008000000 0x0000000000040000 xr
*default*        0x0000000000000000 0xffffffffffffffff

Linker script and memory map

LOAD c:/st/stm32cubeide_1.11.0/stm32cubeide/plugins/com.st.stm32cube.ide.mcu.externaltools.gnu-tools-for-stm32.10.3-2021.10.win32_1.0.100.202210260954/tools/bin/../lib/gcc/arm-none-eabi/10.3.1/thumb/v7e-m/nofp/crti.o
LOAD c:/st/stm32cubeide_1.11.0/stm32cubeide/plugins/com.st.stm32cube.ide.mcu.externaltools.gnu-tools-for-stm32.10.3-2021.10.win32_1.0.100.202210260954/tools/bin/../lib/gcc/arm-none-eabi/10.3.1/thumb/v7e-m/nofp/crtbegin.o
LOAD c:/st/stm32cubeide_1.11.0/stm32cubeide/plugins/com.st.stm32cube.ide.mcu.externaltools.gnu-tools-for-stm32.10.3-2021.10.win32_1.0.100.202210260954/tools/bin/../lib/gcc/arm-none-eabi/10.3.1/../../../../arm-none-eabi/lib/thumb/v7e-m/nofp/crt0.o
LOAD ./Core/Src/aes.o
LOAD ./Core/Src/dma.o
LOAD ./Core/Src/gpio.o
LOAD ./Core/Src/main.o
LOAD ./Core/Src/stm32wlxx_hal_msp.o
LOAD ./Core/Src/stm32wlxx_hal_timebase_tim.o
LOAD ./Core/Src/stm32wlxx_it.o
LOAD ./Core/Src/subghz.o
LOAD ./Core/Src/syscalls.o
LOAD ./Core/Src/sysmem.o
LOAD ./Core/Src/system_stm32wlxx.o
LOAD ./Core/Src/usart.o
LOAD ./Core/Startup/startup_stm32wl55jcix.o
LOAD ./Drivers/BSP/STM32WLxx_Nucleo/stm32wlxx_nucleo.o
LOAD ./Drivers/BSP/STM32WLxx_Nucleo/stm32wlxx_nucleo_radio.o
LOAD ./Drivers/Radio/radio_board_if.o
LOAD ./Drivers/Radio/radio_driver.o
LOAD ./Drivers/STM32WLxx_HAL_Driver/Src/stm32wlxx_hal.o
LOAD ./Drivers/STM32WLxx_HAL_Driver/Src/stm32wlxx_hal_cortex.o
LOAD ./Drivers/STM32WLxx_HAL_Driver/Src/stm32wlxx_hal_cryp.o
LOAD ./Drivers/STM32WLxx_HAL_Driver/Src/stm32wlxx_hal_cryp_ex.o
LOAD ./Drivers/STM32WLxx_HAL_Driver/Src/stm32wlxx_hal_dma.o
LOAD ./Drivers/STM32WLxx_HAL_Driver/Src/stm32wlxx_hal_dma_ex.o
LOAD ./Drivers/STM32WLxx_HAL_Driver/Src/stm32wlxx_hal_exti.o
LOAD ./Drivers/STM32WLxx_HAL_Driver/Src/stm32wlxx_hal_flash.o
LOAD ./Drivers/STM32WLxx_HAL_Driver/Src/stm32wlxx_hal_flash_ex.o
LOAD ./Drivers/STM32WLxx_HAL_Driver/Src/stm32wlxx_hal_gpio.o
LOAD ./Drivers/STM32WLxx_HAL_Driver/Src/stm32wlxx_hal_pwr.o
LOAD ./Drivers/STM32WLxx_HAL_Driver/Src/stm32wlxx_hal_pwr_ex.o
LOAD ./Drivers/STM32WLxx_HAL_Driver/Src/stm32wlxx_hal_rcc.o
LOAD ./Drivers/STM32WLxx_HAL_Driver/Src/stm32wlxx_hal_rcc_ex.o
LOAD ./Drivers/STM32WLxx_HAL_Driver/Src/stm32wlxx_hal_subghz.o
LOAD ./Drivers/STM32WLxx_HAL_Driver/Src/stm32wlxx_hal_tim.o
LOAD ./Drivers/STM32WLxx_HAL_Driver/Src/stm32wlxx_hal_tim_ex.o
LOAD ./Drivers/STM32WLxx_HAL_Driver/Src/stm32wlxx_hal_uart.o
LOAD ./Drivers/STM32WLxx_HAL_Driver/Src/stm32wlxx_hal_uart_ex.o
LOAD ./Ultilities/misc/stm32_mem.o
START GROUP
LOAD c:/st/stm32cubeide_1.11.0/stm32cubeide/plugins/com.st.stm32cube.ide.mcu.externaltools.gnu-tools-for-stm32.10.3-2021.10.win32_1.0.100.202210260954/tools/bin/../lib/gcc/arm-none-eabi/10.3.1/../../../../arm-none-eabi/lib/thumb/v7e-m/nofp\libc_nano.a
LOAD c:/st/stm32cubeide_1.11.0/stm32cubeide/plugins/com.st.stm32cube.ide.mcu.externaltools.gnu-tools-for-stm32.10.3-2021.10.win32_1.0.100.202210260954/tools/bin/../lib/gcc/arm-none-eabi/10.3.1/../../../../arm-none-eabi/lib/thumb/v7e-m/nofp\libm.a
END GROUP
START GROUP
LOAD c:/st/stm32cubeide_1.11.0/stm32cubeide/plugins/com.st.stm32cube.ide.mcu.externaltools.gnu-tools-for-stm32.10.3-2021.10.win32_1.0.100.202210260954/tools/bin/../lib/gcc/arm-none-eabi/10.3.1/thumb/v7e-m/nofp\libgcc.a
LOAD c:/st/stm32cubeide_1.11.0/stm32cubeide/plugins/com.st.stm32cube.ide.mcu.externaltools.gnu-tools-for-stm32.10.3-2021.10.win32_1.0.100.202210260954/tools/bin/../lib/gcc/arm-none-eabi/10.3.1/../../../../arm-none-eabi/lib/thumb/v7e-m/nofp\libc_nano.a
END GROUP
START GROUP
LOAD c:/st/stm32cubeide_1.11.0/stm32cubeide/plugins/com.st.stm32cube.ide.mcu.externaltools.gnu-tools-for-stm32.10.3-2021.10.win32_1.0.100.202210260954/tools/bin/../lib/gcc/arm-none-eabi/10.3.1/thumb/v7e-m/nofp\libgcc.a
LOAD c:/st/stm32cubeide_1.11.0/stm32cubeide/plugins/com.st.stm32cube.ide.mcu.externaltools.gnu-tools-for-stm32.10.3-2021.10.win32_1.0.100.202210260954/tools/bin/../lib/gcc/arm-none-eabi/10.3.1/../../../../arm-none-eabi/lib/thumb/v7e-m/nofp\libc_nano.a
LOAD c:/st/stm32cubeide_1.11.0/stm32cubeide/plugins/com.st.stm32cube.ide.mcu.externaltools.gnu-tools-for-stm32.10.3-2021.10.win32_1.0.100.202210260954/tools/bin/../lib/gcc/arm-none-eabi/10.3.1/../../../../arm-none-eabi/lib/thumb/v7e-m/nofp\libnosys.a
END GROUP
START GROUP
LOAD c:/st/stm32cubeide_1.11.0/stm32cubeide/plugins/com.st.stm32cube.ide.mcu.externaltools.gnu-tools-for-stm32.10.3-2021.10.win32_1.0.100.202210260954/tools/bin/../lib/gcc/arm-none-eabi/10.3.1/thumb/v7e-m/nofp\libgcc.a
LOAD c:/st/stm32cubeide_1.11.0/stm32cubeide/plugins/com.st.stm32cube.ide.mcu.externaltools.gnu-tools-for-stm32.10.3-2021.10.win32_1.0.100.202210260954/tools/bin/../lib/gcc/arm-none-eabi/10.3.1/../../../../arm-none-eabi/lib/thumb/v7e-m/nofp\libc_nano.a
LOAD c:/st/stm32cubeide_1.11.0/stm32cubeide/plugins/com.st.stm32cube.ide.mcu.externaltools.gnu-tools-for-stm32.10.3-2021.10.win32_1.0.100.202210260954/tools/bin/../lib/gcc/arm-none-eabi/10.3.1/../../../../arm-none-eabi/lib/thumb/v7e-m/nofp\libnosys.a
END GROUP
LOAD c:/st/stm32cubeide_1.11.0/stm32cubeide/plugins/com.st.stm32cube.ide.mcu.externaltools.gnu-tools-for-stm32.10.3-2021.10.win32_1.0.100.202210260954/tools/bin/../lib/gcc/arm-none-eabi/10.3.1/thumb/v7e-m/nofp/crtend.o
LOAD c:/st/stm32cubeide_1.11.0/stm32cubeide/plugins/com.st.stm32cube.ide.mcu.externaltools.gnu-tools-for-stm32.10.3-2021.10.win32_1.0.100.202210260954/tools/bin/../lib/gcc/arm-none-eabi/10.3.1/thumb/v7e-m/nofp/crtn.o
                0x0000000020010000                _estack = (ORIGIN (RAM) + LENGTH (RAM))
                0x0000000000000200                _Min_Heap_Size = 0x200
                0x0000000000000400                _Min_Stack_Size = 0x400

.isr_vector     0x0000000008000000      0x138
                0x0000000008000000                . = ALIGN (0x4)
 *(.isr_vector)
 .isr_vector    0x0000000008000000      0x138 ./Core/Startup/startup_stm32wl55jcix.o
                0x0000000008000000                g_pfnVectors
                0x0000000008000138                . = ALIGN (0x4)

.text           0x0000000008000140     0xa940
                0x0000000008000140                . = ALIGN (0x4)
 *(.text)
 .text          0x0000000008000140       0x40 c:/st/stm32cubeide_1.11.0/stm32cubeide/plugins/com.st.stm32cube.ide.mcu.externaltools.gnu-tools-for-stm32.10.3-2021.10.win32_1.0.100.202210260954/tools/bin/../lib/gcc/arm-none-eabi/10.3.1/thumb/v7e-m/nofp/crtbegin.o
 .text          0x0000000008000180       0x10 c:/st/stm32cubeide_1.11.0/stm32cubeide/plugins/com.st.stm32cube.ide.mcu.externaltools.gnu-tools-for-stm32.10.3-2021.10.win32_1.0.100.202210260954/tools/bin/../lib/gcc/arm-none-eabi/10.3.1/../../../../arm-none-eabi/lib/thumb/v7e-m/nofp\libc_nano.a(lib_a-strlen.o)
                0x0000000008000180                strlen
 .text          0x0000000008000190       0xa0 c:/st/stm32cubeide_1.11.0/stm32cubeide/plugins/com.st.stm32cube.ide.mcu.externaltools.gnu-tools-for-stm32.10.3-2021.10.win32_1.0.100.202210260954/tools/bin/../lib/gcc/arm-none-eabi/10.3.1/../../../../arm-none-eabi/lib/thumb/v7e-m/nofp\libc_nano.a(lib_a-memchr.o)
                0x0000000008000190                memchr
 .text          0x0000000008000230       0x30 c:/st/stm32cubeide_1.11.0/stm32cubeide/plugins/com.st.stm32cube.ide.mcu.externaltools.gnu-tools-for-stm32.10.3-2021.10.win32_1.0.100.202210260954/tools/bin/../lib/gcc/arm-none-eabi/10.3.1/thumb/v7e-m/nofp\libgcc.a(_aeabi_uldivmod.o)
                0x0000000008000230                __aeabi_uldivmod
 .text          0x0000000008000260      0x2d0 c:/st/stm32cubeide_1.11.0/stm32cubeide/plugins/com.st.stm32cube.ide.mcu.externaltools.gnu-tools-for-stm32.10.3-2021.10.win32_1.0.100.202210260954/tools/bin/../lib/gcc/arm-none-eabi/10.3.1/thumb/v7e-m/nofp\libgcc.a(_udivmoddi4.o)
                0x0000000008000260                __udivmoddi4
 .text          0x0000000008000530        0x4 c:/st/stm32cubeide_1.11.0/stm32cubeide/plugins/com.st.stm32cube.ide.mcu.externaltools.gnu-tools-for-stm32.10.3-2021.10.win32_1.0.100.202210260954/tools/bin/../lib/gcc/arm-none-eabi/10.3.1/thumb/v7e-m/nofp\libgcc.a(_dvmd_tls.o)
                0x0000000008000530                __aeabi_idiv0
                0x0000000008000530                __aeabi_ldiv0
 *(.text*)
 .text.LL_AHB3_GRP1_EnableClock
                0x0000000008000534       0x30 ./Core/Src/aes.o
 .text.LL_AHB3_GRP1_DisableClock
                0x0000000008000564       0x24 ./Core/Src/aes.o
 .text._write   0x0000000008000588       0x2c ./Core/Src/aes.o
                0x0000000008000588                _write
 .text.MX_AES_Init
                0x00000000080005b4       0x58 ./Core/Src/aes.o
                0x00000000080005b4                MX_AES_Init
 .text.HAL_CRYP_MspInit
                0x000000000800060c       0x28 ./Core/Src/aes.o
                0x000000000800060c                HAL_CRYP_MspInit
 .text.HAL_CRYP_MspDeInit
                0x0000000008000634       0x28 ./Core/Src/aes.o
                0x0000000008000634                HAL_CRYP_MspDeInit
 .text.AES_encrypt_Packet
                0x000000000800065c       0x48 ./Core/Src/aes.o
                0x000000000800065c                AES_encrypt_Packet
 .text.AES_decrypt_Packet
                0x00000000080006a4       0x44 ./Core/Src/aes.o
                0x00000000080006a4                AES_decrypt_Packet
 .text.AES_Encrypt
                0x00000000080006e8       0x88 ./Core/Src/aes.o
                0x00000000080006e8                AES_Encrypt
 .text.AES_Decrypt
                0x0000000008000770       0x88 ./Core/Src/aes.o
                0x0000000008000770                AES_Decrypt
 .text.LL_AHB1_GRP1_EnableClock
                0x00000000080007f8       0x30 ./Core/Src/dma.o
 .text.MX_DMA_Init
                0x0000000008000828       0x24 ./Core/Src/dma.o
                0x0000000008000828                MX_DMA_Init
 .text.LL_AHB2_GRP1_EnableClock
                0x000000000800084c       0x30 ./Core/Src/gpio.o
 .text.MX_GPIO_Init
                0x000000000800087c      0x154 ./Core/Src/gpio.o
                0x000000000800087c                MX_GPIO_Init
 .text.LL_RCC_LSE_SetDriveCapability
                0x00000000080009d0       0x2a ./Core/Src/main.o
 .text.main     0x00000000080009fa       0x32 ./Core/Src/main.o
                0x00000000080009fa                main
 .text.SystemClock_Config
                0x0000000008000a2c       0xb0 ./Core/Src/main.o
                0x0000000008000a2c                SystemClock_Config
 .text.HAL_GPIO_EXTI_Callback
                0x0000000008000adc      0x474 ./Core/Src/main.o
                0x0000000008000adc                HAL_GPIO_EXTI_Callback
 .text.HAL_TIM_PeriodElapsedCallback
                0x0000000008000f50       0x24 ./Core/Src/main.o
                0x0000000008000f50                HAL_TIM_PeriodElapsedCallback
 .text.Error_Handler
                0x0000000008000f74        0xa ./Core/Src/main.o
                0x0000000008000f74                Error_Handler
 .text.HAL_MspInit
                0x0000000008000f7e        0xc ./Core/Src/stm32wlxx_hal_msp.o
                0x0000000008000f7e                HAL_MspInit
 .text.LL_APB2_GRP1_EnableClock
                0x0000000008000f8a       0x30 ./Core/Src/stm32wlxx_hal_timebase_tim.o
 *fill*         0x0000000008000fba        0x2 
 .text.HAL_InitTick
                0x0000000008000fbc       0xcc ./Core/Src/stm32wlxx_hal_timebase_tim.o
                0x0000000008000fbc                HAL_InitTick
 .text.NMI_Handler
                0x0000000008001088        0x6 ./Core/Src/stm32wlxx_it.o
                0x0000000008001088                NMI_Handler
 .text.HardFault_Handler
                0x000000000800108e        0x6 ./Core/Src/stm32wlxx_it.o
                0x000000000800108e                HardFault_Handler
 .text.MemManage_Handler
                0x0000000008001094        0x6 ./Core/Src/stm32wlxx_it.o
                0x0000000008001094                MemManage_Handler
 .text.BusFault_Handler
                0x000000000800109a        0x6 ./Core/Src/stm32wlxx_it.o
                0x000000000800109a                BusFault_Handler
 .text.UsageFault_Handler
                0x00000000080010a0        0x6 ./Core/Src/stm32wlxx_it.o
                0x00000000080010a0                UsageFault_Handler
 .text.SVC_Handler
                0x00000000080010a6        0xc ./Core/Src/stm32wlxx_it.o
                0x00000000080010a6                SVC_Handler
 .text.DebugMon_Handler
                0x00000000080010b2        0xc ./Core/Src/stm32wlxx_it.o
                0x00000000080010b2                DebugMon_Handler
 .text.PendSV_Handler
                0x00000000080010be        0xc ./Core/Src/stm32wlxx_it.o
                0x00000000080010be                PendSV_Handler
 .text.SysTick_Handler
                0x00000000080010ca        0xc ./Core/Src/stm32wlxx_it.o
                0x00000000080010ca                SysTick_Handler
 .text.EXTI0_IRQHandler
                0x00000000080010d6        0xe ./Core/Src/stm32wlxx_it.o
                0x00000000080010d6                EXTI0_IRQHandler
 .text.EXTI1_IRQHandler
                0x00000000080010e4        0xe ./Core/Src/stm32wlxx_it.o
                0x00000000080010e4                EXTI1_IRQHandler
 *fill*         0x00000000080010f2        0x2 
 .text.DMA1_Channel1_IRQHandler
                0x00000000080010f4       0x14 ./Core/Src/stm32wlxx_it.o
                0x00000000080010f4                DMA1_Channel1_IRQHandler
 .text.EXTI9_5_IRQHandler
                0x0000000008001108        0xe ./Core/Src/stm32wlxx_it.o
                0x0000000008001108                EXTI9_5_IRQHandler
 *fill*         0x0000000008001116        0x2 
 .text.TIM17_IRQHandler
                0x0000000008001118       0x14 ./Core/Src/stm32wlxx_it.o
                0x0000000008001118                TIM17_IRQHandler
 .text.USART2_IRQHandler
                0x000000000800112c       0x14 ./Core/Src/stm32wlxx_it.o
                0x000000000800112c                USART2_IRQHandler
 .text.EXTI15_10_IRQHandler
                0x0000000008001140       0x10 ./Core/Src/stm32wlxx_it.o
                0x0000000008001140                EXTI15_10_IRQHandler
 .text.SUBGHZ_Radio_IRQHandler
                0x0000000008001150       0x14 ./Core/Src/stm32wlxx_it.o
                0x0000000008001150                SUBGHZ_Radio_IRQHandler
 .text.LL_APB3_GRP1_EnableClock
                0x0000000008001164       0x30 ./Core/Src/subghz.o
 .text.MX_SUBGHZ_Init
                0x0000000008001194       0x24 ./Core/Src/subghz.o
                0x0000000008001194                MX_SUBGHZ_Init
 .text.HAL_SUBGHZ_MspInit
                0x00000000080011b8       0x26 ./Core/Src/subghz.o
                0x00000000080011b8                HAL_SUBGHZ_MspInit
 *fill*         0x00000000080011de        0x2 
 .text.radioInit
                0x00000000080011e0       0xd8 ./Core/Src/subghz.o
                0x00000000080011e0                radioInit
 .text.RadioOnDioIrq
                0x00000000080012b8       0x8c ./Core/Src/subghz.o
                0x00000000080012b8                RadioOnDioIrq
 .text.eventTxDone
                0x0000000008001344       0x68 ./Core/Src/subghz.o
                0x0000000008001344                eventTxDone
 .text.eventRxDone
                0x00000000080013ac      0x118 ./Core/Src/subghz.o
                0x00000000080013ac                eventRxDone
 .text.eventTxTimeout
                0x00000000080014c4       0x68 ./Core/Src/subghz.o
                0x00000000080014c4                eventTxTimeout
 .text.eventRxTimeout
                0x000000000800152c       0x6c ./Core/Src/subghz.o
                0x000000000800152c                eventRxTimeout
 .text.eventRxError
                0x0000000008001598       0x6c ./Core/Src/subghz.o
                0x0000000008001598                eventRxError
 .text.enterMasterRx
                0x0000000008001604       0x5c ./Core/Src/subghz.o
                0x0000000008001604                enterMasterRx
 .text.enterSlaveRx
                0x0000000008001660       0x5c ./Core/Src/subghz.o
                0x0000000008001660                enterSlaveRx
 .text.enterMasterTx
                0x00000000080016bc       0x8c ./Core/Src/subghz.o
                0x00000000080016bc                enterMasterTx
 .text.enterSlaveTx
                0x0000000008001748       0xb4 ./Core/Src/subghz.o
                0x0000000008001748                enterSlaveTx
 .text.transitionRxDone
                0x00000000080017fc       0x8c ./Core/Src/subghz.o
                0x00000000080017fc                transitionRxDone
 .text.fsmInit  0x0000000008001888       0xa4 ./Core/Src/subghz.o
                0x0000000008001888                fsmInit
 .text.SUBGHZ   0x000000000800192c       0x2c ./Core/Src/subghz.o
                0x000000000800192c                SUBGHZ
 .text._read    0x0000000008001958       0x3a ./Core/Src/syscalls.o
                0x0000000008001958                _read
 .text._close   0x0000000008001992       0x16 ./Core/Src/syscalls.o
                0x0000000008001992                _close
 .text._fstat   0x00000000080019a8       0x1e ./Core/Src/syscalls.o
                0x00000000080019a8                _fstat
 .text._isatty  0x00000000080019c6       0x14 ./Core/Src/syscalls.o
                0x00000000080019c6                _isatty
 .text._lseek   0x00000000080019da       0x18 ./Core/Src/syscalls.o
                0x00000000080019da                _lseek
 *fill*         0x00000000080019f2        0x2 
 .text._sbrk    0x00000000080019f4       0x6c ./Core/Src/sysmem.o
                0x00000000080019f4                _sbrk
 .text.SystemInit
                0x0000000008001a60        0xc ./Core/Src/system_stm32wlxx.o
                0x0000000008001a60                SystemInit
 .text.LL_AHB2_GRP1_EnableClock
                0x0000000008001a6c       0x30 ./Core/Src/usart.o
 .text.LL_APB1_GRP1_EnableClock
                0x0000000008001a9c       0x30 ./Core/Src/usart.o
 .text.LL_APB1_GRP1_DisableClock
                0x0000000008001acc       0x24 ./Core/Src/usart.o
 .text.MX_USART2_UART_Init
                0x0000000008001af0       0x9c ./Core/Src/usart.o
                0x0000000008001af0                MX_USART2_UART_Init
 .text.HAL_UART_MspInit
                0x0000000008001b8c      0x108 ./Core/Src/usart.o
                0x0000000008001b8c                HAL_UART_MspInit
 .text.HAL_UART_MspDeInit
                0x0000000008001c94       0x44 ./Core/Src/usart.o
                0x0000000008001c94                HAL_UART_MspDeInit
 .text.HAL_UARTEx_RxEventCallback
                0x0000000008001cd8       0x34 ./Core/Src/usart.o
                0x0000000008001cd8                HAL_UARTEx_RxEventCallback
 .text.UartDmaStart
                0x0000000008001d0c       0x30 ./Core/Src/usart.o
                0x0000000008001d0c                UartDmaStart
 .text.Reset_Handler
                0x0000000008001d3c       0x50 ./Core/Startup/startup_stm32wl55jcix.o
                0x0000000008001d3c                Reset_Handler
 .text.Default_Handler
                0x0000000008001d8c        0x2 ./Core/Startup/startup_stm32wl55jcix.o
                0x0000000008001d8c                RTC_Alarm_IRQHandler
                0x0000000008001d8c                EXTI2_IRQHandler
                0x0000000008001d8c                TIM1_CC_IRQHandler
                0x0000000008001d8c                EXTI3_IRQHandler
                0x0000000008001d8c                LPTIM2_IRQHandler
                0x0000000008001d8c                I2C3_ER_IRQHandler
                0x0000000008001d8c                LPTIM3_IRQHandler
                0x0000000008001d8c                I2C2_EV_IRQHandler
                0x0000000008001d8c                TAMP_STAMP_LSECSS_SSRU_IRQHandler
                0x0000000008001d8c                SPI1_IRQHandler
                0x0000000008001d8c                DMA2_Channel2_IRQHandler
                0x0000000008001d8c                DMA1_Channel4_IRQHandler
                0x0000000008001d8c                PKA_IRQHandler
                0x0000000008001d8c                DMA1_Channel7_IRQHandler
                0x0000000008001d8c                SUBGHZSPI_IRQHandler
                0x0000000008001d8c                IPCC_C1_TX_IRQHandler
                0x0000000008001d8c                DMA2_Channel1_IRQHandler
                0x0000000008001d8c                I2C1_EV_IRQHandler
                0x0000000008001d8c                DMAMUX1_OVR_IRQHandler
                0x0000000008001d8c                DMA1_Channel6_IRQHandler
                0x0000000008001d8c                TIM16_IRQHandler
                0x0000000008001d8c                DMA2_Channel4_IRQHandler
                0x0000000008001d8c                RCC_IRQHandler
                0x0000000008001d8c                TIM1_TRG_COM_IRQHandler
                0x0000000008001d8c                Default_Handler
                0x0000000008001d8c                DMA2_Channel7_IRQHandler
                0x0000000008001d8c                IPCC_C1_RX_IRQHandler
                0x0000000008001d8c                ADC_IRQHandler
                0x0000000008001d8c                C2SEV_PWR_C2H_IRQHandler
                0x0000000008001d8c                I2C3_EV_IRQHandler
                0x0000000008001d8c                RTC_WKUP_IRQHandler
                0x0000000008001d8c                PVD_PVM_IRQHandler
                0x0000000008001d8c                SPI2_IRQHandler
                0x0000000008001d8c                DMA2_Channel5_IRQHandler
                0x0000000008001d8c                DMA1_Channel5_IRQHandler
                0x0000000008001d8c                EXTI4_IRQHandler
                0x0000000008001d8c                RNG_IRQHandler
                0x0000000008001d8c                DMA1_Channel3_IRQHandler
                0x0000000008001d8c                COMP_IRQHandler
                0x0000000008001d8c                HSEM_IRQHandler
                0x0000000008001d8c                TIM1_UP_IRQHandler
                0x0000000008001d8c                WWDG_IRQHandler
                0x0000000008001d8c                LPUART1_IRQHandler
                0x0000000008001d8c                DMA2_Channel6_IRQHandler
                0x0000000008001d8c                TIM2_IRQHandler
                0x0000000008001d8c                TIM1_BRK_IRQHandler
                0x0000000008001d8c                DAC_IRQHandler
                0x0000000008001d8c                AES_IRQHandler
                0x0000000008001d8c                I2C2_ER_IRQHandler
                0x0000000008001d8c                DMA1_Channel2_IRQHandler
                0x0000000008001d8c                FLASH_IRQHandler
                0x0000000008001d8c                USART1_IRQHandler
                0x0000000008001d8c                I2C1_ER_IRQHandler
                0x0000000008001d8c                LPTIM1_IRQHandler
                0x0000000008001d8c                DMA2_Channel3_IRQHandler
 *fill*         0x0000000008001d8e        0x2 
 .text.BSP_LED_Toggle
                0x0000000008001d90       0x34 ./Drivers/BSP/STM32WLxx_Nucleo/stm32wlxx_nucleo.o
                0x0000000008001d90                BSP_LED_Toggle
 .text.LL_AHB2_GRP1_EnableClock
                0x0000000008001dc4       0x30 ./Drivers/BSP/STM32WLxx_Nucleo/stm32wlxx_nucleo_radio.o
 .text.BSP_RADIO_Init
                0x0000000008001df4       0x7c ./Drivers/BSP/STM32WLxx_Nucleo/stm32wlxx_nucleo_radio.o
                0x0000000008001df4                BSP_RADIO_Init
 .text.BSP_RADIO_ConfigRFSwitch
                0x0000000008001e70       0xb8 ./Drivers/BSP/STM32WLxx_Nucleo/stm32wlxx_nucleo_radio.o
                0x0000000008001e70                BSP_RADIO_ConfigRFSwitch
 .text.BSP_RADIO_GetTxConfig
                0x0000000008001f28        0xe ./Drivers/BSP/STM32WLxx_Nucleo/stm32wlxx_nucleo_radio.o
                0x0000000008001f28                BSP_RADIO_GetTxConfig
 .text.BSP_RADIO_IsTCXO
                0x0000000008001f36        0xe ./Drivers/BSP/STM32WLxx_Nucleo/stm32wlxx_nucleo_radio.o
                0x0000000008001f36                BSP_RADIO_IsTCXO
 .text.BSP_RADIO_IsDCDC
                0x0000000008001f44        0xe ./Drivers/BSP/STM32WLxx_Nucleo/stm32wlxx_nucleo_radio.o
                0x0000000008001f44                BSP_RADIO_IsDCDC
 .text.BSP_RADIO_GetRFOMaxPowerConfig
                0x0000000008001f52       0x26 ./Drivers/BSP/STM32WLxx_Nucleo/stm32wlxx_nucleo_radio.o
                0x0000000008001f52                BSP_RADIO_GetRFOMaxPowerConfig
 .text.RBI_Init
                0x0000000008001f78        0xe ./Drivers/Radio/radio_board_if.o
                0x0000000008001f78                RBI_Init
 .text.RBI_ConfigRFSwitch
                0x0000000008001f86       0x1c ./Drivers/Radio/radio_board_if.o
                0x0000000008001f86                RBI_ConfigRFSwitch
 .text.RBI_GetTxConfig
                0x0000000008001fa2        0xe ./Drivers/Radio/radio_board_if.o
                0x0000000008001fa2                RBI_GetTxConfig
 .text.RBI_IsTCXO
                0x0000000008001fb0        0xe ./Drivers/Radio/radio_board_if.o
                0x0000000008001fb0                RBI_IsTCXO
 .text.RBI_IsDCDC
                0x0000000008001fbe        0xe ./Drivers/Radio/radio_board_if.o
                0x0000000008001fbe                RBI_IsDCDC
 .text.RBI_GetRFOMaxPowerConfig
                0x0000000008001fcc       0x1c ./Drivers/Radio/radio_board_if.o
                0x0000000008001fcc                RBI_GetRFOMaxPowerConfig
 .text.SUBGRF_Init
                0x0000000008001fe8       0x90 ./Drivers/Radio/radio_driver.o
                0x0000000008001fe8                SUBGRF_Init
 .text.SUBGRF_GetOperatingMode
                0x0000000008002078       0x14 ./Drivers/Radio/radio_driver.o
                0x0000000008002078                SUBGRF_GetOperatingMode
 .text.SUBGRF_SetPayload
                0x000000000800208c       0x20 ./Drivers/Radio/radio_driver.o
                0x000000000800208c                SUBGRF_SetPayload
 .text.SUBGRF_GetPayload
                0x00000000080020ac       0x44 ./Drivers/Radio/radio_driver.o
                0x00000000080020ac                SUBGRF_GetPayload
 .text.SUBGRF_SendPayload
                0x00000000080020f0       0x26 ./Drivers/Radio/radio_driver.o
                0x00000000080020f0                SUBGRF_SendPayload
 .text.SUBGRF_SetCrcSeed
                0x0000000008002116       0x40 ./Drivers/Radio/radio_driver.o
                0x0000000008002116                SUBGRF_SetCrcSeed
 .text.SUBGRF_SetCrcPolynomial
                0x0000000008002156       0x40 ./Drivers/Radio/radio_driver.o
                0x0000000008002156                SUBGRF_SetCrcPolynomial
 .text.SUBGRF_GetRandom
                0x0000000008002196       0x8c ./Drivers/Radio/radio_driver.o
                0x0000000008002196                SUBGRF_GetRandom
 *fill*         0x0000000008002222        0x2 
 .text.SUBGRF_SetStandby
                0x0000000008002224       0x38 ./Drivers/Radio/radio_driver.o
                0x0000000008002224                SUBGRF_SetStandby
 .text.SUBGRF_SetTx
                0x000000000800225c       0x40 ./Drivers/Radio/radio_driver.o
                0x000000000800225c                SUBGRF_SetTx
 .text.SUBGRF_SetRx
                0x000000000800229c       0x40 ./Drivers/Radio/radio_driver.o
                0x000000000800229c                SUBGRF_SetRx
 .text.SUBGRF_SetStopRxTimerOnPreambleDetect
                0x00000000080022dc       0x1e ./Drivers/Radio/radio_driver.o
                0x00000000080022dc                SUBGRF_SetStopRxTimerOnPreambleDetect
 .text.SUBGRF_SetRegulatorMode
                0x00000000080022fa       0x2e ./Drivers/Radio/radio_driver.o
                0x00000000080022fa                SUBGRF_SetRegulatorMode
 .text.SUBGRF_Calibrate
                0x0000000008002328       0x8c ./Drivers/Radio/radio_driver.o
                0x0000000008002328                SUBGRF_Calibrate
 .text.SUBGRF_CalibrateImage
                0x00000000080023b4       0x94 ./Drivers/Radio/radio_driver.o
                0x00000000080023b4                SUBGRF_CalibrateImage
 .text.SUBGRF_SetPaConfig
                0x0000000008002448       0x44 ./Drivers/Radio/radio_driver.o
                0x0000000008002448                SUBGRF_SetPaConfig
 .text.SUBGRF_SetDioIrqParams
                0x000000000800248c       0x74 ./Drivers/Radio/radio_driver.o
                0x000000000800248c                SUBGRF_SetDioIrqParams
 .text.SUBGRF_SetTcxoMode
                0x0000000008002500       0x42 ./Drivers/Radio/radio_driver.o
                0x0000000008002500                SUBGRF_SetTcxoMode
 *fill*         0x0000000008002542        0x2 
 .text.SUBGRF_SetRfFrequency
                0x0000000008002544       0x8c ./Drivers/Radio/radio_driver.o
                0x0000000008002544                SUBGRF_SetRfFrequency
 .text.SUBGRF_SetPacketType
                0x00000000080025d0       0x38 ./Drivers/Radio/radio_driver.o
                0x00000000080025d0                SUBGRF_SetPacketType
 .text.SUBGRF_GetPacketType
                0x0000000008002608       0x14 ./Drivers/Radio/radio_driver.o
                0x0000000008002608                SUBGRF_GetPacketType
 .text.SUBGRF_SetTxParams
                0x000000000800261c      0x19a ./Drivers/Radio/radio_driver.o
                0x000000000800261c                SUBGRF_SetTxParams
 *fill*         0x00000000080027b6        0x2 
 .text.SUBGRF_SetModulationParams
                0x00000000080027b8      0x1a4 ./Drivers/Radio/radio_driver.o
                0x00000000080027b8                SUBGRF_SetModulationParams
 .text.SUBGRF_SetPacketParams
                0x000000000800295c      0x140 ./Drivers/Radio/radio_driver.o
                0x000000000800295c                SUBGRF_SetPacketParams
 .text.SUBGRF_SetBufferBaseAddress
                0x0000000008002a9c       0x2e ./Drivers/Radio/radio_driver.o
                0x0000000008002a9c                SUBGRF_SetBufferBaseAddress
 *fill*         0x0000000008002aca        0x2 
 .text.SUBGRF_GetRxBufferStatus
                0x0000000008002acc       0x58 ./Drivers/Radio/radio_driver.o
                0x0000000008002acc                SUBGRF_GetRxBufferStatus
 .text.SUBGRF_GetPacketStatus
                0x0000000008002b24       0xa4 ./Drivers/Radio/radio_driver.o
                0x0000000008002b24                SUBGRF_GetPacketStatus
 .text.SUBGRF_WriteRegister
                0x0000000008002bc8       0x28 ./Drivers/Radio/radio_driver.o
                0x0000000008002bc8                SUBGRF_WriteRegister
 .text.SUBGRF_ReadRegister
                0x0000000008002bf0       0x28 ./Drivers/Radio/radio_driver.o
                0x0000000008002bf0                SUBGRF_ReadRegister
 .text.SUBGRF_WriteRegisters
                0x0000000008002c18       0x44 ./Drivers/Radio/radio_driver.o
                0x0000000008002c18                SUBGRF_WriteRegisters
 .text.SUBGRF_ReadRegisters
                0x0000000008002c5c       0x44 ./Drivers/Radio/radio_driver.o
                0x0000000008002c5c                SUBGRF_ReadRegisters
 .text.SUBGRF_WriteBuffer
                0x0000000008002ca0       0x44 ./Drivers/Radio/radio_driver.o
                0x0000000008002ca0                SUBGRF_WriteBuffer
 .text.SUBGRF_ReadBuffer
                0x0000000008002ce4       0x44 ./Drivers/Radio/radio_driver.o
                0x0000000008002ce4                SUBGRF_ReadBuffer
 .text.SUBGRF_WriteCommand
                0x0000000008002d28       0x44 ./Drivers/Radio/radio_driver.o
                0x0000000008002d28                SUBGRF_WriteCommand
 .text.SUBGRF_ReadCommand
                0x0000000008002d6c       0x44 ./Drivers/Radio/radio_driver.o
                0x0000000008002d6c                SUBGRF_ReadCommand
 .text.SUBGRF_SetSwitch
                0x0000000008002db0       0x50 ./Drivers/Radio/radio_driver.o
                0x0000000008002db0                SUBGRF_SetSwitch
 .text.SUBGRF_SetRfTxPower
                0x0000000008002e00       0x68 ./Drivers/Radio/radio_driver.o
                0x0000000008002e00                SUBGRF_SetRfTxPower
 .text.HAL_SUBGHZ_TxCpltCallback
                0x0000000008002e68       0x1c ./Drivers/Radio/radio_driver.o
                0x0000000008002e68                HAL_SUBGHZ_TxCpltCallback
 .text.HAL_SUBGHZ_RxCpltCallback
                0x0000000008002e84       0x1c ./Drivers/Radio/radio_driver.o
                0x0000000008002e84                HAL_SUBGHZ_RxCpltCallback
 .text.HAL_SUBGHZ_CRCErrorCallback
                0x0000000008002ea0       0x1c ./Drivers/Radio/radio_driver.o
                0x0000000008002ea0                HAL_SUBGHZ_CRCErrorCallback
 .text.HAL_SUBGHZ_CADStatusCallback
                0x0000000008002ebc       0x3c ./Drivers/Radio/radio_driver.o
                0x0000000008002ebc                HAL_SUBGHZ_CADStatusCallback
 .text.HAL_SUBGHZ_RxTxTimeoutCallback
                0x0000000008002ef8       0x20 ./Drivers/Radio/radio_driver.o
                0x0000000008002ef8                HAL_SUBGHZ_RxTxTimeoutCallback
 .text.HAL_SUBGHZ_HeaderErrorCallback
                0x0000000008002f18       0x1c ./Drivers/Radio/radio_driver.o
                0x0000000008002f18                HAL_SUBGHZ_HeaderErrorCallback
 .text.HAL_SUBGHZ_PreambleDetectedCallback
                0x0000000008002f34       0x1c ./Drivers/Radio/radio_driver.o
                0x0000000008002f34                HAL_SUBGHZ_PreambleDetectedCallback
 .text.HAL_SUBGHZ_SyncWordValidCallback
                0x0000000008002f50       0x1c ./Drivers/Radio/radio_driver.o
                0x0000000008002f50                HAL_SUBGHZ_SyncWordValidCallback
 .text.HAL_SUBGHZ_HeaderValidCallback
                0x0000000008002f6c       0x1c ./Drivers/Radio/radio_driver.o
                0x0000000008002f6c                HAL_SUBGHZ_HeaderValidCallback
 .text.HAL_SUBGHZ_LrFhssHopCallback
                0x0000000008002f88       0x20 ./Drivers/Radio/radio_driver.o
                0x0000000008002f88                HAL_SUBGHZ_LrFhssHopCallback
 .text.Radio_SMPS_Set
                0x0000000008002fa8       0x42 ./Drivers/Radio/radio_driver.o
 *fill*         0x0000000008002fea        0x2 
 .text.HAL_Init
                0x0000000008002fec       0x40 ./Drivers/STM32WLxx_HAL_Driver/Src/stm32wlxx_hal.o
                0x0000000008002fec                HAL_Init
 .text.HAL_IncTick
                0x000000000800302c       0x24 ./Drivers/STM32WLxx_HAL_Driver/Src/stm32wlxx_hal.o
                0x000000000800302c                HAL_IncTick
 .text.HAL_GetTick
                0x0000000008003050       0x14 ./Drivers/STM32WLxx_HAL_Driver/Src/stm32wlxx_hal.o
                0x0000000008003050                HAL_GetTick
 .text.HAL_Delay
                0x0000000008003064       0x48 ./Drivers/STM32WLxx_HAL_Driver/Src/stm32wlxx_hal.o
                0x0000000008003064                HAL_Delay
 .text.__NVIC_SetPriorityGrouping
                0x00000000080030ac       0x48 ./Drivers/STM32WLxx_HAL_Driver/Src/stm32wlxx_hal_cortex.o
 .text.__NVIC_GetPriorityGrouping
                0x00000000080030f4       0x1c ./Drivers/STM32WLxx_HAL_Driver/Src/stm32wlxx_hal_cortex.o
 .text.__NVIC_EnableIRQ
                0x0000000008003110       0x38 ./Drivers/STM32WLxx_HAL_Driver/Src/stm32wlxx_hal_cortex.o
 .text.__NVIC_DisableIRQ
                0x0000000008003148       0x48 ./Drivers/STM32WLxx_HAL_Driver/Src/stm32wlxx_hal_cortex.o
 .text.__NVIC_SetPriority
                0x0000000008003190       0x54 ./Drivers/STM32WLxx_HAL_Driver/Src/stm32wlxx_hal_cortex.o
 .text.NVIC_EncodePriority
                0x00000000080031e4       0x64 ./Drivers/STM32WLxx_HAL_Driver/Src/stm32wlxx_hal_cortex.o
 .text.HAL_NVIC_SetPriorityGrouping
                0x0000000008003248       0x16 ./Drivers/STM32WLxx_HAL_Driver/Src/stm32wlxx_hal_cortex.o
                0x0000000008003248                HAL_NVIC_SetPriorityGrouping
 .text.HAL_NVIC_SetPriority
                0x000000000800325e       0x34 ./Drivers/STM32WLxx_HAL_Driver/Src/stm32wlxx_hal_cortex.o
                0x000000000800325e                HAL_NVIC_SetPriority
 .text.HAL_NVIC_EnableIRQ
                0x0000000008003292       0x1c ./Drivers/STM32WLxx_HAL_Driver/Src/stm32wlxx_hal_cortex.o
                0x0000000008003292                HAL_NVIC_EnableIRQ
 .text.HAL_NVIC_DisableIRQ
                0x00000000080032ae       0x1c ./Drivers/STM32WLxx_HAL_Driver/Src/stm32wlxx_hal_cortex.o
                0x00000000080032ae                HAL_NVIC_DisableIRQ
 .text.HAL_CRYP_Init
                0x00000000080032ca       0x76 ./Drivers/STM32WLxx_HAL_Driver/Src/stm32wlxx_hal_cryp.o
                0x00000000080032ca                HAL_CRYP_Init
 .text.HAL_CRYP_DeInit
                0x0000000008003340       0x5c ./Drivers/STM32WLxx_HAL_Driver/Src/stm32wlxx_hal_cryp.o
                0x0000000008003340                HAL_CRYP_DeInit
 .text.HAL_CRYP_Encrypt
                0x000000000800339c      0x134 ./Drivers/STM32WLxx_HAL_Driver/Src/stm32wlxx_hal_cryp.o
                0x000000000800339c                HAL_CRYP_Encrypt
 .text.HAL_CRYP_Decrypt
                0x00000000080034d0      0x138 ./Drivers/STM32WLxx_HAL_Driver/Src/stm32wlxx_hal_cryp.o
                0x00000000080034d0                HAL_CRYP_Decrypt
 .text.HAL_CRYP_ErrorCallback
                0x0000000008003608       0x12 ./Drivers/STM32WLxx_HAL_Driver/Src/stm32wlxx_hal_cryp.o
                0x0000000008003608                HAL_CRYP_ErrorCallback
 .text.CRYP_AES_Encrypt
                0x000000000800361a      0x110 ./Drivers/STM32WLxx_HAL_Driver/Src/stm32wlxx_hal_cryp.o
 .text.CRYP_AES_Decrypt
                0x000000000800372a      0x29c ./Drivers/STM32WLxx_HAL_Driver/Src/stm32wlxx_hal_cryp.o
 .text.CRYP_AES_ProcessData
                0x00000000080039c6      0x170 ./Drivers/STM32WLxx_HAL_Driver/Src/stm32wlxx_hal_cryp.o
 .text.CRYP_SetKey
                0x0000000008003b36       0xc4 ./Drivers/STM32WLxx_HAL_Driver/Src/stm32wlxx_hal_cryp.o
 .text.CRYP_AESGCM_Process
                0x0000000008003bfa      0x350 ./Drivers/STM32WLxx_HAL_Driver/Src/stm32wlxx_hal_cryp.o
 .text.CRYP_AESCCM_Process
                0x0000000008003f4a      0x35a ./Drivers/STM32WLxx_HAL_Driver/Src/stm32wlxx_hal_cryp.o
 .text.CRYP_GCMCCM_SetHeaderPhase
                0x00000000080042a4      0x3ac ./Drivers/STM32WLxx_HAL_Driver/Src/stm32wlxx_hal_cryp.o
 .text.CRYP_WaitOnCCFlag
                0x0000000008004650       0x4c ./Drivers/STM32WLxx_HAL_Driver/Src/stm32wlxx_hal_cryp.o
 .text.HAL_DMA_Init
                0x000000000800469c      0x150 ./Drivers/STM32WLxx_HAL_Driver/Src/stm32wlxx_hal_dma.o
                0x000000000800469c                HAL_DMA_Init
 .text.HAL_DMA_DeInit
                0x00000000080047ec      0x12c ./Drivers/STM32WLxx_HAL_Driver/Src/stm32wlxx_hal_dma.o
                0x00000000080047ec                HAL_DMA_DeInit
 .text.HAL_DMA_Start_IT
                0x0000000008004918       0xfc ./Drivers/STM32WLxx_HAL_Driver/Src/stm32wlxx_hal_dma.o
                0x0000000008004918                HAL_DMA_Start_IT
 .text.HAL_DMA_Abort
                0x0000000008004a14       0xbc ./Drivers/STM32WLxx_HAL_Driver/Src/stm32wlxx_hal_dma.o
                0x0000000008004a14                HAL_DMA_Abort
 .text.HAL_DMA_Abort_IT
                0x0000000008004ad0       0xbe ./Drivers/STM32WLxx_HAL_Driver/Src/stm32wlxx_hal_dma.o
                0x0000000008004ad0                HAL_DMA_Abort_IT
 *fill*         0x0000000008004b8e        0x2 
 .text.HAL_DMA_IRQHandler
                0x0000000008004b90      0x18c ./Drivers/STM32WLxx_HAL_Driver/Src/stm32wlxx_hal_dma.o
                0x0000000008004b90                HAL_DMA_IRQHandler
 .text.HAL_DMA_ConfigChannelAttributes
                0x0000000008004d1c       0x5e ./Drivers/STM32WLxx_HAL_Driver/Src/stm32wlxx_hal_dma.o
                0x0000000008004d1c                HAL_DMA_ConfigChannelAttributes
 .text.DMA_SetConfig
                0x0000000008004d7a       0x7a ./Drivers/STM32WLxx_HAL_Driver/Src/stm32wlxx_hal_dma.o
 .text.DMA_CalcDMAMUXChannelBaseAndMask
                0x0000000008004df4       0x90 ./Drivers/STM32WLxx_HAL_Driver/Src/stm32wlxx_hal_dma.o
 .text.DMA_CalcDMAMUXRequestGenBaseAndMask
                0x0000000008004e84       0x48 ./Drivers/STM32WLxx_HAL_Driver/Src/stm32wlxx_hal_dma.o
 .text.HAL_GPIO_Init
                0x0000000008004ecc      0x2c0 ./Drivers/STM32WLxx_HAL_Driver/Src/stm32wlxx_hal_gpio.o
                0x0000000008004ecc                HAL_GPIO_Init
 .text.HAL_GPIO_DeInit
                0x000000000800518c      0x19c ./Drivers/STM32WLxx_HAL_Driver/Src/stm32wlxx_hal_gpio.o
                0x000000000800518c                HAL_GPIO_DeInit
 .text.HAL_GPIO_WritePin
                0x0000000008005328       0x2e ./Drivers/STM32WLxx_HAL_Driver/Src/stm32wlxx_hal_gpio.o
                0x0000000008005328                HAL_GPIO_WritePin
 .text.HAL_GPIO_TogglePin
                0x0000000008005356       0x32 ./Drivers/STM32WLxx_HAL_Driver/Src/stm32wlxx_hal_gpio.o
                0x0000000008005356                HAL_GPIO_TogglePin
 .text.HAL_GPIO_EXTI_IRQHandler
                0x0000000008005388       0x30 ./Drivers/STM32WLxx_HAL_Driver/Src/stm32wlxx_hal_gpio.o
                0x0000000008005388                HAL_GPIO_EXTI_IRQHandler
 .text.HAL_PWR_EnableBkUpAccess
                0x00000000080053b8       0x1c ./Drivers/STM32WLxx_HAL_Driver/Src/stm32wlxx_hal_pwr.o
                0x00000000080053b8                HAL_PWR_EnableBkUpAccess
 .text.HAL_PWREx_GetVoltageRange
                0x00000000080053d4       0x18 ./Drivers/STM32WLxx_HAL_Driver/Src/stm32wlxx_hal_pwr_ex.o
                0x00000000080053d4                HAL_PWREx_GetVoltageRange
 .text.LL_PWR_IsEnabledBkUpAccess
                0x00000000080053ec       0x24 ./Drivers/STM32WLxx_HAL_Driver/Src/stm32wlxx_hal_rcc.o
 .text.LL_RCC_HSE_EnableTcxo
                0x0000000008005410       0x1c ./Drivers/STM32WLxx_HAL_Driver/Src/stm32wlxx_hal_rcc.o
 .text.LL_RCC_HSE_DisableTcxo
                0x000000000800542c       0x1c ./Drivers/STM32WLxx_HAL_Driver/Src/stm32wlxx_hal_rcc.o
 .text.LL_RCC_HSE_IsEnabledDiv2
                0x0000000008005448       0x22 ./Drivers/STM32WLxx_HAL_Driver/Src/stm32wlxx_hal_rcc.o
 .text.LL_RCC_HSE_Enable
                0x000000000800546a       0x1c ./Drivers/STM32WLxx_HAL_Driver/Src/stm32wlxx_hal_rcc.o
 .text.LL_RCC_HSE_Disable
                0x0000000008005486       0x1c ./Drivers/STM32WLxx_HAL_Driver/Src/stm32wlxx_hal_rcc.o
 .text.LL_RCC_HSE_IsReady
                0x00000000080054a2       0x22 ./Drivers/STM32WLxx_HAL_Driver/Src/stm32wlxx_hal_rcc.o
 .text.LL_RCC_HSI_Enable
                0x00000000080054c4       0x1c ./Drivers/STM32WLxx_HAL_Driver/Src/stm32wlxx_hal_rcc.o
 .text.LL_RCC_HSI_Disable
                0x00000000080054e0       0x1c ./Drivers/STM32WLxx_HAL_Driver/Src/stm32wlxx_hal_rcc.o
 .text.LL_RCC_HSI_IsReady
                0x00000000080054fc       0x22 ./Drivers/STM32WLxx_HAL_Driver/Src/stm32wlxx_hal_rcc.o
 .text.LL_RCC_HSI_SetCalibTrimming
                0x000000000800551e       0x28 ./Drivers/STM32WLxx_HAL_Driver/Src/stm32wlxx_hal_rcc.o
 .text.LL_RCC_LSE_IsReady
                0x0000000008005546       0x22 ./Drivers/STM32WLxx_HAL_Driver/Src/stm32wlxx_hal_rcc.o
 .text.LL_RCC_LSI_Enable
                0x0000000008005568       0x20 ./Drivers/STM32WLxx_HAL_Driver/Src/stm32wlxx_hal_rcc.o
 .text.LL_RCC_LSI_Disable
                0x0000000008005588       0x20 ./Drivers/STM32WLxx_HAL_Driver/Src/stm32wlxx_hal_rcc.o
 .text.LL_RCC_LSI_IsReady
                0x00000000080055a8       0x22 ./Drivers/STM32WLxx_HAL_Driver/Src/stm32wlxx_hal_rcc.o
 .text.LL_RCC_MSI_Enable
                0x00000000080055ca       0x1c ./Drivers/STM32WLxx_HAL_Driver/Src/stm32wlxx_hal_rcc.o
 .text.LL_RCC_MSI_Disable
                0x00000000080055e6       0x1c ./Drivers/STM32WLxx_HAL_Driver/Src/stm32wlxx_hal_rcc.o
 .text.LL_RCC_MSI_IsReady
                0x0000000008005602       0x20 ./Drivers/STM32WLxx_HAL_Driver/Src/stm32wlxx_hal_rcc.o
 .text.LL_RCC_MSI_IsEnabledRangeSelect
                0x0000000008005622       0x20 ./Drivers/STM32WLxx_HAL_Driver/Src/stm32wlxx_hal_rcc.o
 .text.LL_RCC_MSI_GetRange
                0x0000000008005642       0x16 ./Drivers/STM32WLxx_HAL_Driver/Src/stm32wlxx_hal_rcc.o
 .text.LL_RCC_MSI_GetRangeAfterStandby
                0x0000000008005658       0x18 ./Drivers/STM32WLxx_HAL_Driver/Src/stm32wlxx_hal_rcc.o
 .text.LL_RCC_MSI_SetCalibTrimming
                0x0000000008005670       0x28 ./Drivers/STM32WLxx_HAL_Driver/Src/stm32wlxx_hal_rcc.o
 .text.LL_RCC_SetSysClkSource
                0x0000000008005698       0x26 ./Drivers/STM32WLxx_HAL_Driver/Src/stm32wlxx_hal_rcc.o
 .text.LL_RCC_GetSysClkSource
                0x00000000080056be       0x16 ./Drivers/STM32WLxx_HAL_Driver/Src/stm32wlxx_hal_rcc.o
 .text.LL_RCC_SetAHBPrescaler
                0x00000000080056d4       0x26 ./Drivers/STM32WLxx_HAL_Driver/Src/stm32wlxx_hal_rcc.o
 .text.LL_C2_RCC_SetAHBPrescaler
                0x00000000080056fa       0x2a ./Drivers/STM32WLxx_HAL_Driver/Src/stm32wlxx_hal_rcc.o
 .text.LL_RCC_SetAHB3Prescaler
                0x0000000008005724       0x2c ./Drivers/STM32WLxx_HAL_Driver/Src/stm32wlxx_hal_rcc.o
 .text.LL_RCC_SetAPB1Prescaler
                0x0000000008005750       0x26 ./Drivers/STM32WLxx_HAL_Driver/Src/stm32wlxx_hal_rcc.o
 .text.LL_RCC_SetAPB2Prescaler
                0x0000000008005776       0x26 ./Drivers/STM32WLxx_HAL_Driver/Src/stm32wlxx_hal_rcc.o
 .text.LL_RCC_GetAHBPrescaler
                0x000000000800579c       0x16 ./Drivers/STM32WLxx_HAL_Driver/Src/stm32wlxx_hal_rcc.o
 .text.LL_RCC_GetAHB3Prescaler
                0x00000000080057b2       0x1a ./Drivers/STM32WLxx_HAL_Driver/Src/stm32wlxx_hal_rcc.o
 .text.LL_RCC_GetAPB1Prescaler
                0x00000000080057cc       0x16 ./Drivers/STM32WLxx_HAL_Driver/Src/stm32wlxx_hal_rcc.o
 .text.LL_RCC_GetAPB2Prescaler
                0x00000000080057e2       0x16 ./Drivers/STM32WLxx_HAL_Driver/Src/stm32wlxx_hal_rcc.o
 .text.LL_RCC_PLL_Enable
                0x00000000080057f8       0x1c ./Drivers/STM32WLxx_HAL_Driver/Src/stm32wlxx_hal_rcc.o
 .text.LL_RCC_PLL_Disable
                0x0000000008005814       0x1c ./Drivers/STM32WLxx_HAL_Driver/Src/stm32wlxx_hal_rcc.o
 .text.LL_RCC_PLL_IsReady
                0x0000000008005830       0x22 ./Drivers/STM32WLxx_HAL_Driver/Src/stm32wlxx_hal_rcc.o
 .text.LL_RCC_PLL_GetN
                0x0000000008005852       0x18 ./Drivers/STM32WLxx_HAL_Driver/Src/stm32wlxx_hal_rcc.o
 .text.LL_RCC_PLL_GetR
                0x000000000800586a       0x16 ./Drivers/STM32WLxx_HAL_Driver/Src/stm32wlxx_hal_rcc.o
 .text.LL_RCC_PLL_GetDivider
                0x0000000008005880       0x16 ./Drivers/STM32WLxx_HAL_Driver/Src/stm32wlxx_hal_rcc.o
 .text.LL_RCC_PLL_GetMainSource
                0x0000000008005896       0x16 ./Drivers/STM32WLxx_HAL_Driver/Src/stm32wlxx_hal_rcc.o
 .text.LL_RCC_IsActiveFlag_HPRE
                0x00000000080058ac       0x22 ./Drivers/STM32WLxx_HAL_Driver/Src/stm32wlxx_hal_rcc.o
 .text.LL_RCC_IsActiveFlag_C2HPRE
                0x00000000080058ce       0x24 ./Drivers/STM32WLxx_HAL_Driver/Src/stm32wlxx_hal_rcc.o
 .text.LL_RCC_IsActiveFlag_SHDHPRE
                0x00000000080058f2       0x24 ./Drivers/STM32WLxx_HAL_Driver/Src/stm32wlxx_hal_rcc.o
 .text.LL_RCC_IsActiveFlag_PPRE1
                0x0000000008005916       0x22 ./Drivers/STM32WLxx_HAL_Driver/Src/stm32wlxx_hal_rcc.o
 .text.LL_RCC_IsActiveFlag_PPRE2
                0x0000000008005938       0x22 ./Drivers/STM32WLxx_HAL_Driver/Src/stm32wlxx_hal_rcc.o
 *fill*         0x000000000800595a        0x2 
 .text.HAL_RCC_OscConfig
                0x000000000800595c      0x704 ./Drivers/STM32WLxx_HAL_Driver/Src/stm32wlxx_hal_rcc.o
                0x000000000800595c                HAL_RCC_OscConfig
 .text.HAL_RCC_ClockConfig
                0x0000000008006060      0x284 ./Drivers/STM32WLxx_HAL_Driver/Src/stm32wlxx_hal_rcc.o
                0x0000000008006060                HAL_RCC_ClockConfig
 .text.HAL_RCC_GetSysClockFreq
                0x00000000080062e4      0x140 ./Drivers/STM32WLxx_HAL_Driver/Src/stm32wlxx_hal_rcc.o
                0x00000000080062e4                HAL_RCC_GetSysClockFreq
 .text.HAL_RCC_GetHCLKFreq
                0x0000000008006424       0x28 ./Drivers/STM32WLxx_HAL_Driver/Src/stm32wlxx_hal_rcc.o
                0x0000000008006424                HAL_RCC_GetHCLKFreq
 .text.HAL_RCC_GetPCLK1Freq
                0x000000000800644c       0x24 ./Drivers/STM32WLxx_HAL_Driver/Src/stm32wlxx_hal_rcc.o
                0x000000000800644c                HAL_RCC_GetPCLK1Freq
 .text.HAL_RCC_GetPCLK2Freq
                0x0000000008006470       0x24 ./Drivers/STM32WLxx_HAL_Driver/Src/stm32wlxx_hal_rcc.o
                0x0000000008006470                HAL_RCC_GetPCLK2Freq
 .text.HAL_RCC_GetClockConfig
                0x0000000008006494       0x90 ./Drivers/STM32WLxx_HAL_Driver/Src/stm32wlxx_hal_rcc.o
                0x0000000008006494                HAL_RCC_GetClockConfig
 .text.RCC_SetFlashLatencyFromMSIRange
                0x0000000008006524       0x60 ./Drivers/STM32WLxx_HAL_Driver/Src/stm32wlxx_hal_rcc.o
 .text.RCC_SetFlashLatency
                0x0000000008006584      0x104 ./Drivers/STM32WLxx_HAL_Driver/Src/stm32wlxx_hal_rcc.o
 .text.LL_RCC_LSE_IsReady
                0x0000000008006688       0x22 ./Drivers/STM32WLxx_HAL_Driver/Src/stm32wlxx_hal_rcc_ex.o
 .text.LL_RCC_SetUSARTClockSource
                0x00000000080066aa       0x30 ./Drivers/STM32WLxx_HAL_Driver/Src/stm32wlxx_hal_rcc_ex.o
 .text.LL_RCC_SetI2SClockSource
                0x00000000080066da       0x2a ./Drivers/STM32WLxx_HAL_Driver/Src/stm32wlxx_hal_rcc_ex.o
 .text.LL_RCC_SetLPUARTClockSource
                0x0000000008006704       0x2a ./Drivers/STM32WLxx_HAL_Driver/Src/stm32wlxx_hal_rcc_ex.o
 .text.LL_RCC_SetI2CClockSource
                0x000000000800672e       0x38 ./Drivers/STM32WLxx_HAL_Driver/Src/stm32wlxx_hal_rcc_ex.o
 .text.LL_RCC_SetLPTIMClockSource
                0x0000000008006766       0x32 ./Drivers/STM32WLxx_HAL_Driver/Src/stm32wlxx_hal_rcc_ex.o
 .text.LL_RCC_SetRNGClockSource
                0x0000000008006798       0x2a ./Drivers/STM32WLxx_HAL_Driver/Src/stm32wlxx_hal_rcc_ex.o
 .text.LL_RCC_SetADCClockSource
                0x00000000080067c2       0x2a ./Drivers/STM32WLxx_HAL_Driver/Src/stm32wlxx_hal_rcc_ex.o
 .text.LL_RCC_SetRTCClockSource
                0x00000000080067ec       0x2a ./Drivers/STM32WLxx_HAL_Driver/Src/stm32wlxx_hal_rcc_ex.o
 .text.LL_RCC_GetRTCClockSource
                0x0000000008006816       0x18 ./Drivers/STM32WLxx_HAL_Driver/Src/stm32wlxx_hal_rcc_ex.o
 .text.LL_RCC_ForceBackupDomainReset
                0x000000000800682e       0x20 ./Drivers/STM32WLxx_HAL_Driver/Src/stm32wlxx_hal_rcc_ex.o
 .text.LL_RCC_ReleaseBackupDomainReset
                0x000000000800684e       0x20 ./Drivers/STM32WLxx_HAL_Driver/Src/stm32wlxx_hal_rcc_ex.o
 *fill*         0x000000000800686e        0x2 
 .text.HAL_RCCEx_PeriphCLKConfig
                0x0000000008006870      0x234 ./Drivers/STM32WLxx_HAL_Driver/Src/stm32wlxx_hal_rcc_ex.o
                0x0000000008006870                HAL_RCCEx_PeriphCLKConfig
 .text.LL_PWR_SetRadioBusyTrigger
                0x0000000008006aa4       0x28 ./Drivers/STM32WLxx_HAL_Driver/Src/stm32wlxx_hal_subghz.o
 .text.LL_PWR_UnselectSUBGHZSPI_NSS
                0x0000000008006acc       0x20 ./Drivers/STM32WLxx_HAL_Driver/Src/stm32wlxx_hal_subghz.o
 .text.LL_PWR_SelectSUBGHZSPI_NSS
                0x0000000008006aec       0x20 ./Drivers/STM32WLxx_HAL_Driver/Src/stm32wlxx_hal_subghz.o
 .text.LL_PWR_ClearFlag_RFBUSY
                0x0000000008006b0c       0x18 ./Drivers/STM32WLxx_HAL_Driver/Src/stm32wlxx_hal_subghz.o
 .text.LL_PWR_IsActiveFlag_RFBUSYS
                0x0000000008006b24       0x24 ./Drivers/STM32WLxx_HAL_Driver/Src/stm32wlxx_hal_subghz.o
 .text.LL_PWR_IsActiveFlag_RFBUSYMS
                0x0000000008006b48       0x24 ./Drivers/STM32WLxx_HAL_Driver/Src/stm32wlxx_hal_subghz.o
 .text.LL_RCC_RF_DisableReset
                0x0000000008006b6c       0x20 ./Drivers/STM32WLxx_HAL_Driver/Src/stm32wlxx_hal_subghz.o
 .text.LL_RCC_IsRFUnderReset
                0x0000000008006b8c       0x24 ./Drivers/STM32WLxx_HAL_Driver/Src/stm32wlxx_hal_subghz.o
 .text.LL_EXTI_EnableIT_32_63
                0x0000000008006bb0       0x28 ./Drivers/STM32WLxx_HAL_Driver/Src/stm32wlxx_hal_subghz.o
 .text.HAL_SUBGHZ_Init
                0x0000000008006bd8       0xc8 ./Drivers/STM32WLxx_HAL_Driver/Src/stm32wlxx_hal_subghz.o
                0x0000000008006bd8                HAL_SUBGHZ_Init
 .text.HAL_SUBGHZ_WriteRegisters
                0x0000000008006ca0       0xbe ./Drivers/STM32WLxx_HAL_Driver/Src/stm32wlxx_hal_subghz.o
                0x0000000008006ca0                HAL_SUBGHZ_WriteRegisters
 .text.HAL_SUBGHZ_ReadRegisters
                0x0000000008006d5e       0xc2 ./Drivers/STM32WLxx_HAL_Driver/Src/stm32wlxx_hal_subghz.o
                0x0000000008006d5e                HAL_SUBGHZ_ReadRegisters
 .text.HAL_SUBGHZ_ExecSetCmd
                0x0000000008006e20       0xbe ./Drivers/STM32WLxx_HAL_Driver/Src/stm32wlxx_hal_subghz.o
                0x0000000008006e20                HAL_SUBGHZ_ExecSetCmd
 .text.HAL_SUBGHZ_ExecGetCmd
                0x0000000008006ede       0xa8 ./Drivers/STM32WLxx_HAL_Driver/Src/stm32wlxx_hal_subghz.o
                0x0000000008006ede                HAL_SUBGHZ_ExecGetCmd
 .text.HAL_SUBGHZ_WriteBuffer
                0x0000000008006f86       0xa6 ./Drivers/STM32WLxx_HAL_Driver/Src/stm32wlxx_hal_subghz.o
                0x0000000008006f86                HAL_SUBGHZ_WriteBuffer
 .text.HAL_SUBGHZ_ReadBuffer
                0x000000000800702c       0xb0 ./Drivers/STM32WLxx_HAL_Driver/Src/stm32wlxx_hal_subghz.o
                0x000000000800702c                HAL_SUBGHZ_ReadBuffer
 .text.HAL_SUBGHZ_IRQHandler
                0x00000000080070dc      0x10e ./Drivers/STM32WLxx_HAL_Driver/Src/stm32wlxx_hal_subghz.o
                0x00000000080070dc                HAL_SUBGHZ_IRQHandler
 *fill*         0x00000000080071ea        0x2 
 .text.SUBGHZSPI_Init
                0x00000000080071ec       0x40 ./Drivers/STM32WLxx_HAL_Driver/Src/stm32wlxx_hal_subghz.o
                0x00000000080071ec                SUBGHZSPI_Init
 .text.SUBGHZSPI_Transmit
                0x000000000800722c       0xac ./Drivers/STM32WLxx_HAL_Driver/Src/stm32wlxx_hal_subghz.o
                0x000000000800722c                SUBGHZSPI_Transmit
 .text.SUBGHZSPI_Receive
                0x00000000080072d8       0xb0 ./Drivers/STM32WLxx_HAL_Driver/Src/stm32wlxx_hal_subghz.o
                0x00000000080072d8                SUBGHZSPI_Receive
 .text.SUBGHZ_CheckDeviceReady
                0x0000000008007388       0x48 ./Drivers/STM32WLxx_HAL_Driver/Src/stm32wlxx_hal_subghz.o
                0x0000000008007388                SUBGHZ_CheckDeviceReady
 .text.SUBGHZ_WaitOnBusy
                0x00000000080073d0       0x5c ./Drivers/STM32WLxx_HAL_Driver/Src/stm32wlxx_hal_subghz.o
                0x00000000080073d0                SUBGHZ_WaitOnBusy
 .text.HAL_TIM_Base_Init
                0x000000000800742c       0xae ./Drivers/STM32WLxx_HAL_Driver/Src/stm32wlxx_hal_tim.o
                0x000000000800742c                HAL_TIM_Base_Init
 .text.HAL_TIM_Base_MspInit
                0x00000000080074da       0x12 ./Drivers/STM32WLxx_HAL_Driver/Src/stm32wlxx_hal_tim.o
                0x00000000080074da                HAL_TIM_Base_MspInit
 .text.HAL_TIM_Base_Start_IT
                0x00000000080074ec       0x98 ./Drivers/STM32WLxx_HAL_Driver/Src/stm32wlxx_hal_tim.o
                0x00000000080074ec                HAL_TIM_Base_Start_IT
 .text.HAL_TIM_IRQHandler
                0x0000000008007584      0x23e ./Drivers/STM32WLxx_HAL_Driver/Src/stm32wlxx_hal_tim.o
                0x0000000008007584                HAL_TIM_IRQHandler
 .text.HAL_TIM_OC_DelayElapsedCallback
                0x00000000080077c2       0x12 ./Drivers/STM32WLxx_HAL_Driver/Src/stm32wlxx_hal_tim.o
                0x00000000080077c2                HAL_TIM_OC_DelayElapsedCallback
 .text.HAL_TIM_IC_CaptureCallback
                0x00000000080077d4       0x12 ./Drivers/STM32WLxx_HAL_Driver/Src/stm32wlxx_hal_tim.o
                0x00000000080077d4                HAL_TIM_IC_CaptureCallback
 .text.HAL_TIM_PWM_PulseFinishedCallback
                0x00000000080077e6       0x12 ./Drivers/STM32WLxx_HAL_Driver/Src/stm32wlxx_hal_tim.o
                0x00000000080077e6                HAL_TIM_PWM_PulseFinishedCallback
 .text.HAL_TIM_TriggerCallback
                0x00000000080077f8       0x12 ./Drivers/STM32WLxx_HAL_Driver/Src/stm32wlxx_hal_tim.o
                0x00000000080077f8                HAL_TIM_TriggerCallback
 *fill*         0x000000000800780a        0x2 
 .text.TIM_Base_SetConfig
                0x000000000800780c       0xc4 ./Drivers/STM32WLxx_HAL_Driver/Src/stm32wlxx_hal_tim.o
                0x000000000800780c                TIM_Base_SetConfig
 .text.HAL_TIMEx_CommutCallback
                0x00000000080078d0       0x12 ./Drivers/STM32WLxx_HAL_Driver/Src/stm32wlxx_hal_tim_ex.o
                0x00000000080078d0                HAL_TIMEx_CommutCallback
 .text.HAL_TIMEx_BreakCallback
                0x00000000080078e2       0x12 ./Drivers/STM32WLxx_HAL_Driver/Src/stm32wlxx_hal_tim_ex.o
                0x00000000080078e2                HAL_TIMEx_BreakCallback
 .text.HAL_TIMEx_Break2Callback
                0x00000000080078f4       0x12 ./Drivers/STM32WLxx_HAL_Driver/Src/stm32wlxx_hal_tim_ex.o
                0x00000000080078f4                HAL_TIMEx_Break2Callback
 .text.LL_RCC_GetUSARTClockSource
                0x0000000008007906       0x24 ./Drivers/STM32WLxx_HAL_Driver/Src/stm32wlxx_hal_uart.o
 .text.LL_RCC_GetLPUARTClockSource
                0x000000000800792a       0x1e ./Drivers/STM32WLxx_HAL_Driver/Src/stm32wlxx_hal_uart.o
 .text.HAL_UART_Init
                0x0000000008007948       0xa0 ./Drivers/STM32WLxx_HAL_Driver/Src/stm32wlxx_hal_uart.o
                0x0000000008007948                HAL_UART_Init
 .text.HAL_UART_DeInit
                0x00000000080079e8       0x7e ./Drivers/STM32WLxx_HAL_Driver/Src/stm32wlxx_hal_uart.o
                0x00000000080079e8                HAL_UART_DeInit
 .text.HAL_UART_Transmit
                0x0000000008007a66      0x10c ./Drivers/STM32WLxx_HAL_Driver/Src/stm32wlxx_hal_uart.o
                0x0000000008007a66                HAL_UART_Transmit
 *fill*         0x0000000008007b72        0x2 
 .text.HAL_UART_Abort_IT
                0x0000000008007b74      0x278 ./Drivers/STM32WLxx_HAL_Driver/Src/stm32wlxx_hal_uart.o
                0x0000000008007b74                HAL_UART_Abort_IT
 .text.HAL_UART_IRQHandler
                0x0000000008007dec      0x648 ./Drivers/STM32WLxx_HAL_Driver/Src/stm32wlxx_hal_uart.o
                0x0000000008007dec                HAL_UART_IRQHandler
 .text.HAL_UART_TxCpltCallback
                0x0000000008008434       0x12 ./Drivers/STM32WLxx_HAL_Driver/Src/stm32wlxx_hal_uart.o
                0x0000000008008434                HAL_UART_TxCpltCallback
 .text.HAL_UART_RxCpltCallback
                0x0000000008008446       0x12 ./Drivers/STM32WLxx_HAL_Driver/Src/stm32wlxx_hal_uart.o
                0x0000000008008446                HAL_UART_RxCpltCallback
 .text.HAL_UART_RxHalfCpltCallback
                0x0000000008008458       0x12 ./Drivers/STM32WLxx_HAL_Driver/Src/stm32wlxx_hal_uart.o
                0x0000000008008458                HAL_UART_RxHalfCpltCallback
 .text.HAL_UART_ErrorCallback
                0x000000000800846a       0x12 ./Drivers/STM32WLxx_HAL_Driver/Src/stm32wlxx_hal_uart.o
                0x000000000800846a                HAL_UART_ErrorCallback
 .text.HAL_UART_AbortCpltCallback
                0x000000000800847c       0x12 ./Drivers/STM32WLxx_HAL_Driver/Src/stm32wlxx_hal_uart.o
                0x000000000800847c                HAL_UART_AbortCpltCallback
 *fill*         0x000000000800848e        0x2 
 .text.UART_SetConfig
                0x0000000008008490      0x4e8 ./Drivers/STM32WLxx_HAL_Driver/Src/stm32wlxx_hal_uart.o
                0x0000000008008490                UART_SetConfig
 .text.UART_AdvFeatureConfig
                0x0000000008008978      0x142 ./Drivers/STM32WLxx_HAL_Driver/Src/stm32wlxx_hal_uart.o
                0x0000000008008978                UART_AdvFeatureConfig
 .text.UART_CheckIdleState
                0x0000000008008aba       0x9c ./Drivers/STM32WLxx_HAL_Driver/Src/stm32wlxx_hal_uart.o
                0x0000000008008aba                UART_CheckIdleState
 .text.UART_WaitOnFlagUntilTimeout
                0x0000000008008b56      0x190 ./Drivers/STM32WLxx_HAL_Driver/Src/stm32wlxx_hal_uart.o
                0x0000000008008b56                UART_WaitOnFlagUntilTimeout
 *fill*         0x0000000008008ce6        0x2 
 .text.UART_Start_Receive_DMA
                0x0000000008008ce8      0x14c ./Drivers/STM32WLxx_HAL_Driver/Src/stm32wlxx_hal_uart.o
                0x0000000008008ce8                UART_Start_Receive_DMA
 .text.UART_EndTxTransfer
                0x0000000008008e34       0x80 ./Drivers/STM32WLxx_HAL_Driver/Src/stm32wlxx_hal_uart.o
 .text.UART_EndRxTransfer
                0x0000000008008eb4       0xca ./Drivers/STM32WLxx_HAL_Driver/Src/stm32wlxx_hal_uart.o
 .text.UART_DMAReceiveCplt
                0x0000000008008f7e      0x12c ./Drivers/STM32WLxx_HAL_Driver/Src/stm32wlxx_hal_uart.o
 .text.UART_DMARxHalfCplt
                0x00000000080090aa       0x3e ./Drivers/STM32WLxx_HAL_Driver/Src/stm32wlxx_hal_uart.o
 .text.UART_DMAError
                0x00000000080090e8       0x80 ./Drivers/STM32WLxx_HAL_Driver/Src/stm32wlxx_hal_uart.o
 .text.UART_DMAAbortOnError
                0x0000000008009168       0x2c ./Drivers/STM32WLxx_HAL_Driver/Src/stm32wlxx_hal_uart.o
 .text.UART_DMATxAbortCallback
                0x0000000008009194       0x8c ./Drivers/STM32WLxx_HAL_Driver/Src/stm32wlxx_hal_uart.o
 .text.UART_DMARxAbortCallback
                0x0000000008009220       0x80 ./Drivers/STM32WLxx_HAL_Driver/Src/stm32wlxx_hal_uart.o
 .text.UART_EndTransmit_IT
                0x00000000080092a0       0x56 ./Drivers/STM32WLxx_HAL_Driver/Src/stm32wlxx_hal_uart.o
 .text.HAL_UARTEx_WakeupCallback
                0x00000000080092f6       0x12 ./Drivers/STM32WLxx_HAL_Driver/Src/stm32wlxx_hal_uart_ex.o
                0x00000000080092f6                HAL_UARTEx_WakeupCallback
 .text.HAL_UARTEx_RxFifoFullCallback
                0x0000000008009308       0x12 ./Drivers/STM32WLxx_HAL_Driver/Src/stm32wlxx_hal_uart_ex.o
                0x0000000008009308                HAL_UARTEx_RxFifoFullCallback
 .text.HAL_UARTEx_TxFifoEmptyCallback
                0x000000000800931a       0x12 ./Drivers/STM32WLxx_HAL_Driver/Src/stm32wlxx_hal_uart_ex.o
                0x000000000800931a                HAL_UARTEx_TxFifoEmptyCallback
 .text.HAL_UARTEx_DisableFifoMode
                0x000000000800932c       0x70 ./Drivers/STM32WLxx_HAL_Driver/Src/stm32wlxx_hal_uart_ex.o
                0x000000000800932c                HAL_UARTEx_DisableFifoMode
 .text.HAL_UARTEx_SetTxFifoThreshold
                0x000000000800939c       0x7c ./Drivers/STM32WLxx_HAL_Driver/Src/stm32wlxx_hal_uart_ex.o
                0x000000000800939c                HAL_UARTEx_SetTxFifoThreshold
 .text.HAL_UARTEx_SetRxFifoThreshold
                0x0000000008009418       0x7c ./Drivers/STM32WLxx_HAL_Driver/Src/stm32wlxx_hal_uart_ex.o
                0x0000000008009418                HAL_UARTEx_SetRxFifoThreshold
 .text.HAL_UARTEx_ReceiveToIdle_DMA
                0x0000000008009494       0xa8 ./Drivers/STM32WLxx_HAL_Driver/Src/stm32wlxx_hal_uart_ex.o
                0x0000000008009494                HAL_UARTEx_ReceiveToIdle_DMA
 .text.UARTEx_SetNbDataToProcess
                0x000000000800953c       0x98 ./Drivers/STM32WLxx_HAL_Driver/Src/stm32wlxx_hal_uart_ex.o
 .text.UTIL_MEM_set_8
                0x00000000080095d4       0x36 ./Ultilities/misc/stm32_mem.o
                0x00000000080095d4                UTIL_MEM_set_8
 *fill*         0x000000000800960a        0x2 
 .text.__errno  0x000000000800960c        0xc c:/st/stm32cubeide_1.11.0/stm32cubeide/plugins/com.st.stm32cube.ide.mcu.externaltools.gnu-tools-for-stm32.10.3-2021.10.win32_1.0.100.202210260954/tools/bin/../lib/gcc/arm-none-eabi/10.3.1/../../../../arm-none-eabi/lib/thumb/v7e-m/nofp\libc_nano.a(lib_a-errno.o)
                0x000000000800960c                __errno
 .text.__libc_init_array
                0x0000000008009618       0x48 c:/st/stm32cubeide_1.11.0/stm32cubeide/plugins/com.st.stm32cube.ide.mcu.externaltools.gnu-tools-for-stm32.10.3-2021.10.win32_1.0.100.202210260954/tools/bin/../lib/gcc/arm-none-eabi/10.3.1/../../../../arm-none-eabi/lib/thumb/v7e-m/nofp\libc_nano.a(lib_a-init.o)
                0x0000000008009618                __libc_init_array
 .text.memcpy   0x0000000008009660       0x1c c:/st/stm32cubeide_1.11.0/stm32cubeide/plugins/com.st.stm32cube.ide.mcu.externaltools.gnu-tools-for-stm32.10.3-2021.10.win32_1.0.100.202210260954/tools/bin/../lib/gcc/arm-none-eabi/10.3.1/../../../../arm-none-eabi/lib/thumb/v7e-m/nofp\libc_nano.a(lib_a-memcpy-stub.o)
                0x0000000008009660                memcpy
 .text.memset   0x000000000800967c       0x10 c:/st/stm32cubeide_1.11.0/stm32cubeide/plugins/com.st.stm32cube.ide.mcu.externaltools.gnu-tools-for-stm32.10.3-2021.10.win32_1.0.100.202210260954/tools/bin/../lib/gcc/arm-none-eabi/10.3.1/../../../../arm-none-eabi/lib/thumb/v7e-m/nofp\libc_nano.a(lib_a-memset.o)
                0x000000000800967c                memset
 .text.printf   0x000000000800968c       0x30 c:/st/stm32cubeide_1.11.0/stm32cubeide/plugins/com.st.stm32cube.ide.mcu.externaltools.gnu-tools-for-stm32.10.3-2021.10.win32_1.0.100.202210260954/tools/bin/../lib/gcc/arm-none-eabi/10.3.1/../../../../arm-none-eabi/lib/thumb/v7e-m/nofp\libc_nano.a(lib_a-printf.o)
                0x000000000800968c                iprintf
                0x000000000800968c                printf
 .text._puts_r  0x00000000080096bc       0xdc c:/st/stm32cubeide_1.11.0/stm32cubeide/plugins/com.st.stm32cube.ide.mcu.externaltools.gnu-tools-for-stm32.10.3-2021.10.win32_1.0.100.202210260954/tools/bin/../lib/gcc/arm-none-eabi/10.3.1/../../../../arm-none-eabi/lib/thumb/v7e-m/nofp\libc_nano.a(lib_a-puts.o)
                0x00000000080096bc                _puts_r
 .text.puts     0x0000000008009798       0x10 c:/st/stm32cubeide_1.11.0/stm32cubeide/plugins/com.st.stm32cube.ide.mcu.externaltools.gnu-tools-for-stm32.10.3-2021.10.win32_1.0.100.202210260954/tools/bin/../lib/gcc/arm-none-eabi/10.3.1/../../../../arm-none-eabi/lib/thumb/v7e-m/nofp\libc_nano.a(lib_a-puts.o)
                0x0000000008009798                puts
 .text.sprintf  0x00000000080097a8       0x40 c:/st/stm32cubeide_1.11.0/stm32cubeide/plugins/com.st.stm32cube.ide.mcu.externaltools.gnu-tools-for-stm32.10.3-2021.10.win32_1.0.100.202210260954/tools/bin/../lib/gcc/arm-none-eabi/10.3.1/../../../../arm-none-eabi/lib/thumb/v7e-m/nofp\libc_nano.a(lib_a-sprintf.o)
                0x00000000080097a8                siprintf
                0x00000000080097a8                sprintf
 .text.strcat   0x00000000080097e8       0x1e c:/st/stm32cubeide_1.11.0/stm32cubeide/plugins/com.st.stm32cube.ide.mcu.externaltools.gnu-tools-for-stm32.10.3-2021.10.win32_1.0.100.202210260954/tools/bin/../lib/gcc/arm-none-eabi/10.3.1/../../../../arm-none-eabi/lib/thumb/v7e-m/nofp\libc_nano.a(lib_a-strcat.o)
                0x00000000080097e8                strcat
 .text.strncmp  0x0000000008009806       0x28 c:/st/stm32cubeide_1.11.0/stm32cubeide/plugins/com.st.stm32cube.ide.mcu.externaltools.gnu-tools-for-stm32.10.3-2021.10.win32_1.0.100.202210260954/tools/bin/../lib/gcc/arm-none-eabi/10.3.1/../../../../arm-none-eabi/lib/thumb/v7e-m/nofp\libc_nano.a(lib_a-strncmp.o)
                0x0000000008009806                strncmp
 *fill*         0x000000000800982e        0x2 
 .text.__swbuf_r
                0x0000000008009830       0xa4 c:/st/stm32cubeide_1.11.0/stm32cubeide/plugins/com.st.stm32cube.ide.mcu.externaltools.gnu-tools-for-stm32.10.3-2021.10.win32_1.0.100.202210260954/tools/bin/../lib/gcc/arm-none-eabi/10.3.1/../../../../arm-none-eabi/lib/thumb/v7e-m/nofp\libc_nano.a(lib_a-wbuf.o)
                0x0000000008009830                __swbuf_r
 .text.__swsetup_r
                0x00000000080098d4       0xdc c:/st/stm32cubeide_1.11.0/stm32cubeide/plugins/com.st.stm32cube.ide.mcu.externaltools.gnu-tools-for-stm32.10.3-2021.10.win32_1.0.100.202210260954/tools/bin/../lib/gcc/arm-none-eabi/10.3.1/../../../../arm-none-eabi/lib/thumb/v7e-m/nofp\libc_nano.a(lib_a-wsetup.o)
                0x00000000080098d4                __swsetup_r
 .text.__sflush_r
                0x00000000080099b0      0x104 c:/st/stm32cubeide_1.11.0/stm32cubeide/plugins/com.st.stm32cube.ide.mcu.externaltools.gnu-tools-for-stm32.10.3-2021.10.win32_1.0.100.202210260954/tools/bin/../lib/gcc/arm-none-eabi/10.3.1/../../../../arm-none-eabi/lib/thumb/v7e-m/nofp\libc_nano.a(lib_a-fflush.o)
                0x00000000080099b0                __sflush_r
 .text._fflush_r
                0x0000000008009ab4       0x78 c:/st/stm32cubeide_1.11.0/stm32cubeide/plugins/com.st.stm32cube.ide.mcu.externaltools.gnu-tools-for-stm32.10.3-2021.10.win32_1.0.100.202210260954/tools/bin/../lib/gcc/arm-none-eabi/10.3.1/../../../../arm-none-eabi/lib/thumb/v7e-m/nofp\libc_nano.a(lib_a-fflush.o)
                0x0000000008009ab4                _fflush_r
 .text.std      0x0000000008009b2c       0x48 c:/st/stm32cubeide_1.11.0/stm32cubeide/plugins/com.st.stm32cube.ide.mcu.externaltools.gnu-tools-for-stm32.10.3-2021.10.win32_1.0.100.202210260954/tools/bin/../lib/gcc/arm-none-eabi/10.3.1/../../../../arm-none-eabi/lib/thumb/v7e-m/nofp\libc_nano.a(lib_a-findfp.o)
 .text._cleanup_r
                0x0000000008009b74        0xc c:/st/stm32cubeide_1.11.0/stm32cubeide/plugins/com.st.stm32cube.ide.mcu.externaltools.gnu-tools-for-stm32.10.3-2021.10.win32_1.0.100.202210260954/tools/bin/../lib/gcc/arm-none-eabi/10.3.1/../../../../arm-none-eabi/lib/thumb/v7e-m/nofp\libc_nano.a(lib_a-findfp.o)
                0x0000000008009b74                _cleanup_r
 .text.__sfmoreglue
                0x0000000008009b80       0x2c c:/st/stm32cubeide_1.11.0/stm32cubeide/plugins/com.st.stm32cube.ide.mcu.externaltools.gnu-tools-for-stm32.10.3-2021.10.win32_1.0.100.202210260954/tools/bin/../lib/gcc/arm-none-eabi/10.3.1/../../../../arm-none-eabi/lib/thumb/v7e-m/nofp\libc_nano.a(lib_a-findfp.o)
                0x0000000008009b80                __sfmoreglue
 .text.__sfp_lock_acquire
                0x0000000008009bac        0xc c:/st/stm32cubeide_1.11.0/stm32cubeide/plugins/com.st.stm32cube.ide.mcu.externaltools.gnu-tools-for-stm32.10.3-2021.10.win32_1.0.100.202210260954/tools/bin/../lib/gcc/arm-none-eabi/10.3.1/../../../../arm-none-eabi/lib/thumb/v7e-m/nofp\libc_nano.a(lib_a-findfp.o)
                0x0000000008009bac                __sfp_lock_acquire
 .text.__sfp_lock_release
                0x0000000008009bb8        0xc c:/st/stm32cubeide_1.11.0/stm32cubeide/plugins/com.st.stm32cube.ide.mcu.externaltools.gnu-tools-for-stm32.10.3-2021.10.win32_1.0.100.202210260954/tools/bin/../lib/gcc/arm-none-eabi/10.3.1/../../../../arm-none-eabi/lib/thumb/v7e-m/nofp\libc_nano.a(lib_a-findfp.o)
                0x0000000008009bb8                __sfp_lock_release
 .text.__sinit_lock_acquire
                0x0000000008009bc4        0xc c:/st/stm32cubeide_1.11.0/stm32cubeide/plugins/com.st.stm32cube.ide.mcu.externaltools.gnu-tools-for-stm32.10.3-2021.10.win32_1.0.100.202210260954/tools/bin/../lib/gcc/arm-none-eabi/10.3.1/../../../../arm-none-eabi/lib/thumb/v7e-m/nofp\libc_nano.a(lib_a-findfp.o)
                0x0000000008009bc4                __sinit_lock_acquire
 .text.__sinit_lock_release
                0x0000000008009bd0        0xc c:/st/stm32cubeide_1.11.0/stm32cubeide/plugins/com.st.stm32cube.ide.mcu.externaltools.gnu-tools-for-stm32.10.3-2021.10.win32_1.0.100.202210260954/tools/bin/../lib/gcc/arm-none-eabi/10.3.1/../../../../arm-none-eabi/lib/thumb/v7e-m/nofp\libc_nano.a(lib_a-findfp.o)
                0x0000000008009bd0                __sinit_lock_release
 .text.__sinit  0x0000000008009bdc       0x70 c:/st/stm32cubeide_1.11.0/stm32cubeide/plugins/com.st.stm32cube.ide.mcu.externaltools.gnu-tools-for-stm32.10.3-2021.10.win32_1.0.100.202210260954/tools/bin/../lib/gcc/arm-none-eabi/10.3.1/../../../../arm-none-eabi/lib/thumb/v7e-m/nofp\libc_nano.a(lib_a-findfp.o)
                0x0000000008009bdc                __sinit
 .text.__sfp    0x0000000008009c4c       0x8c c:/st/stm32cubeide_1.11.0/stm32cubeide/plugins/com.st.stm32cube.ide.mcu.externaltools.gnu-tools-for-stm32.10.3-2021.10.win32_1.0.100.202210260954/tools/bin/../lib/gcc/arm-none-eabi/10.3.1/../../../../arm-none-eabi/lib/thumb/v7e-m/nofp\libc_nano.a(lib_a-findfp.o)
                0x0000000008009c4c                __sfp
 .text._fwalk_reent
                0x0000000008009cd8       0x3e c:/st/stm32cubeide_1.11.0/stm32cubeide/plugins/com.st.stm32cube.ide.mcu.externaltools.gnu-tools-for-stm32.10.3-2021.10.win32_1.0.100.202210260954/tools/bin/../lib/gcc/arm-none-eabi/10.3.1/../../../../arm-none-eabi/lib/thumb/v7e-m/nofp\libc_nano.a(lib_a-fwalk.o)
                0x0000000008009cd8                _fwalk_reent
 .text.__retarget_lock_init_recursive
                0x0000000008009d16        0x2 c:/st/stm32cubeide_1.11.0/stm32cubeide/plugins/com.st.stm32cube.ide.mcu.externaltools.gnu-tools-for-stm32.10.3-2021.10.win32_1.0.100.202210260954/tools/bin/../lib/gcc/arm-none-eabi/10.3.1/../../../../arm-none-eabi/lib/thumb/v7e-m/nofp\libc_nano.a(lib_a-lock.o)
                0x0000000008009d16                __retarget_lock_init_recursive
 .text.__retarget_lock_acquire_recursive
                0x0000000008009d18        0x2 c:/st/stm32cubeide_1.11.0/stm32cubeide/plugins/com.st.stm32cube.ide.mcu.externaltools.gnu-tools-for-stm32.10.3-2021.10.win32_1.0.100.202210260954/tools/bin/../lib/gcc/arm-none-eabi/10.3.1/../../../../arm-none-eabi/lib/thumb/v7e-m/nofp\libc_nano.a(lib_a-lock.o)
                0x0000000008009d18                __retarget_lock_acquire_recursive
 .text.__retarget_lock_release_recursive
                0x0000000008009d1a        0x2 c:/st/stm32cubeide_1.11.0/stm32cubeide/plugins/com.st.stm32cube.ide.mcu.externaltools.gnu-tools-for-stm32.10.3-2021.10.win32_1.0.100.202210260954/tools/bin/../lib/gcc/arm-none-eabi/10.3.1/../../../../arm-none-eabi/lib/thumb/v7e-m/nofp\libc_nano.a(lib_a-lock.o)
                0x0000000008009d1a                __retarget_lock_release_recursive
 .text.__swhatbuf_r
                0x0000000008009d1c       0x4a c:/st/stm32cubeide_1.11.0/stm32cubeide/plugins/com.st.stm32cube.ide.mcu.externaltools.gnu-tools-for-stm32.10.3-2021.10.win32_1.0.100.202210260954/tools/bin/../lib/gcc/arm-none-eabi/10.3.1/../../../../arm-none-eabi/lib/thumb/v7e-m/nofp\libc_nano.a(lib_a-makebuf.o)
                0x0000000008009d1c                __swhatbuf_r
 *fill*         0x0000000008009d66        0x2 
 .text.__smakebuf_r
                0x0000000008009d68       0x80 c:/st/stm32cubeide_1.11.0/stm32cubeide/plugins/com.st.stm32cube.ide.mcu.externaltools.gnu-tools-for-stm32.10.3-2021.10.win32_1.0.100.202210260954/tools/bin/../lib/gcc/arm-none-eabi/10.3.1/../../../../arm-none-eabi/lib/thumb/v7e-m/nofp\libc_nano.a(lib_a-makebuf.o)
                0x0000000008009d68                __smakebuf_r
 .text._free_r  0x0000000008009de8       0x94 c:/st/stm32cubeide_1.11.0/stm32cubeide/plugins/com.st.stm32cube.ide.mcu.externaltools.gnu-tools-for-stm32.10.3-2021.10.win32_1.0.100.202210260954/tools/bin/../lib/gcc/arm-none-eabi/10.3.1/../../../../arm-none-eabi/lib/thumb/v7e-m/nofp\libc_nano.a(lib_a-nano-freer.o)
                0x0000000008009de8                _free_r
 .text.sbrk_aligned
                0x0000000008009e7c       0x40 c:/st/stm32cubeide_1.11.0/stm32cubeide/plugins/com.st.stm32cube.ide.mcu.externaltools.gnu-tools-for-stm32.10.3-2021.10.win32_1.0.100.202210260954/tools/bin/../lib/gcc/arm-none-eabi/10.3.1/../../../../arm-none-eabi/lib/thumb/v7e-m/nofp\libc_nano.a(lib_a-nano-mallocr.o)
 .text._malloc_r
                0x0000000008009ebc       0xe8 c:/st/stm32cubeide_1.11.0/stm32cubeide/plugins/com.st.stm32cube.ide.mcu.externaltools.gnu-tools-for-stm32.10.3-2021.10.win32_1.0.100.202210260954/tools/bin/../lib/gcc/arm-none-eabi/10.3.1/../../../../arm-none-eabi/lib/thumb/v7e-m/nofp\libc_nano.a(lib_a-nano-mallocr.o)
                0x0000000008009ebc                _malloc_r
 .text.__ssputs_r
                0x0000000008009fa4       0xb6 c:/st/stm32cubeide_1.11.0/stm32cubeide/plugins/com.st.stm32cube.ide.mcu.externaltools.gnu-tools-for-stm32.10.3-2021.10.win32_1.0.100.202210260954/tools/bin/../lib/gcc/arm-none-eabi/10.3.1/../../../../arm-none-eabi/lib/thumb/v7e-m/nofp\libc_nano.a(lib_a-nano-svfprintf.o)
                0x0000000008009fa4                __ssputs_r
 *fill*         0x000000000800a05a        0x2 
 .text._svfprintf_r
                0x000000000800a05c      0x200 c:/st/stm32cubeide_1.11.0/stm32cubeide/plugins/com.st.stm32cube.ide.mcu.externaltools.gnu-tools-for-stm32.10.3-2021.10.win32_1.0.100.202210260954/tools/bin/../lib/gcc/arm-none-eabi/10.3.1/../../../../arm-none-eabi/lib/thumb/v7e-m/nofp\libc_nano.a(lib_a-nano-svfprintf.o)
                0x000000000800a05c                _svfiprintf_r
                0x000000000800a05c                _svfprintf_r
 .text.__sfputc_r
                0x000000000800a25c       0x2a c:/st/stm32cubeide_1.11.0/stm32cubeide/plugins/com.st.stm32cube.ide.mcu.externaltools.gnu-tools-for-stm32.10.3-2021.10.win32_1.0.100.202210260954/tools/bin/../lib/gcc/arm-none-eabi/10.3.1/../../../../arm-none-eabi/lib/thumb/v7e-m/nofp\libc_nano.a(lib_a-nano-vfprintf.o)
 .text.__sfputs_r
                0x000000000800a286       0x24 c:/st/stm32cubeide_1.11.0/stm32cubeide/plugins/com.st.stm32cube.ide.mcu.externaltools.gnu-tools-for-stm32.10.3-2021.10.win32_1.0.100.202210260954/tools/bin/../lib/gcc/arm-none-eabi/10.3.1/../../../../arm-none-eabi/lib/thumb/v7e-m/nofp\libc_nano.a(lib_a-nano-vfprintf.o)
                0x000000000800a286                __sfputs_r
 *fill*         0x000000000800a2aa        0x2 
 .text._vfprintf_r
                0x000000000800a2ac      0x260 c:/st/stm32cubeide_1.11.0/stm32cubeide/plugins/com.st.stm32cube.ide.mcu.externaltools.gnu-tools-for-stm32.10.3-2021.10.win32_1.0.100.202210260954/tools/bin/../lib/gcc/arm-none-eabi/10.3.1/../../../../arm-none-eabi/lib/thumb/v7e-m/nofp\libc_nano.a(lib_a-nano-vfprintf.o)
                0x000000000800a2ac                _vfprintf_r
                0x000000000800a2ac                _vfiprintf_r
 .text._printf_common
                0x000000000800a50c       0xda c:/st/stm32cubeide_1.11.0/stm32cubeide/plugins/com.st.stm32cube.ide.mcu.externaltools.gnu-tools-for-stm32.10.3-2021.10.win32_1.0.100.202210260954/tools/bin/../lib/gcc/arm-none-eabi/10.3.1/../../../../arm-none-eabi/lib/thumb/v7e-m/nofp\libc_nano.a(lib_a-nano-vfprintf_i.o)
                0x000000000800a50c                _printf_common
 *fill*         0x000000000800a5e6        0x2 
 .text._printf_i
                0x000000000800a5e8      0x24c c:/st/stm32cubeide_1.11.0/stm32cubeide/plugins/com.st.stm32cube.ide.mcu.externaltools.gnu-tools-for-stm32.10.3-2021.10.win32_1.0.100.202210260954/tools/bin/../lib/gcc/arm-none-eabi/10.3.1/../../../../arm-none-eabi/lib/thumb/v7e-m/nofp\libc_nano.a(lib_a-nano-vfprintf_i.o)
                0x000000000800a5e8                _printf_i
 .text._sbrk_r  0x000000000800a834       0x20 c:/st/stm32cubeide_1.11.0/stm32cubeide/plugins/com.st.stm32cube.ide.mcu.externaltools.gnu-tools-for-stm32.10.3-2021.10.win32_1.0.100.202210260954/tools/bin/../lib/gcc/arm-none-eabi/10.3.1/../../../../arm-none-eabi/lib/thumb/v7e-m/nofp\libc_nano.a(lib_a-sbrkr.o)
                0x000000000800a834                _sbrk_r
 .text.__sread  0x000000000800a854       0x22 c:/st/stm32cubeide_1.11.0/stm32cubeide/plugins/com.st.stm32cube.ide.mcu.externaltools.gnu-tools-for-stm32.10.3-2021.10.win32_1.0.100.202210260954/tools/bin/../lib/gcc/arm-none-eabi/10.3.1/../../../../arm-none-eabi/lib/thumb/v7e-m/nofp\libc_nano.a(lib_a-stdio.o)
                0x000000000800a854                __sread
 .text.__swrite
                0x000000000800a876       0x38 c:/st/stm32cubeide_1.11.0/stm32cubeide/plugins/com.st.stm32cube.ide.mcu.externaltools.gnu-tools-for-stm32.10.3-2021.10.win32_1.0.100.202210260954/tools/bin/../lib/gcc/arm-none-eabi/10.3.1/../../../../arm-none-eabi/lib/thumb/v7e-m/nofp\libc_nano.a(lib_a-stdio.o)
                0x000000000800a876                __swrite
 .text.__sseek  0x000000000800a8ae       0x24 c:/st/stm32cubeide_1.11.0/stm32cubeide/plugins/com.st.stm32cube.ide.mcu.externaltools.gnu-tools-for-stm32.10.3-2021.10.win32_1.0.100.202210260954/tools/bin/../lib/gcc/arm-none-eabi/10.3.1/../../../../arm-none-eabi/lib/thumb/v7e-m/nofp\libc_nano.a(lib_a-stdio.o)
                0x000000000800a8ae                __sseek
 .text.__sclose
                0x000000000800a8d2        0x8 c:/st/stm32cubeide_1.11.0/stm32cubeide/plugins/com.st.stm32cube.ide.mcu.externaltools.gnu-tools-for-stm32.10.3-2021.10.win32_1.0.100.202210260954/tools/bin/../lib/gcc/arm-none-eabi/10.3.1/../../../../arm-none-eabi/lib/thumb/v7e-m/nofp\libc_nano.a(lib_a-stdio.o)
                0x000000000800a8d2                __sclose
 *fill*         0x000000000800a8da        0x2 
 .text._write_r
                0x000000000800a8dc       0x24 c:/st/stm32cubeide_1.11.0/stm32cubeide/plugins/com.st.stm32cube.ide.mcu.externaltools.gnu-tools-for-stm32.10.3-2021.10.win32_1.0.100.202210260954/tools/bin/../lib/gcc/arm-none-eabi/10.3.1/../../../../arm-none-eabi/lib/thumb/v7e-m/nofp\libc_nano.a(lib_a-writer.o)
                0x000000000800a8dc                _write_r
 .text._close_r
                0x000000000800a900       0x20 c:/st/stm32cubeide_1.11.0/stm32cubeide/plugins/com.st.stm32cube.ide.mcu.externaltools.gnu-tools-for-stm32.10.3-2021.10.win32_1.0.100.202210260954/tools/bin/../lib/gcc/arm-none-eabi/10.3.1/../../../../arm-none-eabi/lib/thumb/v7e-m/nofp\libc_nano.a(lib_a-closer.o)
                0x000000000800a900                _close_r
 .text._fstat_r
                0x000000000800a920       0x24 c:/st/stm32cubeide_1.11.0/stm32cubeide/plugins/com.st.stm32cube.ide.mcu.externaltools.gnu-tools-for-stm32.10.3-2021.10.win32_1.0.100.202210260954/tools/bin/../lib/gcc/arm-none-eabi/10.3.1/../../../../arm-none-eabi/lib/thumb/v7e-m/nofp\libc_nano.a(lib_a-fstatr.o)
                0x000000000800a920                _fstat_r
 .text._isatty_r
                0x000000000800a944       0x20 c:/st/stm32cubeide_1.11.0/stm32cubeide/plugins/com.st.stm32cube.ide.mcu.externaltools.gnu-tools-for-stm32.10.3-2021.10.win32_1.0.100.202210260954/tools/bin/../lib/gcc/arm-none-eabi/10.3.1/../../../../arm-none-eabi/lib/thumb/v7e-m/nofp\libc_nano.a(lib_a-isattyr.o)
                0x000000000800a944                _isatty_r
 .text._lseek_r
                0x000000000800a964       0x24 c:/st/stm32cubeide_1.11.0/stm32cubeide/plugins/com.st.stm32cube.ide.mcu.externaltools.gnu-tools-for-stm32.10.3-2021.10.win32_1.0.100.202210260954/tools/bin/../lib/gcc/arm-none-eabi/10.3.1/../../../../arm-none-eabi/lib/thumb/v7e-m/nofp\libc_nano.a(lib_a-lseekr.o)
                0x000000000800a964                _lseek_r
 .text.memmove  0x000000000800a988       0x34 c:/st/stm32cubeide_1.11.0/stm32cubeide/plugins/com.st.stm32cube.ide.mcu.externaltools.gnu-tools-for-stm32.10.3-2021.10.win32_1.0.100.202210260954/tools/bin/../lib/gcc/arm-none-eabi/10.3.1/../../../../arm-none-eabi/lib/thumb/v7e-m/nofp\libc_nano.a(lib_a-memmove.o)
                0x000000000800a988                memmove
 .text.__malloc_lock
                0x000000000800a9bc        0xc c:/st/stm32cubeide_1.11.0/stm32cubeide/plugins/com.st.stm32cube.ide.mcu.externaltools.gnu-tools-for-stm32.10.3-2021.10.win32_1.0.100.202210260954/tools/bin/../lib/gcc/arm-none-eabi/10.3.1/../../../../arm-none-eabi/lib/thumb/v7e-m/nofp\libc_nano.a(lib_a-mlock.o)
                0x000000000800a9bc                __malloc_lock
 .text.__malloc_unlock
                0x000000000800a9c8        0xc c:/st/stm32cubeide_1.11.0/stm32cubeide/plugins/com.st.stm32cube.ide.mcu.externaltools.gnu-tools-for-stm32.10.3-2021.10.win32_1.0.100.202210260954/tools/bin/../lib/gcc/arm-none-eabi/10.3.1/../../../../arm-none-eabi/lib/thumb/v7e-m/nofp\libc_nano.a(lib_a-mlock.o)
                0x000000000800a9c8                __malloc_unlock
 .text._realloc_r
                0x000000000800a9d4       0x5e c:/st/stm32cubeide_1.11.0/stm32cubeide/plugins/com.st.stm32cube.ide.mcu.externaltools.gnu-tools-for-stm32.10.3-2021.10.win32_1.0.100.202210260954/tools/bin/../lib/gcc/arm-none-eabi/10.3.1/../../../../arm-none-eabi/lib/thumb/v7e-m/nofp\libc_nano.a(lib_a-nano-reallocr.o)
                0x000000000800a9d4                _realloc_r
 *fill*         0x000000000800aa32        0x2 
 .text._read_r  0x000000000800aa34       0x24 c:/st/stm32cubeide_1.11.0/stm32cubeide/plugins/com.st.stm32cube.ide.mcu.externaltools.gnu-tools-for-stm32.10.3-2021.10.win32_1.0.100.202210260954/tools/bin/../lib/gcc/arm-none-eabi/10.3.1/../../../../arm-none-eabi/lib/thumb/v7e-m/nofp\libc_nano.a(lib_a-readr.o)
                0x000000000800aa34                _read_r
 .text._malloc_usable_size_r
                0x000000000800aa58       0x10 c:/st/stm32cubeide_1.11.0/stm32cubeide/plugins/com.st.stm32cube.ide.mcu.externaltools.gnu-tools-for-stm32.10.3-2021.10.win32_1.0.100.202210260954/tools/bin/../lib/gcc/arm-none-eabi/10.3.1/../../../../arm-none-eabi/lib/thumb/v7e-m/nofp\libc_nano.a(lib_a-nano-msizer.o)
                0x000000000800aa58                _malloc_usable_size_r
 *(.glue_7)
 .glue_7        0x000000000800aa68        0x0 linker stubs
 *(.glue_7t)
 .glue_7t       0x000000000800aa68        0x0 linker stubs
 *(.eh_frame)
 .eh_frame      0x000000000800aa68        0x0 c:/st/stm32cubeide_1.11.0/stm32cubeide/plugins/com.st.stm32cube.ide.mcu.externaltools.gnu-tools-for-stm32.10.3-2021.10.win32_1.0.100.202210260954/tools/bin/../lib/gcc/arm-none-eabi/10.3.1/thumb/v7e-m/nofp/crtbegin.o
 *(.init)
 .init          0x000000000800aa68        0x4 c:/st/stm32cubeide_1.11.0/stm32cubeide/plugins/com.st.stm32cube.ide.mcu.externaltools.gnu-tools-for-stm32.10.3-2021.10.win32_1.0.100.202210260954/tools/bin/../lib/gcc/arm-none-eabi/10.3.1/thumb/v7e-m/nofp/crti.o
                0x000000000800aa68                _init
 .init          0x000000000800aa6c        0x8 c:/st/stm32cubeide_1.11.0/stm32cubeide/plugins/com.st.stm32cube.ide.mcu.externaltools.gnu-tools-for-stm32.10.3-2021.10.win32_1.0.100.202210260954/tools/bin/../lib/gcc/arm-none-eabi/10.3.1/thumb/v7e-m/nofp/crtn.o
 *(.fini)
 .fini          0x000000000800aa74        0x4 c:/st/stm32cubeide_1.11.0/stm32cubeide/plugins/com.st.stm32cube.ide.mcu.externaltools.gnu-tools-for-stm32.10.3-2021.10.win32_1.0.100.202210260954/tools/bin/../lib/gcc/arm-none-eabi/10.3.1/thumb/v7e-m/nofp/crti.o
                0x000000000800aa74                _fini
 .fini          0x000000000800aa78        0x8 c:/st/stm32cubeide_1.11.0/stm32cubeide/plugins/com.st.stm32cube.ide.mcu.externaltools.gnu-tools-for-stm32.10.3-2021.10.win32_1.0.100.202210260954/tools/bin/../lib/gcc/arm-none-eabi/10.3.1/thumb/v7e-m/nofp/crtn.o
                0x000000000800aa80                . = ALIGN (0x4)
                0x000000000800aa80                _etext = .

.vfp11_veneer   0x000000000800aa80        0x0
 .vfp11_veneer  0x000000000800aa80        0x0 linker stubs

.v4_bx          0x000000000800aa80        0x0
 .v4_bx         0x000000000800aa80        0x0 linker stubs

.iplt           0x000000000800aa80        0x0
 .iplt          0x000000000800aa80        0x0 c:/st/stm32cubeide_1.11.0/stm32cubeide/plugins/com.st.stm32cube.ide.mcu.externaltools.gnu-tools-for-stm32.10.3-2021.10.win32_1.0.100.202210260954/tools/bin/../lib/gcc/arm-none-eabi/10.3.1/thumb/v7e-m/nofp/crtbegin.o

.rodata         0x000000000800aa80      0x320
                0x000000000800aa80                . = ALIGN (0x4)
 *(.rodata)
 .rodata        0x000000000800aa80       0x1e ./Core/Src/aes.o
 *fill*         0x000000000800aa9e        0x2 
 .rodata        0x000000000800aaa0      0x117 ./Core/Src/subghz.o
 *fill*         0x000000000800abb7        0x1 
 .rodata        0x000000000800abb8       0x11 ./Drivers/Radio/radio_driver.o
 *fill*         0x000000000800abc9        0x3 
 .rodata        0x000000000800abcc       0x30 ./Drivers/STM32WLxx_HAL_Driver/Src/stm32wlxx_hal_cryp.o
 .rodata        0x000000000800abfc       0x1c ./Drivers/STM32WLxx_HAL_Driver/Src/stm32wlxx_hal_rcc.o
 *(.rodata*)
 .rodata.pKeyAES
                0x000000000800ac18       0x20 ./Core/Src/aes.o
 .rodata.AHBPrescTable
                0x000000000800ac38       0x40 ./Core/Src/system_stm32wlxx.o
                0x000000000800ac38                AHBPrescTable
 .rodata.APBPrescTable
                0x000000000800ac78       0x20 ./Core/Src/system_stm32wlxx.o
                0x000000000800ac78                APBPrescTable
 .rodata.MSIRangeTable
                0x000000000800ac98       0x40 ./Core/Src/system_stm32wlxx.o
                0x000000000800ac98                MSIRangeTable
 .rodata.LED_PIN
                0x000000000800acd8        0x6 ./Drivers/BSP/STM32WLxx_Nucleo/stm32wlxx_nucleo.o
 *fill*         0x000000000800acde        0x2 
 .rodata.UARTPrescTable
                0x000000000800ace0       0x18 ./Drivers/STM32WLxx_HAL_Driver/Src/stm32wlxx_hal_uart.o
                0x000000000800ace0                UARTPrescTable
 .rodata.numerator.1
                0x000000000800acf8        0x8 ./Drivers/STM32WLxx_HAL_Driver/Src/stm32wlxx_hal_uart_ex.o
 .rodata.denominator.0
                0x000000000800ad00        0x8 ./Drivers/STM32WLxx_HAL_Driver/Src/stm32wlxx_hal_uart_ex.o
 .rodata._global_impure_ptr
                0x000000000800ad08        0x4 c:/st/stm32cubeide_1.11.0/stm32cubeide/plugins/com.st.stm32cube.ide.mcu.externaltools.gnu-tools-for-stm32.10.3-2021.10.win32_1.0.100.202210260954/tools/bin/../lib/gcc/arm-none-eabi/10.3.1/../../../../arm-none-eabi/lib/thumb/v7e-m/nofp\libc_nano.a(lib_a-impure.o)
                0x000000000800ad08                _global_impure_ptr
 .rodata.__sf_fake_stderr
                0x000000000800ad0c       0x20 c:/st/stm32cubeide_1.11.0/stm32cubeide/plugins/com.st.stm32cube.ide.mcu.externaltools.gnu-tools-for-stm32.10.3-2021.10.win32_1.0.100.202210260954/tools/bin/../lib/gcc/arm-none-eabi/10.3.1/../../../../arm-none-eabi/lib/thumb/v7e-m/nofp\libc_nano.a(lib_a-findfp.o)
                0x000000000800ad0c                __sf_fake_stderr
 .rodata.__sf_fake_stdin
                0x000000000800ad2c       0x20 c:/st/stm32cubeide_1.11.0/stm32cubeide/plugins/com.st.stm32cube.ide.mcu.externaltools.gnu-tools-for-stm32.10.3-2021.10.win32_1.0.100.202210260954/tools/bin/../lib/gcc/arm-none-eabi/10.3.1/../../../../arm-none-eabi/lib/thumb/v7e-m/nofp\libc_nano.a(lib_a-findfp.o)
                0x000000000800ad2c                __sf_fake_stdin
 .rodata.__sf_fake_stdout
                0x000000000800ad4c       0x20 c:/st/stm32cubeide_1.11.0/stm32cubeide/plugins/com.st.stm32cube.ide.mcu.externaltools.gnu-tools-for-stm32.10.3-2021.10.win32_1.0.100.202210260954/tools/bin/../lib/gcc/arm-none-eabi/10.3.1/../../../../arm-none-eabi/lib/thumb/v7e-m/nofp\libc_nano.a(lib_a-findfp.o)
                0x000000000800ad4c                __sf_fake_stdout
 .rodata._svfprintf_r.str1.1
                0x000000000800ad6c       0x11 c:/st/stm32cubeide_1.11.0/stm32cubeide/plugins/com.st.stm32cube.ide.mcu.externaltools.gnu-tools-for-stm32.10.3-2021.10.win32_1.0.100.202210260954/tools/bin/../lib/gcc/arm-none-eabi/10.3.1/../../../../arm-none-eabi/lib/thumb/v7e-m/nofp\libc_nano.a(lib_a-nano-svfprintf.o)
 .rodata._vfprintf_r.str1.1
                0x000000000800ad7d       0x11 c:/st/stm32cubeide_1.11.0/stm32cubeide/plugins/com.st.stm32cube.ide.mcu.externaltools.gnu-tools-for-stm32.10.3-2021.10.win32_1.0.100.202210260954/tools/bin/../lib/gcc/arm-none-eabi/10.3.1/../../../../arm-none-eabi/lib/thumb/v7e-m/nofp\libc_nano.a(lib_a-nano-vfprintf.o)
 .rodata._printf_i.str1.1
                0x000000000800ad7d       0x22 c:/st/stm32cubeide_1.11.0/stm32cubeide/plugins/com.st.stm32cube.ide.mcu.externaltools.gnu-tools-for-stm32.10.3-2021.10.win32_1.0.100.202210260954/tools/bin/../lib/gcc/arm-none-eabi/10.3.1/../../../../arm-none-eabi/lib/thumb/v7e-m/nofp\libc_nano.a(lib_a-nano-vfprintf_i.o)
                0x000000000800ada0                . = ALIGN (0x4)
 *fill*         0x000000000800ad9f        0x1 

.ARM.extab      0x000000000800ada0        0x0
                0x000000000800ada0                . = ALIGN (0x4)
 *(.ARM.extab* .gnu.linkonce.armextab.*)
                0x000000000800ada0                . = ALIGN (0x4)

.ARM            0x000000000800ada0        0x8
                0x000000000800ada0                . = ALIGN (0x4)
                0x000000000800ada0                __exidx_start = .
 *(.ARM.exidx*)