../Drivers/STM32WLxx_HAL_Driver/Inc/stm32wlxx_ll_bus.h:449:22:LL_AHB2_GRP1_EnableClock	24	static
../Drivers/STM32WLxx_HAL_Driver/Inc/stm32wlxx_ll_bus.h:1488:22:LL_APB3_GRP1_EnableClock	24	static
../Drivers/STM32WLxx_HAL_Driver/Inc/stm32wlxx_ll_bus.h:1516:22:LL_APB3_GRP1_DisableClock	16	static
../Core/Src/subghz.c:46:6:MX_SUBGHZ_Init	8	static
../Core/Src/subghz.c:67:6:HAL_SUBGHZ_MspInit	16	static
../Core/Src/subghz.c:84:6:HAL_SUBGHZ_MspDeInit	16	static
../Core/Src/subghz.c:101:6:radioInit	40	static
../Core/Src/subghz.c:151:6:RadioOnDioIrq	16	static
../Core/Src/subghz.c:179:6:eventTxDone	16	static
../Core/Src/subghz.c:213:6:eventRxDone	1040	static
../Core/Src/subghz.c:283:6:eventTxTimeout	16	static
../Core/Src/subghz.c:317:6:eventRxTimeout	16	static
../Core/Src/subghz.c:351:6:eventRxError	16	static
../Core/Src/subghz.c:385:6:enterMasterRx	16	static
../Core/Src/subghz.c:403:6:enterSlaveRx	16	static
../Core/Src/subghz.c:421:6:enterMasterTx	16	static
../Core/Src/subghz.c:443:6:enterSlaveTx	16	static
../Core/Src/subghz.c:472:6:transitionRxDone	88	static
../Core/Src/subghz.c:488:6:fsmInit	16	static
../Core/Src/subghz.c:516:6:RFGPIOInit	32	static
../Core/Src/subghz.c:549:6:SUBGHZ	8	static
