../Drivers/STM32WLxx_HAL_Driver/Inc/stm32wlxx_ll_bus.h:634:22:LL_AHB3_GRP1_EnableClock	24	static
../Drivers/STM32WLxx_HAL_Driver/Inc/stm32wlxx_ll_bus.h:720:22:LL_AHB3_GRP1_DisableClock	16	static
../Core/Src/aes.c:44:5:_write	24	static
../Core/Src/aes.c:70:6:MX_AES_Init	8	static
../Core/Src/aes.c:96:6:HAL_CRYP_MspInit	16	static
../Core/Src/aes.c:110:6:HAL_CRYP_MspDeInit	16	static
../Core/Src/aes.c:125:6:AES_start	8	static
../Core/Src/aes.c:150:6:AES_Encrypt_MasterPacket	8	static
../Core/Src/aes.c:162:6:AES_decrypt_MasterPacket	8	static
../Core/Src/aes.c:173:6:print_array	24	static
../Core/Src/aes.c:181:6:AES_Encrypt	48	static
../Core/Src/aes.c:209:6:AES_Decrypt	48	static
../Core/Src/aes.c:238:6:setNodeId	8	static
../Core/Src/aes.c:256:6:Uart_Indicate	8	static
