../Core/Src/aes.c:44:5:_write	8	static
../Core/Src/aes.c:70:6:MX_AES_Init	8	static
../Core/Src/aes.c:96:6:HAL_CRYP_MspInit	8	static
../Core/Src/aes.c:110:6:HAL_CRYP_MspDeInit	0	static
../Core/Src/aes.c:173:6:print_array	16	static
../Core/Src/aes.c:181:6:AES_Encrypt	32	static
../Core/Src/aes.c:209:6:AES_Decrypt	32	static
../Core/Src/aes.c:125:6:AES_start	8	static
../Core/Src/aes.c:162:6:AES_decrypt_MasterPacket	8	static
../Core/Src/aes.c:238:6:setNodeId	8	static
../Core/Src/aes.c:150:6:AES_Encrypt_MasterPacket	24	static
../Core/Src/aes.c:294:6:Uart_Indicate	8	static
../Core/Src/aes.c:328:6:Uart_Indicate_Reset	8	static
