../Core/Src/subghz.c:147:6:RadioOnDioIrq	8	static
../Core/Src/subghz.c:47:6:MX_SUBGHZ_Init	8	static
../Core/Src/subghz.c:66:6:HAL_SUBGHZ_MspInit	16	static
../Core/Src/subghz.c:82:6:HAL_SUBGHZ_MspDeInit	0	static
../Core/Src/subghz.c:98:6:radioInit	40	static
../Core/Src/subghz.c:378:6:enterMasterRx	8	static
../Core/Src/subghz.c:396:6:enterSlaveRx	8	static
../Core/Src/subghz.c:175:6:eventTxDone	16	static
../Core/Src/subghz.c:276:6:eventTxTimeout	16	static
../Core/Src/subghz.c:414:6:enterMasterTx	8	static
../Core/Src/subghz.c:344:6:eventRxError	8	static
../Core/Src/subghz.c:310:6:eventRxTimeout	8	static
../Core/Src/subghz.c:438:6:enterSlaveTx	8	static
../Core/Src/subghz.c:463:6:transitionRxDone	80	static
../Core/Src/subghz.c:209:6:eventRxDone	272	static
../Core/Src/subghz.c:479:6:fsmInit	16	static
../Core/Src/subghz.c:507:6:RFGPIOInit	40	static
../Core/Src/subghz.c:540:6:SUBGHZ	8	static
