Archive member included to satisfy reference by file (symbol)

c:/st/stm32cubeide_1.11.0/stm32cubeide/plugins/com.st.stm32cube.ide.mcu.externaltools.gnu-tools-for-stm32.10.3-2021.10.win32_1.0.100.202210260954/tools/bin/../lib/gcc/arm-none-eabi/10.3.1/../../../../arm-none-eabi/lib/thumb/v7e-m/nofp\libc_nano.a(lib_a-errno.o)
                              ./Core/Src/syscalls.o (__errno)
c:/st/stm32cubeide_1.11.0/stm32cubeide/plugins/com.st.stm32cube.ide.mcu.externaltools.gnu-tools-for-stm32.10.3-2021.10.win32_1.0.100.202210260954/tools/bin/../lib/gcc/arm-none-eabi/10.3.1/../../../../arm-none-eabi/lib/thumb/v7e-m/nofp\libc_nano.a(lib_a-exit.o)
                              c:/st/stm32cubeide_1.11.0/stm32cubeide/plugins/com.st.stm32cube.ide.mcu.externaltools.gnu-tools-for-stm32.10.3-2021.10.win32_1.0.100.202210260954/tools/bin/../lib/gcc/arm-none-eabi/10.3.1/../../../../arm-none-eabi/lib/thumb/v7e-m/nofp/crt0.o (exit)
c:/st/stm32cubeide_1.11.0/stm32cubeide/plugins/com.st.stm32cube.ide.mcu.externaltools.gnu-tools-for-stm32.10.3-2021.10.win32_1.0.100.202210260954/tools/bin/../lib/gcc/arm-none-eabi/10.3.1/../../../../arm-none-eabi/lib/thumb/v7e-m/nofp\libc_nano.a(lib_a-impure.o)
                              c:/st/stm32cubeide_1.11.0/stm32cubeide/plugins/com.st.stm32cube.ide.mcu.externaltools.gnu-tools-for-stm32.10.3-2021.10.win32_1.0.100.202210260954/tools/bin/../lib/gcc/arm-none-eabi/10.3.1/../../../../arm-none-eabi/lib/thumb/v7e-m/nofp\libc_nano.a(lib_a-exit.o) (_global_impure_ptr)
c:/st/stm32cubeide_1.11.0/stm32cubeide/plugins/com.st.stm32cube.ide.mcu.externaltools.gnu-tools-for-stm32.10.3-2021.10.win32_1.0.100.202210260954/tools/bin/../lib/gcc/arm-none-eabi/10.3.1/../../../../arm-none-eabi/lib/thumb/v7e-m/nofp\libc_nano.a(lib_a-init.o)
                              c:/st/stm32cubeide_1.11.0/stm32cubeide/plugins/com.st.stm32cube.ide.mcu.externaltools.gnu-tools-for-stm32.10.3-2021.10.win32_1.0.100.202210260954/tools/bin/../lib/gcc/arm-none-eabi/10.3.1/../../../../arm-none-eabi/lib/thumb/v7e-m/nofp/crt0.o (__libc_init_array)
c:/st/stm32cubeide_1.11.0/stm32cubeide/plugins/com.st.stm32cube.ide.mcu.externaltools.gnu-tools-for-stm32.10.3-2021.10.win32_1.0.100.202210260954/tools/bin/../lib/gcc/arm-none-eabi/10.3.1/../../../../arm-none-eabi/lib/thumb/v7e-m/nofp\libc_nano.a(lib_a-memcpy-stub.o)
                              ./Core/Src/subghz.o (memcpy)
c:/st/stm32cubeide_1.11.0/stm32cubeide/plugins/com.st.stm32cube.ide.mcu.externaltools.gnu-tools-for-stm32.10.3-2021.10.win32_1.0.100.202210260954/tools/bin/../lib/gcc/arm-none-eabi/10.3.1/../../../../arm-none-eabi/lib/thumb/v7e-m/nofp\libc_nano.a(lib_a-memset.o)
                              c:/st/stm32cubeide_1.11.0/stm32cubeide/plugins/com.st.stm32cube.ide.mcu.externaltools.gnu-tools-for-stm32.10.3-2021.10.win32_1.0.100.202210260954/tools/bin/../lib/gcc/arm-none-eabi/10.3.1/../../../../arm-none-eabi/lib/thumb/v7e-m/nofp/crt0.o (memset)
c:/st/stm32cubeide_1.11.0/stm32cubeide/plugins/com.st.stm32cube.ide.mcu.externaltools.gnu-tools-for-stm32.10.3-2021.10.win32_1.0.100.202210260954/tools/bin/../lib/gcc/arm-none-eabi/10.3.1/../../../../arm-none-eabi/lib/thumb/v7e-m/nofp\libc_nano.a(lib_a-printf.o)
                              ./Core/Src/aes.o (printf)
c:/st/stm32cubeide_1.11.0/stm32cubeide/plugins/com.st.stm32cube.ide.mcu.externaltools.gnu-tools-for-stm32.10.3-2021.10.win32_1.0.100.202210260954/tools/bin/../lib/gcc/arm-none-eabi/10.3.1/../../../../arm-none-eabi/lib/thumb/v7e-m/nofp\libc_nano.a(lib_a-putchar.o)
                              ./Core/Src/aes.o (putchar)
c:/st/stm32cubeide_1.11.0/stm32cubeide/plugins/com.st.stm32cube.ide.mcu.externaltools.gnu-tools-for-stm32.10.3-2021.10.win32_1.0.100.202210260954/tools/bin/../lib/gcc/arm-none-eabi/10.3.1/../../../../arm-none-eabi/lib/thumb/v7e-m/nofp\libc_nano.a(lib_a-puts.o)
                              ./Core/Src/subghz.o (puts)
c:/st/stm32cubeide_1.11.0/stm32cubeide/plugins/com.st.stm32cube.ide.mcu.externaltools.gnu-tools-for-stm32.10.3-2021.10.win32_1.0.100.202210260954/tools/bin/../lib/gcc/arm-none-eabi/10.3.1/../../../../arm-none-eabi/lib/thumb/v7e-m/nofp\libc_nano.a(lib_a-sprintf.o)
                              ./Core/Src/aes.o (sprintf)
c:/st/stm32cubeide_1.11.0/stm32cubeide/plugins/com.st.stm32cube.ide.mcu.externaltools.gnu-tools-for-stm32.10.3-2021.10.win32_1.0.100.202210260954/tools/bin/../lib/gcc/arm-none-eabi/10.3.1/../../../../arm-none-eabi/lib/thumb/v7e-m/nofp\libc_nano.a(lib_a-strcat.o)
                              ./Core/Src/aes.o (strcat)
c:/st/stm32cubeide_1.11.0/stm32cubeide/plugins/com.st.stm32cube.ide.mcu.externaltools.gnu-tools-for-stm32.10.3-2021.10.win32_1.0.100.202210260954/tools/bin/../lib/gcc/arm-none-eabi/10.3.1/../../../../arm-none-eabi/lib/thumb/v7e-m/nofp\libc_nano.a(lib_a-strlen.o)
                              ./Core/Src/subghz.o (strlen)
[...]
Memory Configuration

Name             Origin             Length             Attributes
RAM              0x0000000020000000 0x0000000000010000 xrw
RAM2             0x0000000010000000 0x0000000000008000 xrw
FLASH            0x0000000008000000 0x0000000000040000 xr
*default*        0x0000000000000000 0xffffffffffffffff

Linker script and memory map

LOAD c:/st/stm32cubeide_1.11.0/stm32cubeide/plugins/com.st.stm32cube.ide.mcu.externaltools.gnu-tools-for-stm32.10.3-2021.10.win32_1.0.100.202210260954/tools/bin/../lib/gcc/arm-none-eabi/10.3.1/thumb/v7e-m/nofp/crti.o
LOAD c:/st/stm32cubeide_1.11.0/stm32cubeide/plugins/com.st.stm32cube.ide.mcu.externaltools.gnu-tools-for-stm32.10.3-2021.10.win32_1.0.100.202210260954/tools/bin/../lib/gcc/arm-none-eabi/10.3.1/thumb/v7e-m/nofp/crtbegin.o
LOAD c:/st/stm32cubeide_1.11.0/stm32cubeide/plugins/com.st.stm32cube.ide.mcu.externaltools.gnu-tools-for-stm32.10.3-2021.10.win32_1.0.100.202210260954/tools/bin/../lib/gcc/arm-none-eabi/10.3.1/../../../../arm-none-eabi/lib/thumb/v7e-m/nofp/crt0.o
LOAD ./Core/Src/aes.o
LOAD ./Core/Src/dma.o
LOAD ./Core/Src/gpio.o
LOAD ./Core/Src/main.o
LOAD ./Core/Src/stm32wlxx_hal_msp.o
LOAD ./Core/Src/stm32wlxx_hal_timebase_tim.o
LOAD ./Core/Src/stm32wlxx_it.o
LOAD ./Core/Src/subghz.o
LOAD ./Core/Src/syscalls.o
LOAD ./Core/Src/sysmem.o
LOAD ./Core/Src/system_stm32wlxx.o
LOAD ./Core/Src/usart.o
LOAD ./Core/Startup/startup_stm32wl55jcix.o
LOAD ./Drivers/BSP/STM32WLxx_Nucleo/stm32wlxx_nucleo.o
LOAD ./Drivers/BSP/STM32WLxx_Nucleo/stm32wlxx_nucleo_radio.o
LOAD ./Drivers/Radio/radio_board_if.o
LOAD ./Drivers/Radio/radio_driver.o
LOAD ./Drivers/STM32WLxx_HAL_Driver/Src/stm32wlxx_hal.o
LOAD ./Drivers/STM32WLxx_HAL_Driver/Src/stm32wlxx_hal_cortex.o
LOAD ./Drivers/STM32WLxx_HAL_Driver/Src/stm32wlxx_hal_cryp.o
LOAD ./Drivers/STM32WLxx_HAL_Driver/Src/stm32wlxx_hal_cryp_ex.o
LOAD ./Drivers/STM32WLxx_HAL_Driver/Src/stm32wlxx_hal_dma.o
LOAD ./Drivers/STM32WLxx_HAL_Driver/Src/stm32wlxx_hal_dma_ex.o
LOAD ./Drivers/STM32WLxx_HAL_Driver/Src/stm32wlxx_hal_exti.o
LOAD ./Drivers/STM32WLxx_HAL_Driver/Src/stm32wlxx_hal_flash.o
LOAD ./Drivers/STM32WLxx_HAL_Driver/Src/stm32wlxx_hal_flash_ex.o
LOAD ./Drivers/STM32WLxx_HAL_Driver/Src/stm32wlxx_hal_gpio.o
LOAD ./Drivers/STM32WLxx_HAL_Driver/Src/stm32wlxx_hal_pwr.o
LOAD ./Drivers/STM32WLxx_HAL_Driver/Src/stm32wlxx_hal_pwr_ex.o
LOAD ./Drivers/STM32WLxx_HAL_Driver/Src/stm32wlxx_hal_rcc.o
LOAD ./Drivers/STM32WLxx_HAL_Driver/Src/stm32wlxx_hal_rcc_ex.o
LOAD ./Drivers/STM32WLxx_HAL_Driver/Src/stm32wlxx_hal_subghz.o
LOAD ./Drivers/STM32WLxx_HAL_Driver/Src/stm32wlxx_hal_tim.o
LOAD ./Drivers/STM32WLxx_HAL_Driver/Src/stm32wlxx_hal_tim_ex.o
LOAD ./Drivers/STM32WLxx_HAL_Driver/Src/stm32wlxx_hal_uart.o
LOAD ./Drivers/STM32WLxx_HAL_Driver/Src/stm32wlxx_hal_uart_ex.o
LOAD ./Ultilities/misc/stm32_mem.o
START GROUP
LOAD c:/st/stm32cubeide_1.11.0/stm32cubeide/plugins/com.st.stm32cube.ide.mcu.externaltools.gnu-tools-for-stm32.10.3-2021.10.win32_1.0.100.202210260954/tools/bin/../lib/gcc/arm-none-eabi/10.3.1/../../../../arm-none-eabi/lib/thumb/v7e-m/nofp\libc_nano.a
LOAD c:/st/stm32cubeide_1.11.0/stm32cubeide/plugins/com.st.stm32cube.ide.mcu.externaltools.gnu-tools-for-stm32.10.3-2021.10.win32_1.0.100.202210260954/tools/bin/../lib/gcc/arm-none-eabi/10.3.1/../../../../arm-none-eabi/lib/thumb/v7e-m/nofp\libm.a
END GROUP
START GROUP
LOAD c:/st/stm32cubeide_1.11.0/stm32cubeide/plugins/com.st.stm32cube.ide.mcu.externaltools.gnu-tools-for-stm32.10.3-2021.10.win32_1.0.100.202210260954/tools/bin/../lib/gcc/arm-none-eabi/10.3.1/thumb/v7e-m/nofp\libgcc.a
LOAD c:/st/stm32cubeide_1.11.0/stm32cubeide/plugins/com.st.stm32cube.ide.mcu.externaltools.gnu-tools-for-stm32.10.3-2021.10.win32_1.0.100.202210260954/tools/bin/../lib/gcc/arm-none-eabi/10.3.1/../../../../arm-none-eabi/lib/thumb/v7e-m/nofp\libc_nano.a
END GROUP
START GROUP
LOAD c:/st/stm32cubeide_1.11.0/stm32cubeide/plugins/com.st.stm32cube.ide.mcu.externaltools.gnu-tools-for-stm32.10.3-2021.10.win32_1.0.100.202210260954/tools/bin/../lib/gcc/arm-none-eabi/10.3.1/thumb/v7e-m/nofp\libgcc.a
LOAD c:/st/stm32cubeide_1.11.0/stm32cubeide/plugins/com.st.stm32cube.ide.mcu.externaltools.gnu-tools-for-stm32.10.3-2021.10.win32_1.0.100.202210260954/tools/bin/../lib/gcc/arm-none-eabi/10.3.1/../../../../arm-none-eabi/lib/thumb/v7e-m/nofp\libc_nano.a
LOAD c:/st/stm32cubeide_1.11.0/stm32cubeide/plugins/com.st.stm32cube.ide.mcu.externaltools.gnu-tools-for-stm32.10.3-2021.10.win32_1.0.100.202210260954/tools/bin/../lib/gcc/arm-none-eabi/10.3.1/../../../../arm-none-eabi/lib/thumb/v7e-m/nofp\libnosys.a
END GROUP
START GROUP
LOAD c:/st/stm32cubeide_1.11.0/stm32cubeide/plugins/com.st.stm32cube.ide.mcu.externaltools.gnu-tools-for-stm32.10.3-2021.10.win32_1.0.100.202210260954/tools/bin/../lib/gcc/arm-none-eabi/10.3.1/thumb/v7e-m/nofp\libgcc.a
LOAD c:/st/stm32cubeide_1.11.0/stm32cubeide/plugins/com.st.stm32cube.ide.mcu.externaltools.gnu-tools-for-stm32.10.3-2021.10.win32_1.0.100.202210260954/tools/bin/../lib/gcc/arm-none-eabi/10.3.1/../../../../arm-none-eabi/lib/thumb/v7e-m/nofp\libc_nano.a
LOAD c:/st/stm32cubeide_1.11.0/stm32cubeide/plugins/com.st.stm32cube.ide.mcu.externaltools.gnu-tools-for-stm32.10.3-2021.10.win32_1.0.100.202210260954/tools/bin/../lib/gcc/arm-none-eabi/10.3.1/../../../../arm-none-eabi/lib/thumb/v7e-m/nofp\libnosys.a
END GROUP
LOAD c:/st/stm32cubeide_1.11.0/stm32cubeide/plugins/com.st.stm32cube.ide.mcu.externaltools.gnu-tools-for-stm32.10.3-2021.10.win32_1.0.100.202210260954/tools/bin/../lib/gcc/arm-none-eabi/10.3.1/thumb/v7e-m/nofp/crtend.o
LOAD c:/st/stm32cubeide_1.11.0/stm32cubeide/plugins/com.st.stm32cube.ide.mcu.externaltools.gnu-tools-for-stm32.10.3-2021.10.win32_1.0.100.202210260954/tools/bin/../lib/gcc/arm-none-eabi/10.3.1/thumb/v7e-m/nofp/crtn.o
                0x0000000020010000                _estack = (ORIGIN (RAM) + LENGTH (RAM))
                0x0000000000000200                _Min_Heap_Size = 0x200
                0x0000000000000400                _Min_Stack_Size = 0x400

.isr_vector     0x0000000008000000      0x138
                0x0000000008000000                . = ALIGN (0x4)
 *(.isr_vector)
 .isr_vector    0x0000000008000000      0x138 ./Core/Startup/startup_stm32wl55jcix.o
                0x0000000008000000                g_pfnVectors
                0x0000000008000138                . = ALIGN (0x4)

.text           0x0000000008000140     0x9fd8
                0x0000000008000140                . = ALIGN (0x4)
 *(.text)
 .text          0x0000000008000140       0x40 c:/st/stm32cubeide_1.11.0/stm32cubeide/plugins/com.st.stm32cube.ide.mcu.externaltools.gnu-tools-for-stm32.10.3-2021.10.win32_1.0.100.202210260954/tools/bin/../lib/gcc/arm-none-eabi/10.3.1/thumb/v7e-m/nofp/crtbegin.o
 .text          0x0000000008000180       0x10 c:/st/stm32cubeide_1.11.0/stm32cubeide/plugins/com.st.stm32cube.ide.mcu.externaltools.gnu-tools-for-stm32.10.3-2021.10.win32_1.0.100.202210260954/tools/bin/../lib/gcc/arm-none-eabi/10.3.1/../../../../arm-none-eabi/lib/thumb/v7e-m/nofp\libc_nano.a(lib_a-strlen.o)
                0x0000000008000180                strlen
 .text          0x0000000008000190       0xa0 c:/st/stm32cubeide_1.11.0/stm32cubeide/plugins/com.st.stm32cube.ide.mcu.externaltools.gnu-tools-for-stm32.10.3-2021.10.win32_1.0.100.202210260954/tools/bin/../lib/gcc/arm-none-eabi/10.3.1/../../../../arm-none-eabi/lib/thumb/v7e-m/nofp\libc_nano.a(lib_a-memchr.o)
                0x0000000008000190                memchr
 .text          0x0000000008000230       0x30 c:/st/stm32cubeide_1.11.0/stm32cubeide/plugins/com.st.stm32cube.ide.mcu.externaltools.gnu-tools-for-stm32.10.3-2021.10.win32_1.0.100.202210260954/tools/bin/../lib/gcc/arm-none-eabi/10.3.1/thumb/v7e-m/nofp\libgcc.a(_aeabi_uldivmod.o)
                0x0000000008000230                __aeabi_uldivmod
 .text          0x0000000008000260      0x2d0 c:/st/stm32cubeide_1.11.0/stm32cubeide/plugins/com.st.stm32cube.ide.mcu.externaltools.gnu-tools-for-stm32.10.3-2021.10.win32_1.0.100.202210260954/tools/bin/../lib/gcc/arm-none-eabi/10.3.1/thumb/v7e-m/nofp\libgcc.a(_udivmoddi4.o)
                0x0000000008000260                __udivmoddi4
 .text          0x0000000008000530        0x4 c:/st/stm32cubeide_1.11.0/stm32cubeide/plugins/com.st.stm32cube.ide.mcu.externaltools.gnu-tools-for-stm32.10.3-2021.10.win32_1.0.100.202210260954/tools/bin/../lib/gcc/arm-none-eabi/10.3.1/thumb/v7e-m/nofp\libgcc.a(_dvmd_tls.o)
                0x0000000008000530                __aeabi_idiv0
                0x0000000008000530                __aeabi_ldiv0
 *(.text*)
 .text.LL_AHB3_GRP1_EnableClock
                0x0000000008000534       0x30 ./Core/Src/aes.o
 .text.LL_AHB3_GRP1_DisableClock
                0x0000000008000564       0x24 ./Core/Src/aes.o
 .text._write   0x0000000008000588       0x2c ./Core/Src/aes.o
                0x0000000008000588                _write
 .text.MX_AES_Init
                0x00000000080005b4       0x58 ./Core/Src/aes.o
                0x00000000080005b4                MX_AES_Init
 .text.HAL_CRYP_MspInit
                0x000000000800060c       0x28 ./Core/Src/aes.o
                0x000000000800060c                HAL_CRYP_MspInit
 .text.HAL_CRYP_MspDeInit
                0x0000000008000634       0x28 ./Core/Src/aes.o
                0x0000000008000634                HAL_CRYP_MspDeInit
 .text.AES_Encrypt_MasterPacket
                0x000000000800065c       0x54 ./Core/Src/aes.o
                0x000000000800065c                AES_Encrypt_MasterPacket
 .text.AES_decrypt_MasterPacket
                0x00000000080006b0       0x3c ./Core/Src/aes.o
                0x00000000080006b0                AES_decrypt_MasterPacket
 .text.AES_Encrypt
                0x00000000080006ec       0x88 ./Core/Src/aes.o
                0x00000000080006ec                AES_Encrypt
 .text.AES_Decrypt
                0x0000000008000774       0x88 ./Core/Src/aes.o
                0x0000000008000774                AES_Decrypt
 .text.setNodeId
                0x00000000080007fc       0x50 ./Core/Src/aes.o
                0x00000000080007fc                setNodeId
 .text.Uart_Indicate
                0x000000000800084c      0x120 ./Core/Src/aes.o
                0x000000000800084c                Uart_Indicate
 .text.LL_AHB1_GRP1_EnableClock
                0x000000000800096c       0x30 ./Core/Src/dma.o
 .text.MX_DMA_Init
                0x000000000800099c       0x24 ./Core/Src/dma.o
                0x000000000800099c                MX_DMA_Init
 .text.LL_AHB2_GRP1_EnableClock
                0x00000000080009c0       0x30 ./Core/Src/gpio.o
 .text.MX_GPIO_Init
                0x00000000080009f0      0x148 ./Core/Src/gpio.o
                0x00000000080009f0                MX_GPIO_Init
 .text.LL_RCC_LSE_SetDriveCapability
                0x0000000008000b38       0x2a ./Core/Src/main.o
 .text.main     0x0000000008000b62       0x32 ./Core/Src/main.o
                0x0000000008000b62                main
 .text.SystemClock_Config
                0x0000000008000b94       0xb0 ./Core/Src/main.o
                0x0000000008000b94                SystemClock_Config
 .text.HAL_GPIO_EXTI_Callback
                0x0000000008000c44      0x290 ./Core/Src/main.o
                0x0000000008000c44                HAL_GPIO_EXTI_Callback
 .text.HAL_TIM_PeriodElapsedCallback
                0x0000000008000ed4       0x24 ./Core/Src/main.o
                0x0000000008000ed4                HAL_TIM_PeriodElapsedCallback
 .text.Error_Handler
                0x0000000008000ef8        0xa ./Core/Src/main.o
                0x0000000008000ef8                Error_Handler
 .text.HAL_MspInit
                0x0000000008000f02        0xc ./Core/Src/stm32wlxx_hal_msp.o
                0x0000000008000f02                HAL_MspInit
 .text.LL_APB2_GRP1_EnableClock
                0x0000000008000f0e       0x30 ./Core/Src/stm32wlxx_hal_timebase_tim.o
 *fill*         0x0000000008000f3e        0x2 
 .text.HAL_InitTick
                0x0000000008000f40       0xcc ./Core/Src/stm32wlxx_hal_timebase_tim.o
                0x0000000008000f40                HAL_InitTick
 .text.NMI_Handler
                0x000000000800100c        0x6 ./Core/Src/stm32wlxx_it.o
                0x000000000800100c                NMI_Handler
 .text.HardFault_Handler
                0x0000000008001012        0x6 ./Core/Src/stm32wlxx_it.o
                0x0000000008001012                HardFault_Handler
 .text.MemManage_Handler
                0x0000000008001018        0x6 ./Core/Src/stm32wlxx_it.o
                0x0000000008001018                MemManage_Handler
 .text.BusFault_Handler
                0x000000000800101e        0x6 ./Core/Src/stm32wlxx_it.o
                0x000000000800101e                BusFault_Handler
 .text.UsageFault_Handler
                0x0000000008001024        0x6 ./Core/Src/stm32wlxx_it.o
                0x0000000008001024                UsageFault_Handler
 .text.SVC_Handler
                0x000000000800102a        0xc ./Core/Src/stm32wlxx_it.o
                0x000000000800102a                SVC_Handler
 .text.DebugMon_Handler
                0x0000000008001036        0xc ./Core/Src/stm32wlxx_it.o
                0x0000000008001036                DebugMon_Handler
 .text.PendSV_Handler
                0x0000000008001042        0xc ./Core/Src/stm32wlxx_it.o
                0x0000000008001042                PendSV_Handler
 .text.SysTick_Handler
                0x000000000800104e        0xc ./Core/Src/stm32wlxx_it.o
                0x000000000800104e                SysTick_Handler
 .text.EXTI0_IRQHandler
                0x000000000800105a        0xe ./Core/Src/stm32wlxx_it.o
                0x000000000800105a                EXTI0_IRQHandler
 .text.EXTI1_IRQHandler
                0x0000000008001068        0xe ./Core/Src/stm32wlxx_it.o
                0x0000000008001068                EXTI1_IRQHandler
 *fill*         0x0000000008001076        0x2 
 .text.DMA1_Channel1_IRQHandler
                0x0000000008001078       0x14 ./Core/Src/stm32wlxx_it.o
                0x0000000008001078                DMA1_Channel1_IRQHandler
 .text.EXTI9_5_IRQHandler
                0x000000000800108c        0xe ./Core/Src/stm32wlxx_it.o
                0x000000000800108c                EXTI9_5_IRQHandler
 *fill*         0x000000000800109a        0x2 
 .text.TIM17_IRQHandler
                0x000000000800109c       0x14 ./Core/Src/stm32wlxx_it.o
                0x000000000800109c                TIM17_IRQHandler
 .text.USART2_IRQHandler
                0x00000000080010b0       0x14 ./Core/Src/stm32wlxx_it.o
                0x00000000080010b0                USART2_IRQHandler
 .text.SUBGHZ_Radio_IRQHandler
                0x00000000080010c4       0x14 ./Core/Src/stm32wlxx_it.o
                0x00000000080010c4                SUBGHZ_Radio_IRQHandler
 .text.LL_APB3_GRP1_EnableClock
                0x00000000080010d8       0x30 ./Core/Src/subghz.o
 .text.MX_SUBGHZ_Init
                0x0000000008001108       0x24 ./Core/Src/subghz.o
                0x0000000008001108                MX_SUBGHZ_Init
 .text.HAL_SUBGHZ_MspInit
                0x000000000800112c       0x26 ./Core/Src/subghz.o
                0x000000000800112c                HAL_SUBGHZ_MspInit
 *fill*         0x0000000008001152        0x2 
 .text.radioInit
                0x0000000008001154       0xd8 ./Core/Src/subghz.o
                0x0000000008001154                radioInit
 .text.RadioOnDioIrq
                0x000000000800122c       0x8c ./Core/Src/subghz.o
                0x000000000800122c                RadioOnDioIrq
 .text.eventTxDone
                0x00000000080012b8       0x68 ./Core/Src/subghz.o
                0x00000000080012b8                eventTxDone
 .text.eventRxDone
                0x0000000008001320       0xf4 ./Core/Src/subghz.o
                0x0000000008001320                eventRxDone
 .text.eventTxTimeout
                0x0000000008001414       0x68 ./Core/Src/subghz.o
                0x0000000008001414                eventTxTimeout
 .text.eventRxTimeout
                0x000000000800147c       0x6c ./Core/Src/subghz.o
                0x000000000800147c                eventRxTimeout
 .text.eventRxError
                0x00000000080014e8       0x6c ./Core/Src/subghz.o
                0x00000000080014e8                eventRxError
 .text.enterMasterRx
                0x0000000008001554       0x5c ./Core/Src/subghz.o
                0x0000000008001554                enterMasterRx
 .text.enterSlaveRx
                0x00000000080015b0       0x5c ./Core/Src/subghz.o
                0x00000000080015b0                enterSlaveRx
 .text.enterMasterTx
                0x000000000800160c       0x9c ./Core/Src/subghz.o
                0x000000000800160c                enterMasterTx
 .text.transitionRxDone
                0x00000000080016a8       0x8c ./Core/Src/subghz.o
                0x00000000080016a8                transitionRxDone
 .text.fsmInit  0x0000000008001734       0xa4 ./Core/Src/subghz.o
                0x0000000008001734                fsmInit
 .text.SUBGHZ   0x00000000080017d8       0x2c ./Core/Src/subghz.o
                0x00000000080017d8                SUBGHZ
 .text._read    0x0000000008001804       0x3a ./Core/Src/syscalls.o
                0x0000000008001804                _read
 .text._close   0x000000000800183e       0x16 ./Core/Src/syscalls.o
                0x000000000800183e                _close
 .text._fstat   0x0000000008001854       0x1e ./Core/Src/syscalls.o
                0x0000000008001854                _fstat
 .text._isatty  0x0000000008001872       0x14 ./Core/Src/syscalls.o
                0x0000000008001872                _isatty
 .text._lseek   0x0000000008001886       0x18 ./Core/Src/syscalls.o
                0x0000000008001886                _lseek
 *fill*         0x000000000800189e        0x2 
 .text._sbrk    0x00000000080018a0       0x6c ./Core/Src/sysmem.o
                0x00000000080018a0                _sbrk
 .text.SystemInit
                0x000000000800190c        0xc ./Core/Src/system_stm32wlxx.o
                0x000000000800190c                SystemInit
 .text.LL_AHB2_GRP1_EnableClock
                0x0000000008001918       0x30 ./Core/Src/usart.o
 .text.LL_APB1_GRP1_EnableClock
                0x0000000008001948       0x30 ./Core/Src/usart.o
 .text.MX_USART2_UART_Init
                0x0000000008001978       0x98 ./Core/Src/usart.o
                0x0000000008001978                MX_USART2_UART_Init
 .text.HAL_UART_MspInit
                0x0000000008001a10      0x108 ./Core/Src/usart.o
                0x0000000008001a10                HAL_UART_MspInit
 .text.HAL_UARTEx_RxEventCallback
                0x0000000008001b18       0x34 ./Core/Src/usart.o
                0x0000000008001b18                HAL_UARTEx_RxEventCallback
 .text.UartDmaStart
                0x0000000008001b4c       0x30 ./Core/Src/usart.o
                0x0000000008001b4c                UartDmaStart
 .text.Reset_Handler
                0x0000000008001b7c       0x50 ./Core/Startup/startup_stm32wl55jcix.o
                0x0000000008001b7c                Reset_Handler
 .text.Default_Handler
                0x0000000008001bcc        0x2 ./Core/Startup/startup_stm32wl55jcix.o
                0x0000000008001bcc                RTC_Alarm_IRQHandler
                0x0000000008001bcc                EXTI2_IRQHandler
                0x0000000008001bcc                TIM1_CC_IRQHandler
                0x0000000008001bcc                EXTI3_IRQHandler
                0x0000000008001bcc                LPTIM2_IRQHandler
                0x0000000008001bcc                I2C3_ER_IRQHandler
                0x0000000008001bcc                LPTIM3_IRQHandler
                0x0000000008001bcc                I2C2_EV_IRQHandler
                0x0000000008001bcc                TAMP_STAMP_LSECSS_SSRU_IRQHandler
                0x0000000008001bcc                SPI1_IRQHandler
                0x0000000008001bcc                DMA2_Channel2_IRQHandler
                0x0000000008001bcc                DMA1_Channel4_IRQHandler
                0x0000000008001bcc                PKA_IRQHandler
                0x0000000008001bcc                DMA1_Channel7_IRQHandler
                0x0000000008001bcc                SUBGHZSPI_IRQHandler
                0x0000000008001bcc                IPCC_C1_TX_IRQHandler
                0x0000000008001bcc                DMA2_Channel1_IRQHandler
                0x0000000008001bcc                I2C1_EV_IRQHandler
                0x0000000008001bcc                DMAMUX1_OVR_IRQHandler
                0x0000000008001bcc                DMA1_Channel6_IRQHandler
                0x0000000008001bcc                TIM16_IRQHandler
                0x0000000008001bcc                DMA2_Channel4_IRQHandler
                0x0000000008001bcc                RCC_IRQHandler
                0x0000000008001bcc                TIM1_TRG_COM_IRQHandler
                0x0000000008001bcc                Default_Handler
                0x0000000008001bcc                DMA2_Channel7_IRQHandler
                0x0000000008001bcc                EXTI15_10_IRQHandler
                0x0000000008001bcc                IPCC_C1_RX_IRQHandler
                0x0000000008001bcc                ADC_IRQHandler
                0x0000000008001bcc                C2SEV_PWR_C2H_IRQHandler
                0x0000000008001bcc                I2C3_EV_IRQHandler
                0x0000000008001bcc                RTC_WKUP_IRQHandler
                0x0000000008001bcc                PVD_PVM_IRQHandler
                0x0000000008001bcc                SPI2_IRQHandler
                0x0000000008001bcc                DMA2_Channel5_IRQHandler
                0x0000000008001bcc                DMA1_Channel5_IRQHandler
                0x0000000008001bcc                EXTI4_IRQHandler
                0x0000000008001bcc                RNG_IRQHandler
                0x0000000008001bcc                DMA1_Channel3_IRQHandler
                0x0000000008001bcc                COMP_IRQHandler
                0x0000000008001bcc                HSEM_IRQHandler
                0x0000000008001bcc                TIM1_UP_IRQHandler
                0x0000000008001bcc                WWDG_IRQHandler
                0x0000000008001bcc                LPUART1_IRQHandler
                0x0000000008001bcc                DMA2_Channel6_IRQHandler
                0x0000000008001bcc                TIM2_IRQHandler
                0x0000000008001bcc                TIM1_BRK_IRQHandler
                0x0000000008001bcc                DAC_IRQHandler
                0x0000000008001bcc                AES_IRQHandler
                0x0000000008001bcc                I2C2_ER_IRQHandler
                0x0000000008001bcc                DMA1_Channel2_IRQHandler
                0x0000000008001bcc                FLASH_IRQHandler
                0x0000000008001bcc                USART1_IRQHandler
                0x0000000008001bcc                I2C1_ER_IRQHandler
                0x0000000008001bcc                LPTIM1_IRQHandler
                0x0000000008001bcc                DMA2_Channel3_IRQHandler
 .text.LL_AHB2_GRP1_EnableClock
                0x0000000008001bce       0x30 ./Drivers/BSP/STM32WLxx_Nucleo/stm32wlxx_nucleo_radio.o
 *fill*         0x0000000008001bfe        0x2 
 .text.BSP_RADIO_Init
                0x0000000008001c00       0x7c ./Drivers/BSP/STM32WLxx_Nucleo/stm32wlxx_nucleo_radio.o
                0x0000000008001c00                BSP_RADIO_Init
 .text.BSP_RADIO_ConfigRFSwitch
                0x0000000008001c7c       0xb8 ./Drivers/BSP/STM32WLxx_Nucleo/stm32wlxx_nucleo_radio.o
                0x0000000008001c7c                BSP_RADIO_ConfigRFSwitch
 .text.BSP_RADIO_GetTxConfig
                0x0000000008001d34        0xe ./Drivers/BSP/STM32WLxx_Nucleo/stm32wlxx_nucleo_radio.o
                0x0000000008001d34                BSP_RADIO_GetTxConfig
 .text.BSP_RADIO_IsTCXO
                0x0000000008001d42        0xe ./Drivers/BSP/STM32WLxx_Nucleo/stm32wlxx_nucleo_radio.o
                0x0000000008001d42                BSP_RADIO_IsTCXO
 .text.BSP_RADIO_IsDCDC
                0x0000000008001d50        0xe ./Drivers/BSP/STM32WLxx_Nucleo/stm32wlxx_nucleo_radio.o
                0x0000000008001d50                BSP_RADIO_IsDCDC
 .text.BSP_RADIO_GetRFOMaxPowerConfig
                0x0000000008001d5e       0x26 ./Drivers/BSP/STM32WLxx_Nucleo/stm32wlxx_nucleo_radio.o
                0x0000000008001d5e                BSP_RADIO_GetRFOMaxPowerConfig
 .text.RBI_Init
                0x0000000008001d84        0xe ./Drivers/Radio/radio_board_if.o
                0x0000000008001d84                RBI_Init
 .text.RBI_ConfigRFSwitch
                0x0000000008001d92       0x1c ./Drivers/Radio/radio_board_if.o
                0x0000000008001d92                RBI_ConfigRFSwitch
 .text.RBI_GetTxConfig
                0x0000000008001dae        0xe ./Drivers/Radio/radio_board_if.o
                0x0000000008001dae                RBI_GetTxConfig
 .text.RBI_IsTCXO
                0x0000000008001dbc        0xe ./Drivers/Radio/radio_board_if.o
                0x0000000008001dbc                RBI_IsTCXO
 .text.RBI_IsDCDC
                0x0000000008001dca        0xe ./Drivers/Radio/radio_board_if.o
                0x0000000008001dca                RBI_IsDCDC
 .text.RBI_GetRFOMaxPowerConfig
                0x0000000008001dd8       0x1c ./Drivers/Radio/radio_board_if.o
                0x0000000008001dd8                RBI_GetRFOMaxPowerConfig
 .text.SUBGRF_Init
                0x0000000008001df4       0x90 ./Drivers/Radio/radio_driver.o
                0x0000000008001df4                SUBGRF_Init
 .text.SUBGRF_GetOperatingMode
                0x0000000008001e84       0x14 ./Drivers/Radio/radio_driver.o
                0x0000000008001e84                SUBGRF_GetOperatingMode
 .text.SUBGRF_SetPayload
                0x0000000008001e98       0x20 ./Drivers/Radio/radio_driver.o
                0x0000000008001e98                SUBGRF_SetPayload
 .text.SUBGRF_GetPayload
                0x0000000008001eb8       0x44 ./Drivers/Radio/radio_driver.o
                0x0000000008001eb8                SUBGRF_GetPayload
 .text.SUBGRF_SendPayload
                0x0000000008001efc       0x26 ./Drivers/Radio/radio_driver.o
                0x0000000008001efc                SUBGRF_SendPayload
 .text.SUBGRF_SetCrcSeed
                0x0000000008001f22       0x40 ./Drivers/Radio/radio_driver.o
                0x0000000008001f22                SUBGRF_SetCrcSeed
 .text.SUBGRF_SetCrcPolynomial
                0x0000000008001f62       0x40 ./Drivers/Radio/radio_driver.o
                0x0000000008001f62                SUBGRF_SetCrcPolynomial
 .text.SUBGRF_GetRandom
                0x0000000008001fa2       0x8c ./Drivers/Radio/radio_driver.o
                0x0000000008001fa2                SUBGRF_GetRandom
 *fill*         0x000000000800202e        0x2 
 .text.SUBGRF_SetStandby
                0x0000000008002030       0x38 ./Drivers/Radio/radio_driver.o
                0x0000000008002030                SUBGRF_SetStandby
 .text.SUBGRF_SetTx
                0x0000000008002068       0x40 ./Drivers/Radio/radio_driver.o
                0x0000000008002068                SUBGRF_SetTx
 .text.SUBGRF_SetRx
                0x00000000080020a8       0x40 ./Drivers/Radio/radio_driver.o
                0x00000000080020a8                SUBGRF_SetRx
 .text.SUBGRF_SetStopRxTimerOnPreambleDetect
                0x00000000080020e8       0x1e ./Drivers/Radio/radio_driver.o
                0x00000000080020e8                SUBGRF_SetStopRxTimerOnPreambleDetect
 .text.SUBGRF_SetRegulatorMode
                0x0000000008002106       0x2e ./Drivers/Radio/radio_driver.o
                0x0000000008002106                SUBGRF_SetRegulatorMode
 .text.SUBGRF_Calibrate
                0x0000000008002134       0x8c ./Drivers/Radio/radio_driver.o
                0x0000000008002134                SUBGRF_Calibrate
 .text.SUBGRF_CalibrateImage
                0x00000000080021c0       0x94 ./Drivers/Radio/radio_driver.o
                0x00000000080021c0                SUBGRF_CalibrateImage
 .text.SUBGRF_SetPaConfig
                0x0000000008002254       0x44 ./Drivers/Radio/radio_driver.o
                0x0000000008002254                SUBGRF_SetPaConfig
 .text.SUBGRF_SetDioIrqParams
                0x0000000008002298       0x74 ./Drivers/Radio/radio_driver.o
                0x0000000008002298                SUBGRF_SetDioIrqParams
 .text.SUBGRF_SetTcxoMode
                0x000000000800230c       0x42 ./Drivers/Radio/radio_driver.o
                0x000000000800230c                SUBGRF_SetTcxoMode
 *fill*         0x000000000800234e        0x2 
 .text.SUBGRF_SetRfFrequency
                0x0000000008002350       0x8c ./Drivers/Radio/radio_driver.o
                0x0000000008002350                SUBGRF_SetRfFrequency
 .text.SUBGRF_SetPacketType
                0x00000000080023dc       0x38 ./Drivers/Radio/radio_driver.o
                0x00000000080023dc                SUBGRF_SetPacketType
 .text.SUBGRF_GetPacketType
                0x0000000008002414       0x14 ./Drivers/Radio/radio_driver.o
                0x0000000008002414                SUBGRF_GetPacketType
 .text.SUBGRF_SetTxParams
                0x0000000008002428      0x19a ./Drivers/Radio/radio_driver.o
                0x0000000008002428                SUBGRF_SetTxParams
 *fill*         0x00000000080025c2        0x2 
 .text.SUBGRF_SetModulationParams
                0x00000000080025c4      0x1a4 ./Drivers/Radio/radio_driver.o
                0x00000000080025c4                SUBGRF_SetModulationParams
 .text.SUBGRF_SetPacketParams
                0x0000000008002768      0x140 ./Drivers/Radio/radio_driver.o
                0x0000000008002768                SUBGRF_SetPacketParams
 .text.SUBGRF_SetBufferBaseAddress
                0x00000000080028a8       0x2e ./Drivers/Radio/radio_driver.o
                0x00000000080028a8                SUBGRF_SetBufferBaseAddress
 *fill*         0x00000000080028d6        0x2 
 .text.SUBGRF_GetRxBufferStatus
                0x00000000080028d8       0x58 ./Drivers/Radio/radio_driver.o
                0x00000000080028d8                SUBGRF_GetRxBufferStatus
 .text.SUBGRF_GetPacketStatus
                0x0000000008002930       0xa4 ./Drivers/Radio/radio_driver.o
                0x0000000008002930                SUBGRF_GetPacketStatus
 .text.SUBGRF_WriteRegister
                0x00000000080029d4       0x28 ./Drivers/Radio/radio_driver.o
                0x00000000080029d4                SUBGRF_WriteRegister
 .text.SUBGRF_ReadRegister
                0x00000000080029fc       0x28 ./Drivers/Radio/radio_driver.o
                0x00000000080029fc                SUBGRF_ReadRegister
 .text.SUBGRF_WriteRegisters
                0x0000000008002a24       0x44 ./Drivers/Radio/radio_driver.o
                0x0000000008002a24                SUBGRF_WriteRegisters
 .text.SUBGRF_ReadRegisters
                0x0000000008002a68       0x44 ./Drivers/Radio/radio_driver.o
                0x0000000008002a68                SUBGRF_ReadRegisters
 .text.SUBGRF_WriteBuffer
                0x0000000008002aac       0x44 ./Drivers/Radio/radio_driver.o
                0x0000000008002aac                SUBGRF_WriteBuffer
 .text.SUBGRF_ReadBuffer
                0x0000000008002af0       0x44 ./Drivers/Radio/radio_driver.o
                0x0000000008002af0                SUBGRF_ReadBuffer
 .text.SUBGRF_WriteCommand
                0x0000000008002b34       0x44 ./Drivers/Radio/radio_driver.o
                0x0000000008002b34                SUBGRF_WriteCommand
 .text.SUBGRF_ReadCommand
                0x0000000008002b78       0x44 ./Drivers/Radio/radio_driver.o
                0x0000000008002b78                SUBGRF_ReadCommand
 .text.SUBGRF_SetSwitch
                0x0000000008002bbc       0x50 ./Drivers/Radio/radio_driver.o
                0x0000000008002bbc                SUBGRF_SetSwitch
 .text.SUBGRF_SetRfTxPower
                0x0000000008002c0c       0x68 ./Drivers/Radio/radio_driver.o
                0x0000000008002c0c                SUBGRF_SetRfTxPower
 .text.HAL_SUBGHZ_TxCpltCallback
                0x0000000008002c74       0x1c ./Drivers/Radio/radio_driver.o
                0x0000000008002c74                HAL_SUBGHZ_TxCpltCallback
 .text.HAL_SUBGHZ_RxCpltCallback
                0x0000000008002c90       0x1c ./Drivers/Radio/radio_driver.o
                0x0000000008002c90                HAL_SUBGHZ_RxCpltCallback
 .text.HAL_SUBGHZ_CRCErrorCallback
                0x0000000008002cac       0x1c ./Drivers/Radio/radio_driver.o
                0x0000000008002cac                HAL_SUBGHZ_CRCErrorCallback
 .text.HAL_SUBGHZ_CADStatusCallback
                0x0000000008002cc8       0x3c ./Drivers/Radio/radio_driver.o
                0x0000000008002cc8                HAL_SUBGHZ_CADStatusCallback
 .text.HAL_SUBGHZ_RxTxTimeoutCallback
                0x0000000008002d04       0x20 ./Drivers/Radio/radio_driver.o
                0x0000000008002d04                HAL_SUBGHZ_RxTxTimeoutCallback
 .text.HAL_SUBGHZ_HeaderErrorCallback
                0x0000000008002d24       0x1c ./Drivers/Radio/radio_driver.o
                0x0000000008002d24                HAL_SUBGHZ_HeaderErrorCallback
 .text.HAL_SUBGHZ_PreambleDetectedCallback
                0x0000000008002d40       0x1c ./Drivers/Radio/radio_driver.o
                0x0000000008002d40                HAL_SUBGHZ_PreambleDetectedCallback
 .text.HAL_SUBGHZ_SyncWordValidCallback
                0x0000000008002d5c       0x1c ./Drivers/Radio/radio_driver.o
                0x0000000008002d5c                HAL_SUBGHZ_SyncWordValidCallback
 .text.HAL_SUBGHZ_HeaderValidCallback
                0x0000000008002d78       0x1c ./Drivers/Radio/radio_driver.o
                0x0000000008002d78                HAL_SUBGHZ_HeaderValidCallback
 .text.HAL_SUBGHZ_LrFhssHopCallback
                0x0000000008002d94       0x20 ./Drivers/Radio/radio_driver.o
                0x0000000008002d94                HAL_SUBGHZ_LrFhssHopCallback
 .text.Radio_SMPS_Set
                0x0000000008002db4       0x42 ./Drivers/Radio/radio_driver.o
 *fill*         0x0000000008002df6        0x2 
 .text.HAL_Init
                0x0000000008002df8       0x40 ./Drivers/STM32WLxx_HAL_Driver/Src/stm32wlxx_hal.o
                0x0000000008002df8                HAL_Init
 .text.HAL_IncTick
                0x0000000008002e38       0x24 ./Drivers/STM32WLxx_HAL_Driver/Src/stm32wlxx_hal.o
                0x0000000008002e38                HAL_IncTick
 .text.HAL_GetTick
                0x0000000008002e5c       0x14 ./Drivers/STM32WLxx_HAL_Driver/Src/stm32wlxx_hal.o
                0x0000000008002e5c                HAL_GetTick
 .text.HAL_Delay
                0x0000000008002e70       0x48 ./Drivers/STM32WLxx_HAL_Driver/Src/stm32wlxx_hal.o
                0x0000000008002e70                HAL_Delay
 .text.__NVIC_SetPriorityGrouping
                0x0000000008002eb8       0x48 ./Drivers/STM32WLxx_HAL_Driver/Src/stm32wlxx_hal_cortex.o
 .text.__NVIC_GetPriorityGrouping
                0x0000000008002f00       0x1c ./Drivers/STM32WLxx_HAL_Driver/Src/stm32wlxx_hal_cortex.o
 .text.__NVIC_EnableIRQ
                0x0000000008002f1c       0x38 ./Drivers/STM32WLxx_HAL_Driver/Src/stm32wlxx_hal_cortex.o
 .text.__NVIC_SetPriority
                0x0000000008002f54       0x54 ./Drivers/STM32WLxx_HAL_Driver/Src/stm32wlxx_hal_cortex.o
 .text.NVIC_EncodePriority
                0x0000000008002fa8       0x64 ./Drivers/STM32WLxx_HAL_Driver/Src/stm32wlxx_hal_cortex.o
 .text.HAL_NVIC_SetPriorityGrouping
                0x000000000800300c       0x16 ./Drivers/STM32WLxx_HAL_Driver/Src/stm32wlxx_hal_cortex.o
                0x000000000800300c                HAL_NVIC_SetPriorityGrouping
 .text.HAL_NVIC_SetPriority
                0x0000000008003022       0x34 ./Drivers/STM32WLxx_HAL_Driver/Src/stm32wlxx_hal_cortex.o
                0x0000000008003022                HAL_NVIC_SetPriority
 .text.HAL_NVIC_EnableIRQ
                0x0000000008003056       0x1c ./Drivers/STM32WLxx_HAL_Driver/Src/stm32wlxx_hal_cortex.o
                0x0000000008003056                HAL_NVIC_EnableIRQ
 .text.HAL_CRYP_Init
                0x0000000008003072       0x76 ./Drivers/STM32WLxx_HAL_Driver/Src/stm32wlxx_hal_cryp.o
                0x0000000008003072                HAL_CRYP_Init
 .text.HAL_CRYP_DeInit
                0x00000000080030e8       0x5c ./Drivers/STM32WLxx_HAL_Driver/Src/stm32wlxx_hal_cryp.o
                0x00000000080030e8                HAL_CRYP_DeInit
 .text.HAL_CRYP_Encrypt
                0x0000000008003144      0x134 ./Drivers/STM32WLxx_HAL_Driver/Src/stm32wlxx_hal_cryp.o
                0x0000000008003144                HAL_CRYP_Encrypt
 .text.HAL_CRYP_Decrypt
                0x0000000008003278      0x138 ./Drivers/STM32WLxx_HAL_Driver/Src/stm32wlxx_hal_cryp.o
                0x0000000008003278                HAL_CRYP_Decrypt
 .text.HAL_CRYP_ErrorCallback
                0x00000000080033b0       0x12 ./Drivers/STM32WLxx_HAL_Driver/Src/stm32wlxx_hal_cryp.o
                0x00000000080033b0                HAL_CRYP_ErrorCallback
 .text.CRYP_AES_Encrypt
                0x00000000080033c2      0x110 ./Drivers/STM32WLxx_HAL_Driver/Src/stm32wlxx_hal_cryp.o
 .text.CRYP_AES_Decrypt
                0x00000000080034d2      0x29c ./Drivers/STM32WLxx_HAL_Driver/Src/stm32wlxx_hal_cryp.o
 .text.CRYP_AES_ProcessData
                0x000000000800376e      0x170 ./Drivers/STM32WLxx_HAL_Driver/Src/stm32wlxx_hal_cryp.o
 .text.CRYP_SetKey
                0x00000000080038de       0xc4 ./Drivers/STM32WLxx_HAL_Driver/Src/stm32wlxx_hal_cryp.o
 .text.CRYP_AESGCM_Process
                0x00000000080039a2      0x350 ./Drivers/STM32WLxx_HAL_Driver/Src/stm32wlxx_hal_cryp.o
 .text.CRYP_AESCCM_Process
                0x0000000008003cf2      0x35a ./Drivers/STM32WLxx_HAL_Driver/Src/stm32wlxx_hal_cryp.o
 .text.CRYP_GCMCCM_SetHeaderPhase
                0x000000000800404c      0x3ac ./Drivers/STM32WLxx_HAL_Driver/Src/stm32wlxx_hal_cryp.o
 .text.CRYP_WaitOnCCFlag
                0x00000000080043f8       0x4c ./Drivers/STM32WLxx_HAL_Driver/Src/stm32wlxx_hal_cryp.o
 .text.HAL_DMA_Init
                0x0000000008004444      0x150 ./Drivers/STM32WLxx_HAL_Driver/Src/stm32wlxx_hal_dma.o
                0x0000000008004444                HAL_DMA_Init
 .text.HAL_DMA_Start_IT
                0x0000000008004594       0xfc ./Drivers/STM32WLxx_HAL_Driver/Src/stm32wlxx_hal_dma.o
                0x0000000008004594                HAL_DMA_Start_IT
 .text.HAL_DMA_Abort
                0x0000000008004690       0xbc ./Drivers/STM32WLxx_HAL_Driver/Src/stm32wlxx_hal_dma.o
                0x0000000008004690                HAL_DMA_Abort
 .text.HAL_DMA_Abort_IT
                0x000000000800474c       0xbe ./Drivers/STM32WLxx_HAL_Driver/Src/stm32wlxx_hal_dma.o
                0x000000000800474c                HAL_DMA_Abort_IT
 *fill*         0x000000000800480a        0x2 
 .text.HAL_DMA_IRQHandler
                0x000000000800480c      0x18c ./Drivers/STM32WLxx_HAL_Driver/Src/stm32wlxx_hal_dma.o
                0x000000000800480c                HAL_DMA_IRQHandler
 .text.HAL_DMA_ConfigChannelAttributes
                0x0000000008004998       0x5e ./Drivers/STM32WLxx_HAL_Driver/Src/stm32wlxx_hal_dma.o
                0x0000000008004998                HAL_DMA_ConfigChannelAttributes
 .text.DMA_SetConfig
                0x00000000080049f6       0x7a ./Drivers/STM32WLxx_HAL_Driver/Src/stm32wlxx_hal_dma.o
 .text.DMA_CalcDMAMUXChannelBaseAndMask
                0x0000000008004a70       0x90 ./Drivers/STM32WLxx_HAL_Driver/Src/stm32wlxx_hal_dma.o
 .text.DMA_CalcDMAMUXRequestGenBaseAndMask
                0x0000000008004b00       0x48 ./Drivers/STM32WLxx_HAL_Driver/Src/stm32wlxx_hal_dma.o
 .text.HAL_GPIO_Init
                0x0000000008004b48      0x2c0 ./Drivers/STM32WLxx_HAL_Driver/Src/stm32wlxx_hal_gpio.o
                0x0000000008004b48                HAL_GPIO_Init
 .text.HAL_GPIO_WritePin
                0x0000000008004e08       0x2e ./Drivers/STM32WLxx_HAL_Driver/Src/stm32wlxx_hal_gpio.o
                0x0000000008004e08                HAL_GPIO_WritePin
 *fill*         0x0000000008004e36        0x2 
 .text.HAL_GPIO_EXTI_IRQHandler
                0x0000000008004e38       0x30 ./Drivers/STM32WLxx_HAL_Driver/Src/stm32wlxx_hal_gpio.o
                0x0000000008004e38                HAL_GPIO_EXTI_IRQHandler
 .text.HAL_PWR_EnableBkUpAccess
                0x0000000008004e68       0x1c ./Drivers/STM32WLxx_HAL_Driver/Src/stm32wlxx_hal_pwr.o
                0x0000000008004e68                HAL_PWR_EnableBkUpAccess
 .text.HAL_PWREx_GetVoltageRange
                0x0000000008004e84       0x18 ./Drivers/STM32WLxx_HAL_Driver/Src/stm32wlxx_hal_pwr_ex.o
                0x0000000008004e84                HAL_PWREx_GetVoltageRange
 .text.LL_PWR_IsEnabledBkUpAccess
                0x0000000008004e9c       0x24 ./Drivers/STM32WLxx_HAL_Driver/Src/stm32wlxx_hal_rcc.o
 .text.LL_RCC_HSE_EnableTcxo
                0x0000000008004ec0       0x1c ./Drivers/STM32WLxx_HAL_Driver/Src/stm32wlxx_hal_rcc.o
 .text.LL_RCC_HSE_DisableTcxo
                0x0000000008004edc       0x1c ./Drivers/STM32WLxx_HAL_Driver/Src/stm32wlxx_hal_rcc.o
 .text.LL_RCC_HSE_IsEnabledDiv2
                0x0000000008004ef8       0x22 ./Drivers/STM32WLxx_HAL_Driver/Src/stm32wlxx_hal_rcc.o
 .text.LL_RCC_HSE_Enable
                0x0000000008004f1a       0x1c ./Drivers/STM32WLxx_HAL_Driver/Src/stm32wlxx_hal_rcc.o
 .text.LL_RCC_HSE_Disable
                0x0000000008004f36       0x1c ./Drivers/STM32WLxx_HAL_Driver/Src/stm32wlxx_hal_rcc.o
 .text.LL_RCC_HSE_IsReady
                0x0000000008004f52       0x22 ./Drivers/STM32WLxx_HAL_Driver/Src/stm32wlxx_hal_rcc.o
 .text.LL_RCC_HSI_Enable
                0x0000000008004f74       0x1c ./Drivers/STM32WLxx_HAL_Driver/Src/stm32wlxx_hal_rcc.o
 .text.LL_RCC_HSI_Disable
                0x0000000008004f90       0x1c ./Drivers/STM32WLxx_HAL_Driver/Src/stm32wlxx_hal_rcc.o
 .text.LL_RCC_HSI_IsReady
                0x0000000008004fac       0x22 ./Drivers/STM32WLxx_HAL_Driver/Src/stm32wlxx_hal_rcc.o
 .text.LL_RCC_HSI_SetCalibTrimming
                0x0000000008004fce       0x28 ./Drivers/STM32WLxx_HAL_Driver/Src/stm32wlxx_hal_rcc.o
 .text.LL_RCC_LSE_IsReady
                0x0000000008004ff6       0x22 ./Drivers/STM32WLxx_HAL_Driver/Src/stm32wlxx_hal_rcc.o
 .text.LL_RCC_LSI_Enable
                0x0000000008005018       0x20 ./Drivers/STM32WLxx_HAL_Driver/Src/stm32wlxx_hal_rcc.o
 .text.LL_RCC_LSI_Disable
                0x0000000008005038       0x20 ./Drivers/STM32WLxx_HAL_Driver/Src/stm32wlxx_hal_rcc.o
 .text.LL_RCC_LSI_IsReady
                0x0000000008005058       0x22 ./Drivers/STM32WLxx_HAL_Driver/Src/stm32wlxx_hal_rcc.o
 .text.LL_RCC_MSI_Enable
                0x000000000800507a       0x1c ./Drivers/STM32WLxx_HAL_Driver/Src/stm32wlxx_hal_rcc.o
 .text.LL_RCC_MSI_Disable
                0x0000000008005096       0x1c ./Drivers/STM32WLxx_HAL_Driver/Src/stm32wlxx_hal_rcc.o
 .text.LL_RCC_MSI_IsReady
                0x00000000080050b2       0x20 ./Drivers/STM32WLxx_HAL_Driver/Src/stm32wlxx_hal_rcc.o
 .text.LL_RCC_MSI_IsEnabledRangeSelect
                0x00000000080050d2       0x20 ./Drivers/STM32WLxx_HAL_Driver/Src/stm32wlxx_hal_rcc.o
 .text.LL_RCC_MSI_GetRange
                0x00000000080050f2       0x16 ./Drivers/STM32WLxx_HAL_Driver/Src/stm32wlxx_hal_rcc.o
 .text.LL_RCC_MSI_GetRangeAfterStandby
                0x0000000008005108       0x18 ./Drivers/STM32WLxx_HAL_Driver/Src/stm32wlxx_hal_rcc.o
 .text.LL_RCC_MSI_SetCalibTrimming
                0x0000000008005120       0x28 ./Drivers/STM32WLxx_HAL_Driver/Src/stm32wlxx_hal_rcc.o
 .text.LL_RCC_SetSysClkSource
                0x0000000008005148       0x26 ./Drivers/STM32WLxx_HAL_Driver/Src/stm32wlxx_hal_rcc.o
 .text.LL_RCC_GetSysClkSource
                0x000000000800516e       0x16 ./Drivers/STM32WLxx_HAL_Driver/Src/stm32wlxx_hal_rcc.o
 .text.LL_RCC_SetAHBPrescaler
                0x0000000008005184       0x26 ./Drivers/STM32WLxx_HAL_Driver/Src/stm32wlxx_hal_rcc.o
 .text.LL_C2_RCC_SetAHBPrescaler
                0x00000000080051aa       0x2a ./Drivers/STM32WLxx_HAL_Driver/Src/stm32wlxx_hal_rcc.o
 .text.LL_RCC_SetAHB3Prescaler
                0x00000000080051d4       0x2c ./Drivers/STM32WLxx_HAL_Driver/Src/stm32wlxx_hal_rcc.o
 .text.LL_RCC_SetAPB1Prescaler
                0x0000000008005200       0x26 ./Drivers/STM32WLxx_HAL_Driver/Src/stm32wlxx_hal_rcc.o
 .text.LL_RCC_SetAPB2Prescaler
                0x0000000008005226       0x26 ./Drivers/STM32WLxx_HAL_Driver/Src/stm32wlxx_hal_rcc.o
 .text.LL_RCC_GetAHBPrescaler
                0x000000000800524c       0x16 ./Drivers/STM32WLxx_HAL_Driver/Src/stm32wlxx_hal_rcc.o
 .text.LL_RCC_GetAHB3Prescaler
                0x0000000008005262       0x1a ./Drivers/STM32WLxx_HAL_Driver/Src/stm32wlxx_hal_rcc.o
 .text.LL_RCC_GetAPB1Prescaler
                0x000000000800527c       0x16 ./Drivers/STM32WLxx_HAL_Driver/Src/stm32wlxx_hal_rcc.o
 .text.LL_RCC_GetAPB2Prescaler
                0x0000000008005292       0x16 ./Drivers/STM32WLxx_HAL_Driver/Src/stm32wlxx_hal_rcc.o
 .text.LL_RCC_PLL_Enable
                0x00000000080052a8       0x1c ./Drivers/STM32WLxx_HAL_Driver/Src/stm32wlxx_hal_rcc.o
 .text.LL_RCC_PLL_Disable
                0x00000000080052c4       0x1c ./Drivers/STM32WLxx_HAL_Driver/Src/stm32wlxx_hal_rcc.o
 .text.LL_RCC_PLL_IsReady
                0x00000000080052e0       0x22 ./Drivers/STM32WLxx_HAL_Driver/Src/stm32wlxx_hal_rcc.o
 .text.LL_RCC_PLL_GetN
                0x0000000008005302       0x18 ./Drivers/STM32WLxx_HAL_Driver/Src/stm32wlxx_hal_rcc.o
 .text.LL_RCC_PLL_GetR
                0x000000000800531a       0x16 ./Drivers/STM32WLxx_HAL_Driver/Src/stm32wlxx_hal_rcc.o
 .text.LL_RCC_PLL_GetDivider
                0x0000000008005330       0x16 ./Drivers/STM32WLxx_HAL_Driver/Src/stm32wlxx_hal_rcc.o
 .text.LL_RCC_PLL_GetMainSource
                0x0000000008005346       0x16 ./Drivers/STM32WLxx_HAL_Driver/Src/stm32wlxx_hal_rcc.o
 .text.LL_RCC_IsActiveFlag_HPRE
                0x000000000800535c       0x22 ./Drivers/STM32WLxx_HAL_Driver/Src/stm32wlxx_hal_rcc.o
 .text.LL_RCC_IsActiveFlag_C2HPRE
                0x000000000800537e       0x24 ./Drivers/STM32WLxx_HAL_Driver/Src/stm32wlxx_hal_rcc.o
 .text.LL_RCC_IsActiveFlag_SHDHPRE
                0x00000000080053a2       0x24 ./Drivers/STM32WLxx_HAL_Driver/Src/stm32wlxx_hal_rcc.o
 .text.LL_RCC_IsActiveFlag_PPRE1
                0x00000000080053c6       0x22 ./Drivers/STM32WLxx_HAL_Driver/Src/stm32wlxx_hal_rcc.o
 .text.LL_RCC_IsActiveFlag_PPRE2
                0x00000000080053e8       0x22 ./Drivers/STM32WLxx_HAL_Driver/Src/stm32wlxx_hal_rcc.o
 *fill*         0x000000000800540a        0x2 
 .text.HAL_RCC_OscConfig
                0x000000000800540c      0x704 ./Drivers/STM32WLxx_HAL_Driver/Src/stm32wlxx_hal_rcc.o
                0x000000000800540c                HAL_RCC_OscConfig
 .text.HAL_RCC_ClockConfig
                0x0000000008005b10      0x284 ./Drivers/STM32WLxx_HAL_Driver/Src/stm32wlxx_hal_rcc.o
                0x0000000008005b10                HAL_RCC_ClockConfig
 .text.HAL_RCC_GetSysClockFreq
                0x0000000008005d94      0x140 ./Drivers/STM32WLxx_HAL_Driver/Src/stm32wlxx_hal_rcc.o
                0x0000000008005d94                HAL_RCC_GetSysClockFreq
 .text.HAL_RCC_GetHCLKFreq
                0x0000000008005ed4       0x28 ./Drivers/STM32WLxx_HAL_Driver/Src/stm32wlxx_hal_rcc.o
                0x0000000008005ed4                HAL_RCC_GetHCLKFreq
 .text.HAL_RCC_GetPCLK1Freq
                0x0000000008005efc       0x24 ./Drivers/STM32WLxx_HAL_Driver/Src/stm32wlxx_hal_rcc.o
                0x0000000008005efc                HAL_RCC_GetPCLK1Freq
 .text.HAL_RCC_GetPCLK2Freq
                0x0000000008005f20       0x24 ./Drivers/STM32WLxx_HAL_Driver/Src/stm32wlxx_hal_rcc.o
                0x0000000008005f20                HAL_RCC_GetPCLK2Freq
 .text.HAL_RCC_GetClockConfig
                0x0000000008005f44       0x90 ./Drivers/STM32WLxx_HAL_Driver/Src/stm32wlxx_hal_rcc.o
                0x0000000008005f44                HAL_RCC_GetClockConfig
 .text.RCC_SetFlashLatencyFromMSIRange
                0x0000000008005fd4       0x60 ./Drivers/STM32WLxx_HAL_Driver/Src/stm32wlxx_hal_rcc.o
 .text.RCC_SetFlashLatency
                0x0000000008006034      0x104 ./Drivers/STM32WLxx_HAL_Driver/Src/stm32wlxx_hal_rcc.o
 .text.LL_RCC_LSE_IsReady
                0x0000000008006138       0x22 ./Drivers/STM32WLxx_HAL_Driver/Src/stm32wlxx_hal_rcc_ex.o
 .text.LL_RCC_SetUSARTClockSource
                0x000000000800615a       0x30 ./Drivers/STM32WLxx_HAL_Driver/Src/stm32wlxx_hal_rcc_ex.o
 .text.LL_RCC_SetI2SClockSource
                0x000000000800618a       0x2a ./Drivers/STM32WLxx_HAL_Driver/Src/stm32wlxx_hal_rcc_ex.o
 .text.LL_RCC_SetLPUARTClockSource
                0x00000000080061b4       0x2a ./Drivers/STM32WLxx_HAL_Driver/Src/stm32wlxx_hal_rcc_ex.o
 .text.LL_RCC_SetI2CClockSource
                0x00000000080061de       0x38 ./Drivers/STM32WLxx_HAL_Driver/Src/stm32wlxx_hal_rcc_ex.o
 .text.LL_RCC_SetLPTIMClockSource
                0x0000000008006216       0x32 ./Drivers/STM32WLxx_HAL_Driver/Src/stm32wlxx_hal_rcc_ex.o
 .text.LL_RCC_SetRNGClockSource
                0x0000000008006248       0x2a ./Drivers/STM32WLxx_HAL_Driver/Src/stm32wlxx_hal_rcc_ex.o
 .text.LL_RCC_SetADCClockSource
                0x0000000008006272       0x2a ./Drivers/STM32WLxx_HAL_Driver/Src/stm32wlxx_hal_rcc_ex.o
 .text.LL_RCC_SetRTCClockSource
                0x000000000800629c       0x2a ./Drivers/STM32WLxx_HAL_Driver/Src/stm32wlxx_hal_rcc_ex.o
 .text.LL_RCC_GetRTCClockSource
                0x00000000080062c6       0x18 ./Drivers/STM32WLxx_HAL_Driver/Src/stm32wlxx_hal_rcc_ex.o
 .text.LL_RCC_ForceBackupDomainReset
                0x00000000080062de       0x20 ./Drivers/STM32WLxx_HAL_Driver/Src/stm32wlxx_hal_rcc_ex.o
 .text.LL_RCC_ReleaseBackupDomainReset
                0x00000000080062fe       0x20 ./Drivers/STM32WLxx_HAL_Driver/Src/stm32wlxx_hal_rcc_ex.o
 *fill*         0x000000000800631e        0x2 
 .text.HAL_RCCEx_PeriphCLKConfig
                0x0000000008006320      0x234 ./Drivers/STM32WLxx_HAL_Driver/Src/stm32wlxx_hal_rcc_ex.o
                0x0000000008006320                HAL_RCCEx_PeriphCLKConfig
 .text.LL_PWR_SetRadioBusyTrigger
                0x0000000008006554       0x28 ./Drivers/STM32WLxx_HAL_Driver/Src/stm32wlxx_hal_subghz.o
 .text.LL_PWR_UnselectSUBGHZSPI_NSS
                0x000000000800657c       0x20 ./Drivers/STM32WLxx_HAL_Driver/Src/stm32wlxx_hal_subghz.o
 .text.LL_PWR_SelectSUBGHZSPI_NSS
                0x000000000800659c       0x20 ./Drivers/STM32WLxx_HAL_Driver/Src/stm32wlxx_hal_subghz.o
 .text.LL_PWR_ClearFlag_RFBUSY
                0x00000000080065bc       0x18 ./Drivers/STM32WLxx_HAL_Driver/Src/stm32wlxx_hal_subghz.o
 .text.LL_PWR_IsActiveFlag_RFBUSYS
                0x00000000080065d4       0x24 ./Drivers/STM32WLxx_HAL_Driver/Src/stm32wlxx_hal_subghz.o
 .text.LL_PWR_IsActiveFlag_RFBUSYMS
                0x00000000080065f8       0x24 ./Drivers/STM32WLxx_HAL_Driver/Src/stm32wlxx_hal_subghz.o
 .text.LL_RCC_RF_DisableReset
                0x000000000800661c       0x20 ./Drivers/STM32WLxx_HAL_Driver/Src/stm32wlxx_hal_subghz.o
 .text.LL_RCC_IsRFUnderReset
                0x000000000800663c       0x24 ./Drivers/STM32WLxx_HAL_Driver/Src/stm32wlxx_hal_subghz.o
 .text.LL_EXTI_EnableIT_32_63
                0x0000000008006660       0x28 ./Drivers/STM32WLxx_HAL_Driver/Src/stm32wlxx_hal_subghz.o
 .text.HAL_SUBGHZ_Init
                0x0000000008006688       0xc8 ./Drivers/STM32WLxx_HAL_Driver/Src/stm32wlxx_hal_subghz.o
                0x0000000008006688                HAL_SUBGHZ_Init
 .text.HAL_SUBGHZ_WriteRegisters
                0x0000000008006750       0xbe ./Drivers/STM32WLxx_HAL_Driver/Src/stm32wlxx_hal_subghz.o
                0x0000000008006750                HAL_SUBGHZ_WriteRegisters
 .text.HAL_SUBGHZ_ReadRegisters
                0x000000000800680e       0xc2 ./Drivers/STM32WLxx_HAL_Driver/Src/stm32wlxx_hal_subghz.o
                0x000000000800680e                HAL_SUBGHZ_ReadRegisters
 .text.HAL_SUBGHZ_ExecSetCmd
                0x00000000080068d0       0xbe ./Drivers/STM32WLxx_HAL_Driver/Src/stm32wlxx_hal_subghz.o
                0x00000000080068d0                HAL_SUBGHZ_ExecSetCmd
 .text.HAL_SUBGHZ_ExecGetCmd
                0x000000000800698e       0xa8 ./Drivers/STM32WLxx_HAL_Driver/Src/stm32wlxx_hal_subghz.o
                0x000000000800698e                HAL_SUBGHZ_ExecGetCmd
 .text.HAL_SUBGHZ_WriteBuffer
                0x0000000008006a36       0xa6 ./Drivers/STM32WLxx_HAL_Driver/Src/stm32wlxx_hal_subghz.o
                0x0000000008006a36                HAL_SUBGHZ_WriteBuffer
 .text.HAL_SUBGHZ_ReadBuffer
                0x0000000008006adc       0xb0 ./Drivers/STM32WLxx_HAL_Driver/Src/stm32wlxx_hal_subghz.o
                0x0000000008006adc                HAL_SUBGHZ_ReadBuffer
 .text.HAL_SUBGHZ_IRQHandler
                0x0000000008006b8c      0x10e ./Drivers/STM32WLxx_HAL_Driver/Src/stm32wlxx_hal_subghz.o
                0x0000000008006b8c                HAL_SUBGHZ_IRQHandler
 *fill*         0x0000000008006c9a        0x2 
 .text.SUBGHZSPI_Init
                0x0000000008006c9c       0x40 ./Drivers/STM32WLxx_HAL_Driver/Src/stm32wlxx_hal_subghz.o
                0x0000000008006c9c                SUBGHZSPI_Init
 .text.SUBGHZSPI_Transmit
                0x0000000008006cdc       0xac ./Drivers/STM32WLxx_HAL_Driver/Src/stm32wlxx_hal_subghz.o
                0x0000000008006cdc                SUBGHZSPI_Transmit
 .text.SUBGHZSPI_Receive
                0x0000000008006d88       0xb0 ./Drivers/STM32WLxx_HAL_Driver/Src/stm32wlxx_hal_subghz.o
                0x0000000008006d88                SUBGHZSPI_Receive
 .text.SUBGHZ_CheckDeviceReady
                0x0000000008006e38       0x48 ./Drivers/STM32WLxx_HAL_Driver/Src/stm32wlxx_hal_subghz.o
                0x0000000008006e38                SUBGHZ_CheckDeviceReady
 .text.SUBGHZ_WaitOnBusy
                0x0000000008006e80       0x5c ./Drivers/STM32WLxx_HAL_Driver/Src/stm32wlxx_hal_subghz.o
                0x0000000008006e80                SUBGHZ_WaitOnBusy
 .text.HAL_TIM_Base_Init
                0x0000000008006edc       0xae ./Drivers/STM32WLxx_HAL_Driver/Src/stm32wlxx_hal_tim.o
                0x0000000008006edc                HAL_TIM_Base_Init
 .text.HAL_TIM_Base_MspInit
                0x0000000008006f8a       0x12 ./Drivers/STM32WLxx_HAL_Driver/Src/stm32wlxx_hal_tim.o
                0x0000000008006f8a                HAL_TIM_Base_MspInit
 .text.HAL_TIM_Base_Start_IT
                0x0000000008006f9c       0x98 ./Drivers/STM32WLxx_HAL_Driver/Src/stm32wlxx_hal_tim.o
                0x0000000008006f9c                HAL_TIM_Base_Start_IT
 .text.HAL_TIM_IRQHandler
                0x0000000008007034      0x23e ./Drivers/STM32WLxx_HAL_Driver/Src/stm32wlxx_hal_tim.o
                0x0000000008007034                HAL_TIM_IRQHandler
 .text.HAL_TIM_OC_DelayElapsedCallback
                0x0000000008007272       0x12 ./Drivers/STM32WLxx_HAL_Driver/Src/stm32wlxx_hal_tim.o
                0x0000000008007272                HAL_TIM_OC_DelayElapsedCallback
 .text.HAL_TIM_IC_CaptureCallback
                0x0000000008007284       0x12 ./Drivers/STM32WLxx_HAL_Driver/Src/stm32wlxx_hal_tim.o
                0x0000000008007284                HAL_TIM_IC_CaptureCallback
 .text.HAL_TIM_PWM_PulseFinishedCallback
                0x0000000008007296       0x12 ./Drivers/STM32WLxx_HAL_Driver/Src/stm32wlxx_hal_tim.o
                0x0000000008007296                HAL_TIM_PWM_PulseFinishedCallback
 .text.HAL_TIM_TriggerCallback
                0x00000000080072a8       0x12 ./Drivers/STM32WLxx_HAL_Driver/Src/stm32wlxx_hal_tim.o
                0x00000000080072a8                HAL_TIM_TriggerCallback
 *fill*         0x00000000080072ba        0x2 
 .text.TIM_Base_SetConfig
                0x00000000080072bc       0xc4 ./Drivers/STM32WLxx_HAL_Driver/Src/stm32wlxx_hal_tim.o
                0x00000000080072bc                TIM_Base_SetConfig
 .text.HAL_TIMEx_CommutCallback
                0x0000000008007380       0x12 ./Drivers/STM32WLxx_HAL_Driver/Src/stm32wlxx_hal_tim_ex.o
                0x0000000008007380                HAL_TIMEx_CommutCallback
 .text.HAL_TIMEx_BreakCallback
                0x0000000008007392       0x12 ./Drivers/STM32WLxx_HAL_Driver/Src/stm32wlxx_hal_tim_ex.o
                0x0000000008007392                HAL_TIMEx_BreakCallback
 .text.HAL_TIMEx_Break2Callback
                0x00000000080073a4       0x12 ./Drivers/STM32WLxx_HAL_Driver/Src/stm32wlxx_hal_tim_ex.o
                0x00000000080073a4                HAL_TIMEx_Break2Callback
 .text.LL_RCC_GetUSARTClockSource
                0x00000000080073b6       0x24 ./Drivers/STM32WLxx_HAL_Driver/Src/stm32wlxx_hal_uart.o
 .text.LL_RCC_GetLPUARTClockSource
                0x00000000080073da       0x1e ./Drivers/STM32WLxx_HAL_Driver/Src/stm32wlxx_hal_uart.o
 .text.HAL_UART_Init
                0x00000000080073f8       0xa0 ./Drivers/STM32WLxx_HAL_Driver/Src/stm32wlxx_hal_uart.o
                0x00000000080073f8                HAL_UART_Init
 .text.HAL_UART_Transmit
                0x0000000008007498      0x10c ./Drivers/STM32WLxx_HAL_Driver/Src/stm32wlxx_hal_uart.o
                0x0000000008007498                HAL_UART_Transmit
 .text.HAL_UART_IRQHandler
                0x00000000080075a4      0x648 ./Drivers/STM32WLxx_HAL_Driver/Src/stm32wlxx_hal_uart.o
                0x00000000080075a4                HAL_UART_IRQHandler
 .text.HAL_UART_TxCpltCallback
                0x0000000008007bec       0x12 ./Drivers/STM32WLxx_HAL_Driver/Src/stm32wlxx_hal_uart.o
                0x0000000008007bec                HAL_UART_TxCpltCallback
 .text.HAL_UART_RxCpltCallback
                0x0000000008007bfe       0x12 ./Drivers/STM32WLxx_HAL_Driver/Src/stm32wlxx_hal_uart.o
                0x0000000008007bfe                HAL_UART_RxCpltCallback
 .text.HAL_UART_RxHalfCpltCallback
                0x0000000008007c10       0x12 ./Drivers/STM32WLxx_HAL_Driver/Src/stm32wlxx_hal_uart.o
                0x0000000008007c10                HAL_UART_RxHalfCpltCallback
 .text.HAL_UART_ErrorCallback
                0x0000000008007c22       0x12 ./Drivers/STM32WLxx_HAL_Driver/Src/stm32wlxx_hal_uart.o
                0x0000000008007c22                HAL_UART_ErrorCallback
 .text.UART_SetConfig
                0x0000000008007c34      0x4e8 ./Drivers/STM32WLxx_HAL_Driver/Src/stm32wlxx_hal_uart.o
                0x0000000008007c34                UART_SetConfig
 .text.UART_AdvFeatureConfig
                0x000000000800811c      0x142 ./Drivers/STM32WLxx_HAL_Driver/Src/stm32wlxx_hal_uart.o
                0x000000000800811c                UART_AdvFeatureConfig
 .text.UART_CheckIdleState
                0x000000000800825e       0x9c ./Drivers/STM32WLxx_HAL_Driver/Src/stm32wlxx_hal_uart.o
                0x000000000800825e                UART_CheckIdleState
 .text.UART_WaitOnFlagUntilTimeout
                0x00000000080082fa      0x190 ./Drivers/STM32WLxx_HAL_Driver/Src/stm32wlxx_hal_uart.o
                0x00000000080082fa                UART_WaitOnFlagUntilTimeout
 *fill*         0x000000000800848a        0x2 
 .text.UART_Start_Receive_DMA
                0x000000000800848c      0x14c ./Drivers/STM32WLxx_HAL_Driver/Src/stm32wlxx_hal_uart.o
                0x000000000800848c                UART_Start_Receive_DMA
 .text.UART_EndTxTransfer
                0x00000000080085d8       0x80 ./Drivers/STM32WLxx_HAL_Driver/Src/stm32wlxx_hal_uart.o
 .text.UART_EndRxTransfer
                0x0000000008008658       0xca ./Drivers/STM32WLxx_HAL_Driver/Src/stm32wlxx_hal_uart.o
 .text.UART_DMAReceiveCplt
                0x0000000008008722      0x12c ./Drivers/STM32WLxx_HAL_Driver/Src/stm32wlxx_hal_uart.o
 .text.UART_DMARxHalfCplt
                0x000000000800884e       0x3e ./Drivers/STM32WLxx_HAL_Driver/Src/stm32wlxx_hal_uart.o
 .text.UART_DMAError
                0x000000000800888c       0x80 ./Drivers/STM32WLxx_HAL_Driver/Src/stm32wlxx_hal_uart.o
 .text.UART_DMAAbortOnError
                0x000000000800890c       0x2c ./Drivers/STM32WLxx_HAL_Driver/Src/stm32wlxx_hal_uart.o
 .text.UART_EndTransmit_IT
                0x0000000008008938       0x56 ./Drivers/STM32WLxx_HAL_Driver/Src/stm32wlxx_hal_uart.o
 .text.HAL_UARTEx_WakeupCallback
                0x000000000800898e       0x12 ./Drivers/STM32WLxx_HAL_Driver/Src/stm32wlxx_hal_uart_ex.o
                0x000000000800898e                HAL_UARTEx_WakeupCallback
 .text.HAL_UARTEx_RxFifoFullCallback
                0x00000000080089a0       0x12 ./Drivers/STM32WLxx_HAL_Driver/Src/stm32wlxx_hal_uart_ex.o
                0x00000000080089a0                HAL_UARTEx_RxFifoFullCallback
 .text.HAL_UARTEx_TxFifoEmptyCallback
                0x00000000080089b2       0x12 ./Drivers/STM32WLxx_HAL_Driver/Src/stm32wlxx_hal_uart_ex.o
                0x00000000080089b2                HAL_UARTEx_TxFifoEmptyCallback
 .text.HAL_UARTEx_DisableFifoMode
                0x00000000080089c4       0x70 ./Drivers/STM32WLxx_HAL_Driver/Src/stm32wlxx_hal_uart_ex.o
                0x00000000080089c4                HAL_UARTEx_DisableFifoMode
 .text.HAL_UARTEx_SetTxFifoThreshold
                0x0000000008008a34       0x7c ./Drivers/STM32WLxx_HAL_Driver/Src/stm32wlxx_hal_uart_ex.o
                0x0000000008008a34                HAL_UARTEx_SetTxFifoThreshold
 .text.HAL_UARTEx_SetRxFifoThreshold
                0x0000000008008ab0       0x7c ./Drivers/STM32WLxx_HAL_Driver/Src/stm32wlxx_hal_uart_ex.o
                0x0000000008008ab0                HAL_UARTEx_SetRxFifoThreshold
 .text.HAL_UARTEx_ReceiveToIdle_DMA
                0x0000000008008b2c       0xa8 ./Drivers/STM32WLxx_HAL_Driver/Src/stm32wlxx_hal_uart_ex.o
                0x0000000008008b2c                HAL_UARTEx_ReceiveToIdle_DMA
 .text.UARTEx_SetNbDataToProcess
                0x0000000008008bd4       0x98 ./Drivers/STM32WLxx_HAL_Driver/Src/stm32wlxx_hal_uart_ex.o
 .text.UTIL_MEM_set_8
                0x0000000008008c6c       0x36 ./Ultilities/misc/stm32_mem.o
                0x0000000008008c6c                UTIL_MEM_set_8
 *fill*         0x0000000008008ca2        0x2 
 .text.__errno  0x0000000008008ca4        0xc c:/st/stm32cubeide_1.11.0/stm32cubeide/plugins/com.st.stm32cube.ide.mcu.externaltools.gnu-tools-for-stm32.10.3-2021.10.win32_1.0.100.202210260954/tools/bin/../lib/gcc/arm-none-eabi/10.3.1/../../../../arm-none-eabi/lib/thumb/v7e-m/nofp\libc_nano.a(lib_a-errno.o)
                0x0000000008008ca4                __errno
 .text.__libc_init_array
                0x0000000008008cb0       0x48 c:/st/stm32cubeide_1.11.0/stm32cubeide/plugins/com.st.stm32cube.ide.mcu.externaltools.gnu-tools-for-stm32.10.3-2021.10.win32_1.0.100.202210260954/tools/bin/../lib/gcc/arm-none-eabi/10.3.1/../../../../arm-none-eabi/lib/thumb/v7e-m/nofp\libc_nano.a(lib_a-init.o)
                0x0000000008008cb0                __libc_init_array
 .text.memcpy   0x0000000008008cf8       0x1c c:/st/stm32cubeide_1.11.0/stm32cubeide/plugins/com.st.stm32cube.ide.mcu.externaltools.gnu-tools-for-stm32.10.3-2021.10.win32_1.0.100.202210260954/tools/bin/../lib/gcc/arm-none-eabi/10.3.1/../../../../arm-none-eabi/lib/thumb/v7e-m/nofp\libc_nano.a(lib_a-memcpy-stub.o)
                0x0000000008008cf8                memcpy
 .text.memset   0x0000000008008d14       0x10 c:/st/stm32cubeide_1.11.0/stm32cubeide/plugins/com.st.stm32cube.ide.mcu.externaltools.gnu-tools-for-stm32.10.3-2021.10.win32_1.0.100.202210260954/tools/bin/../lib/gcc/arm-none-eabi/10.3.1/../../../../arm-none-eabi/lib/thumb/v7e-m/nofp\libc_nano.a(lib_a-memset.o)
                0x0000000008008d14                memset
 .text.printf   0x0000000008008d24       0x30 c:/st/stm32cubeide_1.11.0/stm32cubeide/plugins/com.st.stm32cube.ide.mcu.externaltools.gnu-tools-for-stm32.10.3-2021.10.win32_1.0.100.202210260954/tools/bin/../lib/gcc/arm-none-eabi/10.3.1/../../../../arm-none-eabi/lib/thumb/v7e-m/nofp\libc_nano.a(lib_a-printf.o)
                0x0000000008008d24                iprintf
                0x0000000008008d24                printf
 .text._puts_r  0x0000000008008d54       0xdc c:/st/stm32cubeide_1.11.0/stm32cubeide/plugins/com.st.stm32cube.ide.mcu.externaltools.gnu-tools-for-stm32.10.3-2021.10.win32_1.0.100.202210260954/tools/bin/../lib/gcc/arm-none-eabi/10.3.1/../../../../arm-none-eabi/lib/thumb/v7e-m/nofp\libc_nano.a(lib_a-puts.o)
                0x0000000008008d54                _puts_r
 .text.puts     0x0000000008008e30       0x10 c:/st/stm32cubeide_1.11.0/stm32cubeide/plugins/com.st.stm32cube.ide.mcu.externaltools.gnu-tools-for-stm32.10.3-2021.10.win32_1.0.100.202210260954/tools/bin/../lib/gcc/arm-none-eabi/10.3.1/../../../../arm-none-eabi/lib/thumb/v7e-m/nofp\libc_nano.a(lib_a-puts.o)
                0x0000000008008e30                puts
 .text.sprintf  0x0000000008008e40       0x40 c:/st/stm32cubeide_1.11.0/stm32cubeide/plugins/com.st.stm32cube.ide.mcu.externaltools.gnu-tools-for-stm32.10.3-2021.10.win32_1.0.100.202210260954/tools/bin/../lib/gcc/arm-none-eabi/10.3.1/../../../../arm-none-eabi/lib/thumb/v7e-m/nofp\libc_nano.a(lib_a-sprintf.o)
                0x0000000008008e40                siprintf
                0x0000000008008e40                sprintf
 .text.strcat   0x0000000008008e80       0x1e c:/st/stm32cubeide_1.11.0/stm32cubeide/plugins/com.st.stm32cube.ide.mcu.externaltools.gnu-tools-for-stm32.10.3-2021.10.win32_1.0.100.202210260954/tools/bin/../lib/gcc/arm-none-eabi/10.3.1/../../../../arm-none-eabi/lib/thumb/v7e-m/nofp\libc_nano.a(lib_a-strcat.o)
                0x0000000008008e80                strcat
 .text.strncmp  0x0000000008008e9e       0x28 c:/st/stm32cubeide_1.11.0/stm32cubeide/plugins/com.st.stm32cube.ide.mcu.externaltools.gnu-tools-for-stm32.10.3-2021.10.win32_1.0.100.202210260954/tools/bin/../lib/gcc/arm-none-eabi/10.3.1/../../../../arm-none-eabi/lib/thumb/v7e-m/nofp\libc_nano.a(lib_a-strncmp.o)
                0x0000000008008e9e                strncmp
 *fill*         0x0000000008008ec6        0x2 
 .text.__swbuf_r
                0x0000000008008ec8       0xa4 c:/st/stm32cubeide_1.11.0/stm32cubeide/plugins/com.st.stm32cube.ide.mcu.externaltools.gnu-tools-for-stm32.10.3-2021.10.win32_1.0.100.202210260954/tools/bin/../lib/gcc/arm-none-eabi/10.3.1/../../../../arm-none-eabi/lib/thumb/v7e-m/nofp\libc_nano.a(lib_a-wbuf.o)
                0x0000000008008ec8                __swbuf_r
 .text.__swsetup_r
                0x0000000008008f6c       0xdc c:/st/stm32cubeide_1.11.0/stm32cubeide/plugins/com.st.stm32cube.ide.mcu.externaltools.gnu-tools-for-stm32.10.3-2021.10.win32_1.0.100.202210260954/tools/bin/../lib/gcc/arm-none-eabi/10.3.1/../../../../arm-none-eabi/lib/thumb/v7e-m/nofp\libc_nano.a(lib_a-wsetup.o)
                0x0000000008008f6c                __swsetup_r
 .text.__sflush_r
                0x0000000008009048      0x104 c:/st/stm32cubeide_1.11.0/stm32cubeide/plugins/com.st.stm32cube.ide.mcu.externaltools.gnu-tools-for-stm32.10.3-2021.10.win32_1.0.100.202210260954/tools/bin/../lib/gcc/arm-none-eabi/10.3.1/../../../../arm-none-eabi/lib/thumb/v7e-m/nofp\libc_nano.a(lib_a-fflush.o)
                0x0000000008009048                __sflush_r
 .text._fflush_r
                0x000000000800914c       0x78 c:/st/stm32cubeide_1.11.0/stm32cubeide/plugins/com.st.stm32cube.ide.mcu.externaltools.gnu-tools-for-stm32.10.3-2021.10.win32_1.0.100.202210260954/tools/bin/../lib/gcc/arm-none-eabi/10.3.1/../../../../arm-none-eabi/lib/thumb/v7e-m/nofp\libc_nano.a(lib_a-fflush.o)
                0x000000000800914c                _fflush_r
 .text.std      0x00000000080091c4       0x48 c:/st/stm32cubeide_1.11.0/stm32cubeide/plugins/com.st.stm32cube.ide.mcu.externaltools.gnu-tools-for-stm32.10.3-2021.10.win32_1.0.100.202210260954/tools/bin/../lib/gcc/arm-none-eabi/10.3.1/../../../../arm-none-eabi/lib/thumb/v7e-m/nofp\libc_nano.a(lib_a-findfp.o)
 .text._cleanup_r
                0x000000000800920c        0xc c:/st/stm32cubeide_1.11.0/stm32cubeide/plugins/com.st.stm32cube.ide.mcu.externaltools.gnu-tools-for-stm32.10.3-2021.10.win32_1.0.100.202210260954/tools/bin/../lib/gcc/arm-none-eabi/10.3.1/../../../../arm-none-eabi/lib/thumb/v7e-m/nofp\libc_nano.a(lib_a-findfp.o)
                0x000000000800920c                _cleanup_r
 .text.__sfmoreglue
                0x0000000008009218       0x2c c:/st/stm32cubeide_1.11.0/stm32cubeide/plugins/com.st.stm32cube.ide.mcu.externaltools.gnu-tools-for-stm32.10.3-2021.10.win32_1.0.100.202210260954/tools/bin/../lib/gcc/arm-none-eabi/10.3.1/../../../../arm-none-eabi/lib/thumb/v7e-m/nofp\libc_nano.a(lib_a-findfp.o)
                0x0000000008009218                __sfmoreglue
 .text.__sfp_lock_acquire
                0x0000000008009244        0xc c:/st/stm32cubeide_1.11.0/stm32cubeide/plugins/com.st.stm32cube.ide.mcu.externaltools.gnu-tools-for-stm32.10.3-2021.10.win32_1.0.100.202210260954/tools/bin/../lib/gcc/arm-none-eabi/10.3.1/../../../../arm-none-eabi/lib/thumb/v7e-m/nofp\libc_nano.a(lib_a-findfp.o)
                0x0000000008009244                __sfp_lock_acquire
 .text.__sfp_lock_release
                0x0000000008009250        0xc c:/st/stm32cubeide_1.11.0/stm32cubeide/plugins/com.st.stm32cube.ide.mcu.externaltools.gnu-tools-for-stm32.10.3-2021.10.win32_1.0.100.202210260954/tools/bin/../lib/gcc/arm-none-eabi/10.3.1/../../../../arm-none-eabi/lib/thumb/v7e-m/nofp\libc_nano.a(lib_a-findfp.o)
                0x0000000008009250                __sfp_lock_release
 .text.__sinit_lock_acquire
                0x000000000800925c        0xc c:/st/stm32cubeide_1.11.0/stm32cubeide/plugins/com.st.stm32cube.ide.mcu.externaltools.gnu-tools-for-stm32.10.3-2021.10.win32_1.0.100.202210260954/tools/bin/../lib/gcc/arm-none-eabi/10.3.1/../../../../arm-none-eabi/lib/thumb/v7e-m/nofp\libc_nano.a(lib_a-findfp.o)
                0x000000000800925c                __sinit_lock_acquire
 .text.__sinit_lock_release
                0x0000000008009268        0xc c:/st/stm32cubeide_1.11.0/stm32cubeide/plugins/com.st.stm32cube.ide.mcu.externaltools.gnu-tools-for-stm32.10.3-2021.10.win32_1.0.100.202210260954/tools/bin/../lib/gcc/arm-none-eabi/10.3.1/../../../../arm-none-eabi/lib/thumb/v7e-m/nofp\libc_nano.a(lib_a-findfp.o)
                0x0000000008009268                __sinit_lock_release
 .text.__sinit  0x0000000008009274       0x70 c:/st/stm32cubeide_1.11.0/stm32cubeide/plugins/com.st.stm32cube.ide.mcu.externaltools.gnu-tools-for-stm32.10.3-2021.10.win32_1.0.100.202210260954/tools/bin/../lib/gcc/arm-none-eabi/10.3.1/../../../../arm-none-eabi/lib/thumb/v7e-m/nofp\libc_nano.a(lib_a-findfp.o)
                0x0000000008009274                __sinit
 .text.__sfp    0x00000000080092e4       0x8c c:/st/stm32cubeide_1.11.0/stm32cubeide/plugins/com.st.stm32cube.ide.mcu.externaltools.gnu-tools-for-stm32.10.3-2021.10.win32_1.0.100.202210260954/tools/bin/../lib/gcc/arm-none-eabi/10.3.1/../../../../arm-none-eabi/lib/thumb/v7e-m/nofp\libc_nano.a(lib_a-findfp.o)
                0x00000000080092e4                __sfp
 .text._fwalk_reent
                0x0000000008009370       0x3e c:/st/stm32cubeide_1.11.0/stm32cubeide/plugins/com.st.stm32cube.ide.mcu.externaltools.gnu-tools-for-stm32.10.3-2021.10.win32_1.0.100.202210260954/tools/bin/../lib/gcc/arm-none-eabi/10.3.1/../../../../arm-none-eabi/lib/thumb/v7e-m/nofp\libc_nano.a(lib_a-fwalk.o)
                0x0000000008009370                _fwalk_reent
 .text.__retarget_lock_init_recursive
                0x00000000080093ae        0x2 c:/st/stm32cubeide_1.11.0/stm32cubeide/plugins/com.st.stm32cube.ide.mcu.externaltools.gnu-tools-for-stm32.10.3-2021.10.win32_1.0.100.202210260954/tools/bin/../lib/gcc/arm-none-eabi/10.3.1/../../../../arm-none-eabi/lib/thumb/v7e-m/nofp\libc_nano.a(lib_a-lock.o)
                0x00000000080093ae                __retarget_lock_init_recursive
 .text.__retarget_lock_acquire_recursive
                0x00000000080093b0        0x2 c:/st/stm32cubeide_1.11.0/stm32cubeide/plugins/com.st.stm32cube.ide.mcu.externaltools.gnu-tools-for-stm32.10.3-2021.10.win32_1.0.100.202210260954/tools/bin/../lib/gcc/arm-none-eabi/10.3.1/../../../../arm-none-eabi/lib/thumb/v7e-m/nofp\libc_nano.a(lib_a-lock.o)
                0x00000000080093b0                __retarget_lock_acquire_recursive
 .text.__retarget_lock_release_recursive
                0x00000000080093b2        0x2 c:/st/stm32cubeide_1.11.0/stm32cubeide/plugins/com.st.stm32cube.ide.mcu.externaltools.gnu-tools-for-stm32.10.3-2021.10.win32_1.0.100.202210260954/tools/bin/../lib/gcc/arm-none-eabi/10.3.1/../../../../arm-none-eabi/lib/thumb/v7e-m/nofp\libc_nano.a(lib_a-lock.o)
                0x00000000080093b2                __retarget_lock_release_recursive
 .text.__swhatbuf_r
                0x00000000080093b4       0x4a c:/st/stm32cubeide_1.11.0/stm32cubeide/plugins/com.st.stm32cube.ide.mcu.externaltools.gnu-tools-for-stm32.10.3-2021.10.win32_1.0.100.202210260954/tools/bin/../lib/gcc/arm-none-eabi/10.3.1/../../../../arm-none-eabi/lib/thumb/v7e-m/nofp\libc_nano.a(lib_a-makebuf.o)
                0x00000000080093b4                __swhatbuf_r
 *fill*         0x00000000080093fe        0x2 
 .text.__smakebuf_r
                0x0000000008009400       0x80 c:/st/stm32cubeide_1.11.0/stm32cubeide/plugins/com.st.stm32cube.ide.mcu.externaltools.gnu-tools-for-stm32.10.3-2021.10.win32_1.0.100.202210260954/tools/bin/../lib/gcc/arm-none-eabi/10.3.1/../../../../arm-none-eabi/lib/thumb/v7e-m/nofp\libc_nano.a(lib_a-makebuf.o)
                0x0000000008009400                __smakebuf_r
 .text._free_r  0x0000000008009480       0x94 c:/st/stm32cubeide_1.11.0/stm32cubeide/plugins/com.st.stm32cube.ide.mcu.externaltools.gnu-tools-for-stm32.10.3-2021.10.win32_1.0.100.202210260954/tools/bin/../lib/gcc/arm-none-eabi/10.3.1/../../../../arm-none-eabi/lib/thumb/v7e-m/nofp\libc_nano.a(lib_a-nano-freer.o)
                0x0000000008009480                _free_r
 .text.sbrk_aligned
                0x0000000008009514       0x40 c:/st/stm32cubeide_1.11.0/stm32cubeide/plugins/com.st.stm32cube.ide.mcu.externaltools.gnu-tools-for-stm32.10.3-2021.10.win32_1.0.100.202210260954/tools/bin/../lib/gcc/arm-none-eabi/10.3.1/../../../../arm-none-eabi/lib/thumb/v7e-m/nofp\libc_nano.a(lib_a-nano-mallocr.o)
 .text._malloc_r
                0x0000000008009554       0xe8 c:/st/stm32cubeide_1.11.0/stm32cubeide/plugins/com.st.stm32cube.ide.mcu.externaltools.gnu-tools-for-stm32.10.3-2021.10.win32_1.0.100.202210260954/tools/bin/../lib/gcc/arm-none-eabi/10.3.1/../../../../arm-none-eabi/lib/thumb/v7e-m/nofp\libc_nano.a(lib_a-nano-mallocr.o)
                0x0000000008009554                _malloc_r
 .text.__ssputs_r
                0x000000000800963c       0xb6 c:/st/stm32cubeide_1.11.0/stm32cubeide/plugins/com.st.stm32cube.ide.mcu.externaltools.gnu-tools-for-stm32.10.3-2021.10.win32_1.0.100.202210260954/tools/bin/../lib/gcc/arm-none-eabi/10.3.1/../../../../arm-none-eabi/lib/thumb/v7e-m/nofp\libc_nano.a(lib_a-nano-svfprintf.o)
                0x000000000800963c                __ssputs_r
 *fill*         0x00000000080096f2        0x2 
 .text._svfprintf_r
                0x00000000080096f4      0x200 c:/st/stm32cubeide_1.11.0/stm32cubeide/plugins/com.st.stm32cube.ide.mcu.externaltools.gnu-tools-for-stm32.10.3-2021.10.win32_1.0.100.202210260954/tools/bin/../lib/gcc/arm-none-eabi/10.3.1/../../../../arm-none-eabi/lib/thumb/v7e-m/nofp\libc_nano.a(lib_a-nano-svfprintf.o)
                0x00000000080096f4                _svfiprintf_r
                0x00000000080096f4                _svfprintf_r
 .text.__sfputc_r
                0x00000000080098f4       0x2a c:/st/stm32cubeide_1.11.0/stm32cubeide/plugins/com.st.stm32cube.ide.mcu.externaltools.gnu-tools-for-stm32.10.3-2021.10.win32_1.0.100.202210260954/tools/bin/../lib/gcc/arm-none-eabi/10.3.1/../../../../arm-none-eabi/lib/thumb/v7e-m/nofp\libc_nano.a(lib_a-nano-vfprintf.o)
 .text.__sfputs_r
                0x000000000800991e       0x24 c:/st/stm32cubeide_1.11.0/stm32cubeide/plugins/com.st.stm32cube.ide.mcu.externaltools.gnu-tools-for-stm32.10.3-2021.10.win32_1.0.100.202210260954/tools/bin/../lib/gcc/arm-none-eabi/10.3.1/../../../../arm-none-eabi/lib/thumb/v7e-m/nofp\libc_nano.a(lib_a-nano-vfprintf.o)
                0x000000000800991e                __sfputs_r
 *fill*         0x0000000008009942        0x2 
 .text._vfprintf_r
                0x0000000008009944      0x260 c:/st/stm32cubeide_1.11.0/stm32cubeide/plugins/com.st.stm32cube.ide.mcu.externaltools.gnu-tools-for-stm32.10.3-2021.10.win32_1.0.100.202210260954/tools/bin/../lib/gcc/arm-none-eabi/10.3.1/../../../../arm-none-eabi/lib/thumb/v7e-m/nofp\libc_nano.a(lib_a-nano-vfprintf.o)
                0x0000000008009944                _vfprintf_r
                0x0000000008009944                _vfiprintf_r
 .text._printf_common
                0x0000000008009ba4       0xda c:/st/stm32cubeide_1.11.0/stm32cubeide/plugins/com.st.stm32cube.ide.mcu.externaltools.gnu-tools-for-stm32.10.3-2021.10.win32_1.0.100.202210260954/tools/bin/../lib/gcc/arm-none-eabi/10.3.1/../../../../arm-none-eabi/lib/thumb/v7e-m/nofp\libc_nano.a(lib_a-nano-vfprintf_i.o)
                0x0000000008009ba4                _printf_common
 *fill*         0x0000000008009c7e        0x2 
 .text._printf_i
                0x0000000008009c80      0x24c c:/st/stm32cubeide_1.11.0/stm32cubeide/plugins/com.st.stm32cube.ide.mcu.externaltools.gnu-tools-for-stm32.10.3-2021.10.win32_1.0.100.202210260954/tools/bin/../lib/gcc/arm-none-eabi/10.3.1/../../../../arm-none-eabi/lib/thumb/v7e-m/nofp\libc_nano.a(lib_a-nano-vfprintf_i.o)
                0x0000000008009c80                _printf_i
 .text._sbrk_r  0x0000000008009ecc       0x20 c:/st/stm32cubeide_1.11.0/stm32cubeide/plugins/com.st.stm32cube.ide.mcu.externaltools.gnu-tools-for-stm32.10.3-2021.10.win32_1.0.100.202210260954/tools/bin/../lib/gcc/arm-none-eabi/10.3.1/../../../../arm-none-eabi/lib/thumb/v7e-m/nofp\libc_nano.a(lib_a-sbrkr.o)
                0x0000000008009ecc                _sbrk_r
 .text.__sread  0x0000000008009eec       0x22 c:/st/stm32cubeide_1.11.0/stm32cubeide/plugins/com.st.stm32cube.ide.mcu.externaltools.gnu-tools-for-stm32.10.3-2021.10.win32_1.0.100.202210260954/tools/bin/../lib/gcc/arm-none-eabi/10.3.1/../../../../arm-none-eabi/lib/thumb/v7e-m/nofp\libc_nano.a(lib_a-stdio.o)
                0x0000000008009eec                __sread
 .text.__swrite
                0x0000000008009f0e       0x38 c:/st/stm32cubeide_1.11.0/stm32cubeide/plugins/com.st.stm32cube.ide.mcu.externaltools.gnu-tools-for-stm32.10.3-2021.10.win32_1.0.100.202210260954/tools/bin/../lib/gcc/arm-none-eabi/10.3.1/../../../../arm-none-eabi/lib/thumb/v7e-m/nofp\libc_nano.a(lib_a-stdio.o)
                0x0000000008009f0e                __swrite
 .text.__sseek  0x0000000008009f46       0x24 c:/st/stm32cubeide_1.11.0/stm32cubeide/plugins/com.st.stm32cube.ide.mcu.externaltools.gnu-tools-for-stm32.10.3-2021.10.win32_1.0.100.202210260954/tools/bin/../lib/gcc/arm-none-eabi/10.3.1/../../../../arm-none-eabi/lib/thumb/v7e-m/nofp\libc_nano.a(lib_a-stdio.o)
                0x0000000008009f46                __sseek
 .text.__sclose
                0x0000000008009f6a        0x8 c:/st/stm32cubeide_1.11.0/stm32cubeide/plugins/com.st.stm32cube.ide.mcu.externaltools.gnu-tools-for-stm32.10.3-2021.10.win32_1.0.100.202210260954/tools/bin/../lib/gcc/arm-none-eabi/10.3.1/../../../../arm-none-eabi/lib/thumb/v7e-m/nofp\libc_nano.a(lib_a-stdio.o)
                0x0000000008009f6a                __sclose
 *fill*         0x0000000008009f72        0x2 
 .text._write_r
                0x0000000008009f74       0x24 c:/st/stm32cubeide_1.11.0/stm32cubeide/plugins/com.st.stm32cube.ide.mcu.externaltools.gnu-tools-for-stm32.10.3-2021.10.win32_1.0.100.202210260954/tools/bin/../lib/gcc/arm-none-eabi/10.3.1/../../../../arm-none-eabi/lib/thumb/v7e-m/nofp\libc_nano.a(lib_a-writer.o)
                0x0000000008009f74                _write_r
 .text._close_r
                0x0000000008009f98       0x20 c:/st/stm32cubeide_1.11.0/stm32cubeide/plugins/com.st.stm32cube.ide.mcu.externaltools.gnu-tools-for-stm32.10.3-2021.10.win32_1.0.100.202210260954/tools/bin/../lib/gcc/arm-none-eabi/10.3.1/../../../../arm-none-eabi/lib/thumb/v7e-m/nofp\libc_nano.a(lib_a-closer.o)
                0x0000000008009f98                _close_r
 .text._fstat_r
                0x0000000008009fb8       0x24 c:/st/stm32cubeide_1.11.0/stm32cubeide/plugins/com.st.stm32cube.ide.mcu.externaltools.gnu-tools-for-stm32.10.3-2021.10.win32_1.0.100.202210260954/tools/bin/../lib/gcc/arm-none-eabi/10.3.1/../../../../arm-none-eabi/lib/thumb/v7e-m/nofp\libc_nano.a(lib_a-fstatr.o)
                0x0000000008009fb8                _fstat_r
 .text._isatty_r
                0x0000000008009fdc       0x20 c:/st/stm32cubeide_1.11.0/stm32cubeide/plugins/com.st.stm32cube.ide.mcu.externaltools.gnu-tools-for-stm32.10.3-2021.10.win32_1.0.100.202210260954/tools/bin/../lib/gcc/arm-none-eabi/10.3.1/../../../../arm-none-eabi/lib/thumb/v7e-m/nofp\libc_nano.a(lib_a-isattyr.o)
                0x0000000008009fdc                _isatty_r
 .text._lseek_r
                0x0000000008009ffc       0x24 c:/st/stm32cubeide_1.11.0/stm32cubeide/plugins/com.st.stm32cube.ide.mcu.externaltools.gnu-tools-for-stm32.10.3-2021.10.win32_1.0.100.202210260954/tools/bin/../lib/gcc/arm-none-eabi/10.3.1/../../../../arm-none-eabi/lib/thumb/v7e-m/nofp\libc_nano.a(lib_a-lseekr.o)
                0x0000000008009ffc                _lseek_r
 .text.memmove  0x000000000800a020       0x34 c:/st/stm32cubeide_1.11.0/stm32cubeide/plugins/com.st.stm32cube.ide.mcu.externaltools.gnu-tools-for-stm32.10.3-2021.10.win32_1.0.100.202210260954/tools/bin/../lib/gcc/arm-none-eabi/10.3.1/../../../../arm-none-eabi/lib/thumb/v7e-m/nofp\libc_nano.a(lib_a-memmove.o)
                0x000000000800a020                memmove
 .text.__malloc_lock
                0x000000000800a054        0xc c:/st/stm32cubeide_1.11.0/stm32cubeide/plugins/com.st.stm32cube.ide.mcu.externaltools.gnu-tools-for-stm32.10.3-2021.10.win32_1.0.100.202210260954/tools/bin/../lib/gcc/arm-none-eabi/10.3.1/../../../../arm-none-eabi/lib/thumb/v7e-m/nofp\libc_nano.a(lib_a-mlock.o)
                0x000000000800a054                __malloc_lock
 .text.__malloc_unlock
                0x000000000800a060        0xc c:/st/stm32cubeide_1.11.0/stm32cubeide/plugins/com.st.stm32cube.ide.mcu.externaltools.gnu-tools-for-stm32.10.3-2021.10.win32_1.0.100.202210260954/tools/bin/../lib/gcc/arm-none-eabi/10.3.1/../../../../arm-none-eabi/lib/thumb/v7e-m/nofp\libc_nano.a(lib_a-mlock.o)
                0x000000000800a060                __malloc_unlock
 .text._realloc_r
                0x000000000800a06c       0x5e c:/st/stm32cubeide_1.11.0/stm32cubeide/plugins/com.st.stm32cube.ide.mcu.externaltools.gnu-tools-for-stm32.10.3-2021.10.win32_1.0.100.202210260954/tools/bin/../lib/gcc/arm-none-eabi/10.3.1/../../../../arm-none-eabi/lib/thumb/v7e-m/nofp\libc_nano.a(lib_a-nano-reallocr.o)
                0x000000000800a06c                _realloc_r
 *fill*         0x000000000800a0ca        0x2 
 .text._read_r  0x000000000800a0cc       0x24 c:/st/stm32cubeide_1.11.0/stm32cubeide/plugins/com.st.stm32cube.ide.mcu.externaltools.gnu-tools-for-stm32.10.3-2021.10.win32_1.0.100.202210260954/tools/bin/../lib/gcc/arm-none-eabi/10.3.1/../../../../arm-none-eabi/lib/thumb/v7e-m/nofp\libc_nano.a(lib_a-readr.o)
                0x000000000800a0cc                _read_r
 .text._malloc_usable_size_r
                0x000000000800a0f0       0x10 c:/st/stm32cubeide_1.11.0/stm32cubeide/plugins/com.st.stm32cube.ide.mcu.externaltools.gnu-tools-for-stm32.10.3-2021.10.win32_1.0.100.202210260954/tools/bin/../lib/gcc/arm-none-eabi/10.3.1/../../../../arm-none-eabi/lib/thumb/v7e-m/nofp\libc_nano.a(lib_a-nano-msizer.o)
                0x000000000800a0f0                _malloc_usable_size_r
 *(.glue_7)
 .glue_7        0x000000000800a100        0x0 linker stubs
 *(.glue_7t)
 .glue_7t       0x000000000800a100        0x0 linker stubs
 *(.eh_frame)
 .eh_frame      0x000000000800a100        0x0 c:/st/stm32cubeide_1.11.0/stm32cubeide/plugins/com.st.stm32cube.ide.mcu.externaltools.gnu-tools-for-stm32.10.3-2021.10.win32_1.0.100.202210260954/tools/bin/../lib/gcc/arm-none-eabi/10.3.1/thumb/v7e-m/nofp/crtbegin.o
 *(.init)
 .init          0x000000000800a100        0x4 c:/st/stm32cubeide_1.11.0/stm32cubeide/plugins/com.st.stm32cube.ide.mcu.externaltools.gnu-tools-for-stm32.10.3-2021.10.win32_1.0.100.202210260954/tools/bin/../lib/gcc/arm-none-eabi/10.3.1/thumb/v7e-m/nofp/crti.o
                0x000000000800a100                _init
 .init          0x000000000800a104        0x8 c:/st/stm32cubeide_1.11.0/stm32cubeide/plugins/com.st.stm32cube.ide.mcu.externaltools.gnu-tools-for-stm32.10.3-2021.10.win32_1.0.100.202210260954/tools/bin/../lib/gcc/arm-none-eabi/10.3.1/thumb/v7e-m/nofp/crtn.o
 *(.fini)
 .fini          0x000000000800a10c        0x4 c:/st/stm32cubeide_1.11.0/stm32cubeide/plugins/com.st.stm32cube.ide.mcu.externaltools.gnu-tools-for-stm32.10.3-2021.10.win32_1.0.100.202210260954/tools/bin/../lib/gcc/arm-none-eabi/10.3.1/thumb/v7e-m/nofp/crti.o
                0x000000000800a10c                _fini
 .fini          0x000000000800a110        0x8 c:/st/stm32cubeide_1.11.0/stm32cubeide/plugins/com.st.stm32cube.ide.mcu.externaltools.gnu-tools-for-stm32.10.3-2021.10.win32_1.0.100.202210260954/tools/bin/../lib/gcc/arm-none-eabi/10.3.1/thumb/v7e-m/nofp/crtn.o
                0x000000000800a118                . = ALIGN (0x4)
                0x000000000800a118                _etext = .

.vfp11_veneer   0x000000000800a118        0x0
 .vfp11_veneer  0x000000000800a118        0x0 linker stubs

.v4_bx          0x000000000800a118        0x0
 .v4_bx         0x000000000800a118        0x0 linker stubs

.iplt           0x000000000800a118        0x0
 .iplt          0x000000000800a118        0x0 c:/st/stm32cubeide_1.11.0/stm32cubeide/plugins/com.st.stm32cube.ide.mcu.externaltools.gnu-tools-for-stm32.10.3-2021.10.win32_1.0.100.202210260954/tools/bin/../lib/gcc/arm-none-eabi/10.3.1/thumb/v7e-m/nofp/crtbegin.o

.rodata         0x000000000800a118      0x340
                0x000000000800a118                . = ALIGN (0x4)
 *(.rodata)
 .rodata        0x000000000800a118       0x66 ./Core/Src/aes.o
 *fill*         0x000000000800a17e        0x2 
 .rodata        0x000000000800a180        0xa ./Core/Src/main.o
 *fill*         0x000000000800a18a        0x2 
 .rodata        0x000000000800a18c       0xeb ./Core/Src/subghz.o
 *fill*         0x000000000800a277        0x1 
 .rodata        0x000000000800a278       0x11 ./Drivers/Radio/radio_driver.o
 *fill*         0x000000000800a289        0x3 
 .rodata        0x000000000800a28c       0x30 ./Drivers/STM32WLxx_HAL_Driver/Src/stm32wlxx_hal_cryp.o
 .rodata        0x000000000800a2bc       0x1c ./Drivers/STM32WLxx_HAL_Driver/Src/stm32wlxx_hal_rcc.o
 *(.rodata*)
 .rodata.pKeyAES
                0x000000000800a2d8       0x20 ./Core/Src/aes.o
 .rodata.AHBPrescTable
                0x000000000800a2f8       0x40 ./Core/Src/system_stm32wlxx.o
                0x000000000800a2f8                AHBPrescTable
 .rodata.APBPrescTable
                0x000000000800a338       0x20 ./Core/Src/system_stm32wlxx.o
                0x000000000800a338                APBPrescTable
 .rodata.MSIRangeTable
                0x000000000800a358       0x40 ./Core/Src/system_stm32wlxx.o
                0x000000000800a358                MSIRangeTable
 .rodata.UARTPrescTable
                0x000000000800a398       0x18 ./Drivers/STM32WLxx_HAL_Driver/Src/stm32wlxx_hal_uart.o
                0x000000000800a398                UARTPrescTable
 .rodata.numerator.1
                0x000000000800a3b0        0x8 ./Drivers/STM32WLxx_HAL_Driver/Src/stm32wlxx_hal_uart_ex.o
 .rodata.denominator.0
                0x000000000800a3b8        0x8 ./Drivers/STM32WLxx_HAL_Driver/Src/stm32wlxx_hal_uart_ex.o
 .rodata._global_impure_ptr
                0x000000000800a3c0        0x4 c:/st/stm32cubeide_1.11.0/stm32cubeide/plugins/com.st.stm32cube.ide.mcu.externaltools.gnu-tools-for-stm32.10.3-2021.10.win32_1.0.100.202210260954/tools/bin/../lib/gcc/arm-none-eabi/10.3.1/../../../../arm-none-eabi/lib/thumb/v7e-m/nofp\libc_nano.a(lib_a-impure.o)
                0x000000000800a3c0                _global_impure_ptr
 .rodata.__sf_fake_stderr
                0x000000000800a3c4       0x20 c:/st/stm32cubeide_1.11.0/stm32cubeide/plugins/com.st.stm32cube.ide.mcu.externaltools.gnu-tools-for-stm32.10.3-2021.10.win32_1.0.100.202210260954/tools/bin/../lib/gcc/arm-none-eabi/10.3.1/../../../../arm-none-eabi/lib/thumb/v7e-m/nofp\libc_nano.a(lib_a-findfp.o)
                0x000000000800a3c4                __sf_fake_stderr
 .rodata.__sf_fake_stdin
                0x000000000800a3e4       0x20 c:/st/stm32cubeide_1.11.0/stm32cubeide/plugins/com.st.stm32cube.ide.mcu.externaltools.gnu-tools-for-stm32.10.3-2021.10.win32_1.0.100.202210260954/tools/bin/../lib/gcc/arm-none-eabi/10.3.1/../../../../arm-none-eabi/lib/thumb/v7e-m/nofp\libc_nano.a(lib_a-findfp.o)
                0x000000000800a3e4                __sf_fake_stdin
 .rodata.__sf_fake_stdout
                0x000000000800a404       0x20 c:/st/stm32cubeide_1.11.0/stm32cubeide/plugins/com.st.stm32cube.ide.mcu.externaltools.gnu-tools-for-stm32.10.3-2021.10.win32_1.0.100.202210260954/tools/bin/../lib/gcc/arm-none-eabi/10.3.1/../../../../arm-none-eabi/lib/thumb/v7e-m/nofp\libc_nano.a(lib_a-findfp.o)
                0x000000000800a404                __sf_fake_stdout
 .rodata._svfprintf_r.str1.1
                0x000000000800a424       0x11 c:/st/stm32cubeide_1.11.0/stm32cubeide/plugins/com.st.stm32cube.ide.mcu.externaltools.gnu-tools-for-stm32.10.3-2021.10.win32_1.0.100.202210260954/tools/bin/../lib/gcc/arm-none-eabi/10.3.1/../../../../arm-none-eabi/lib/thumb/v7e-m/nofp\libc_nano.a(lib_a-nano-svfprintf.o)
 .rodata._vfprintf_r.str1.1
                0x000000000800a435       0x11 c:/st/stm32cubeide_1.11.0/stm32cubeide/plugins/com.st.stm32cube.ide.mcu.externaltools.gnu-tools-for-stm32.10.3-2021.10.win32_1.0.100.202210260954/tools/bin/../lib/gcc/arm-none-eabi/10.3.1/../../../../arm-none-eabi/lib/thumb/v7e-m/nofp\libc_nano.a(lib_a-nano-vfprintf.o)
 .rodata._printf_i.str1.1
                0x000000000800a435       0x22 c:/st/stm32cubeide_1.11.0/stm32cubeide/plugins/com.st.stm32cube.ide.mcu.externaltools.gnu-tools-for-stm32.10.3-2021.10.win32_1.0.100.202210260954/tools/bin/../lib/gcc/arm-none-eabi/10.3.1/../../../../arm-none-eabi/lib/thumb/v7e-m/nofp\libc_nano.a(lib_a-nano-vfprintf_i.o)
                0x000000000800a458                . = ALIGN (0x4)
 *fill*         0x000000000800a457        0x1 

.ARM.extab      0x000000000800a458        0x0
                0x000000000800a458                . = ALIGN (0x4)
 *(.ARM.extab* .gnu.linkonce.armextab.*)
                0x000000000800a458                . = ALIGN (0x4)

.ARM            0x000000000800a458        0x8
                0x000000000800a458                . = ALIGN (0x4)
                0x000000000800a458                __exidx_start = .
 *(.ARM.exidx*)
 .ARM.exidx     0x000000000800a458        0x8 c:/st/stm32cubeide_1.11.0/stm32cubeide/plugins/com.st.stm32cube.ide.mcu.externaltools.gnu-tools-for-stm32.10.3-2021.10.win32_1.0.100.202210260954/tools/bin/../lib/gcc/arm-none-eabi/10.3.1/thumb/v7e-m/nofp\libgcc.a(_udivmoddi4.o)
                0x000000000800a460                __exidx_end = .
                0x000000000800a460                . = ALIGN (0x4)

.rel.dyn        0x000000000800a460        0x0
 .rel.iplt      0x000000000800a460        0x0 c:/st/stm32cubeide_1.11.0/stm32cubeide/plugins/com.st.stm32cube.ide.mcu.externaltools.gnu-tools-for-stm32.10.3-2021.10.win32_1.0.100.202210260954/tools/bin/../lib/gcc/arm-none-eabi/10.3.1/thumb/v7e-m/nofp/crtbegin.o

.preinit_array  0x000000000800a460        0x0
                0x000000000800a460                . = ALIGN (0x4)
                0x000000000800a460                PROVIDE (__preinit_array_start = .)
 *(.preinit_array*)
                0x000000000800a460                PROVIDE (__preinit_array_end = .)
                0x000000000800a460                . = ALIGN (0x4)

.init_array     0x000000000800a460        0x4
                0x000000000800a460                . = ALIGN (0x4)
                0x000000000800a460                PROVIDE (__init_array_start = .)
 *(SORT_BY_NAME(.init_array.*))
 *(.init_array*)
 .init_array    0x000000000800a460        0x4 c:/st/stm32cubeide_1.11.0/stm32cubeide/plugins/com.st.stm32cube.ide.mcu.externaltools.gnu-tools-for-stm32.10.3-2021.10.win32_1.0.100.202210260954/tools/bin/../lib/gcc/arm-none-eabi/10.3.1/thumb/v7e-m/nofp/crtbegin.o
                0x000000000800a464                PROVIDE (__init_array_end = .)
                0x000000000800a464                . = ALIGN (0x4)

.fini_array     0x000000000800a464        0x4
                0x000000000800a464                . = ALIGN (0x4)
                [!provide]                        PROVIDE (__fini_array_start = .)
 *(SORT_BY_NAME(.fini_array.*))
 *(.fini_array*)
 .fini_array    0x000000000800a464        0x4 c:/st/stm32cubeide_1.11.0/stm32cubeide/plugins/com.st.stm32cube.ide.mcu.externaltools.gnu-tools-for-stm32.10.3-2021.10.win32_1.0.100.202210260954/tools/bin/../lib/gcc/arm-none-eabi/10.3.1/thumb/v7e-m/nofp/crtbegin.o
                [!provide]                        PROVIDE (__fini_array_end = .)
                0x000000000800a468                . = ALIGN (0x4)