Archive member included to satisfy reference by file (symbol)

c:/st/stm32cubeide_1.11.0/stm32cubeide/plugins/com.st.stm32cube.ide.mcu.externaltools.gnu-tools-for-stm32.10.3-2021.10.win32_1.0.100.202210260954/tools/bin/../lib/gcc/arm-none-eabi/10.3.1/../../../../arm-none-eabi/lib/thumb/v7e-m/nofp\libc_nano.a(lib_a-errno.o)
                              ./Core/Src/syscalls.o (__errno)
c:/st/stm32cubeide_1.11.0/stm32cubeide/plugins/com.st.stm32cube.ide.mcu.externaltools.gnu-tools-for-stm32.10.3-2021.10.win32_1.0.100.202210260954/tools/bin/../lib/gcc/arm-none-eabi/10.3.1/../../../../arm-none-eabi/lib/thumb/v7e-m/nofp\libc_nano.a(lib_a-exit.o)
                              c:/st/stm32cubeide_1.11.0/stm32cubeide/plugins/com.st.stm32cube.ide.mcu.externaltools.gnu-tools-for-stm32.10.3-2021.10.win32_1.0.100.202210260954/tools/bin/../lib/gcc/arm-none-eabi/10.3.1/../../../../arm-none-eabi/lib/thumb/v7e-m/nofp/crt0.o (exit)
c:/st/stm32cubeide_1.11.0/stm32cubeide/plugins/com.st.stm32cube.ide.mcu.externaltools.gnu-tools-for-stm32.10.3-2021.10.win32_1.0.100.202210260954/tools/bin/../lib/gcc/arm-none-eabi/10.3.1/../../../../arm-none-eabi/lib/thumb/v7e-m/nofp\libc_nano.a(lib_a-findfp.o)
                              ./Middlewares/Third_Party/FreeRTOS/Source/tasks.o (__sf_fake_stderr)
c:/st/stm32cubeide_1.11.0/stm32cubeide/plugins/com.st.stm32cube.ide.mcu.externaltools.gnu-tools-for-stm32.10.3-2021.10.win32_1.0.100.202210260954/tools/bin/../lib/gcc/arm-none-eabi/10.3.1/../../../../arm-none-eabi/lib/thumb/v7e-m/nofp\libc_nano.a(lib_a-fwalk.o)
                              c:/st/stm32cubeide_1.11.0/stm32cubeide/plugins/com.st.stm32cube.ide.mcu.externaltools.gnu-tools-for-stm32.10.3-2021.10.win32_1.0.100.202210260954/tools/bin/../lib/gcc/arm-none-eabi/10.3.1/../../../../arm-none-eabi/lib/thumb/v7e-m/nofp\libc_nano.a(lib_a-findfp.o) (_fwalk)
c:/st/stm32cubeide_1.11.0/stm32cubeide/plugins/com.st.stm32cube.ide.mcu.externaltools.gnu-tools-for-stm32.10.3-2021.10.win32_1.0.100.202210260954/tools/bin/../lib/gcc/arm-none-eabi/10.3.1/../../../../arm-none-eabi/lib/thumb/v7e-m/nofp\libc_nano.a(lib_a-impure.o)
                              c:/st/stm32cubeide_1.11.0/stm32cubeide/plugins/com.st.stm32cube.ide.mcu.externaltools.gnu-tools-for-stm32.10.3-2021.10.win32_1.0.100.202210260954/tools/bin/../lib/gcc/arm-none-eabi/10.3.1/../../../../arm-none-eabi/lib/thumb/v7e-m/nofp\libc_nano.a(lib_a-exit.o) (_global_impure_ptr)
c:/st/stm32cubeide_1.11.0/stm32cubeide/plugins/com.st.stm32cube.ide.mcu.externaltools.gnu-tools-for-stm32.10.3-2021.10.win32_1.0.100.202210260954/tools/bin/../lib/gcc/arm-none-eabi/10.3.1/../../../../arm-none-eabi/lib/thumb/v7e-m/nofp\libc_nano.a(lib_a-init.o)
                              c:/st/stm32cubeide_1.11.0/stm32cubeide/plugins/com.st.stm32cube.ide.mcu.externaltools.gnu-tools-for-stm32.10.3-2021.10.win32_1.0.100.202210260954/tools/bin/../lib/gcc/arm-none-eabi/10.3.1/../../../../arm-none-eabi/lib/thumb/v7e-m/nofp/crt0.o (__libc_init_array)
c:/st/stm32cubeide_1.11.0/stm32cubeide/plugins/com.st.stm32cube.ide.mcu.externaltools.gnu-tools-for-stm32.10.3-2021.10.win32_1.0.100.202210260954/tools/bin/../lib/gcc/arm-none-eabi/10.3.1/../../../../arm-none-eabi/lib/thumb/v7e-m/nofp\libc_nano.a(lib_a-lock.o)
                              c:/st/stm32cubeide_1.11.0/stm32cubeide/plugins/com.st.stm32cube.ide.mcu.externaltools.gnu-tools-for-stm32.10.3-2021.10.win32_1.0.100.202210260954/tools/bin/../lib/gcc/arm-none-eabi/10.3.1/../../../../arm-none-eabi/lib/thumb/v7e-m/nofp\libc_nano.a(lib_a-findfp.o) (__retarget_lock_init_recursive)
c:/st/stm32cubeide_1.11.0/stm32cubeide/plugins/com.st.stm32cube.ide.mcu.externaltools.gnu-tools-for-stm32.10.3-2021.10.win32_1.0.100.202210260954/tools/bin/../lib/gcc/arm-none-eabi/10.3.1/../../../../arm-none-eabi/lib/thumb/v7e-m/nofp\libc_nano.a(lib_a-memcpy-stub.o)
                              ./Core/Src/subghz.o (memcpy)
c:/st/stm32cubeide_1.11.0/stm32cubeide/plugins/com.st.stm32cube.ide.mcu.externaltools.gnu-tools-for-stm32.10.3-2021.10.win32_1.0.100.202210260954/tools/bin/../lib/gcc/arm-none-eabi/10.3.1/../../../../arm-none-eabi/lib/thumb/v7e-m/nofp\libc_nano.a(lib_a-memset.o)
                              c:/st/stm32cubeide_1.11.0/stm32cubeide/plugins/com.st.stm32cube.ide.mcu.externaltools.gnu-tools-for-stm32.10.3-2021.10.win32_1.0.100.202210260954/tools/bin/../lib/gcc/arm-none-eabi/10.3.1/../../../../arm-none-eabi/lib/thumb/v7e-m/nofp/crt0.o (memset)
c:/st/stm32cubeide_1.11.0/stm32cubeide/plugins/com.st.stm32cube.ide.mcu.externaltools.gnu-tools-for-stm32.10.3-2021.10.win32_1.0.100.202210260954/tools/bin/../lib/gcc/arm-none-eabi/10.3.1/../../../../arm-none-eabi/lib/thumb/v7e-m/nofp\libc_nano.a(lib_a-nano-mallocr.o)
[...]
Memory Configuration

Name             Origin             Length             Attributes
RAM              0x0000000020000000 0x0000000000010000 xrw
RAM2             0x0000000010000000 0x0000000000008000 xrw
FLASH            0x0000000008000000 0x0000000000040000 xr
*default*        0x0000000000000000 0xffffffffffffffff

Linker script and memory map

LOAD c:/st/stm32cubeide_1.11.0/stm32cubeide/plugins/com.st.stm32cube.ide.mcu.externaltools.gnu-tools-for-stm32.10.3-2021.10.win32_1.0.100.202210260954/tools/bin/../lib/gcc/arm-none-eabi/10.3.1/thumb/v7e-m/nofp/crti.o
LOAD c:/st/stm32cubeide_1.11.0/stm32cubeide/plugins/com.st.stm32cube.ide.mcu.externaltools.gnu-tools-for-stm32.10.3-2021.10.win32_1.0.100.202210260954/tools/bin/../lib/gcc/arm-none-eabi/10.3.1/thumb/v7e-m/nofp/crtbegin.o
LOAD c:/st/stm32cubeide_1.11.0/stm32cubeide/plugins/com.st.stm32cube.ide.mcu.externaltools.gnu-tools-for-stm32.10.3-2021.10.win32_1.0.100.202210260954/tools/bin/../lib/gcc/arm-none-eabi/10.3.1/../../../../arm-none-eabi/lib/thumb/v7e-m/nofp/crt0.o
LOAD ./Core/Src/aes.o
LOAD ./Core/Src/app_freertos.o
LOAD ./Core/Src/dma.o
LOAD ./Core/Src/gpio.o
LOAD ./Core/Src/main.o
LOAD ./Core/Src/stm32wlxx_hal_msp.o
LOAD ./Core/Src/stm32wlxx_hal_timebase_tim.o
LOAD ./Core/Src/stm32wlxx_it.o
LOAD ./Core/Src/subghz.o
LOAD ./Core/Src/syscalls.o
LOAD ./Core/Src/sysmem.o
LOAD ./Core/Src/system_stm32wlxx.o
LOAD ./Core/Src/usart.o
LOAD ./Core/Startup/startup_stm32wl55jcix.o
LOAD ./Drivers/BSP/STM32WLxx_Nucleo/stm32wlxx_nucleo.o
LOAD ./Drivers/BSP/STM32WLxx_Nucleo/stm32wlxx_nucleo_radio.o
LOAD ./Drivers/Radio/radio_board_if.o
LOAD ./Drivers/Radio/radio_driver.o
LOAD ./Drivers/STM32WLxx_HAL_Driver/Src/stm32wlxx_hal.o
LOAD ./Drivers/STM32WLxx_HAL_Driver/Src/stm32wlxx_hal_cortex.o
LOAD ./Drivers/STM32WLxx_HAL_Driver/Src/stm32wlxx_hal_cryp.o
LOAD ./Drivers/STM32WLxx_HAL_Driver/Src/stm32wlxx_hal_cryp_ex.o
LOAD ./Drivers/STM32WLxx_HAL_Driver/Src/stm32wlxx_hal_dma.o
LOAD ./Drivers/STM32WLxx_HAL_Driver/Src/stm32wlxx_hal_dma_ex.o
LOAD ./Drivers/STM32WLxx_HAL_Driver/Src/stm32wlxx_hal_exti.o
LOAD ./Drivers/STM32WLxx_HAL_Driver/Src/stm32wlxx_hal_flash.o
LOAD ./Drivers/STM32WLxx_HAL_Driver/Src/stm32wlxx_hal_flash_ex.o
LOAD ./Drivers/STM32WLxx_HAL_Driver/Src/stm32wlxx_hal_gpio.o
LOAD ./Drivers/STM32WLxx_HAL_Driver/Src/stm32wlxx_hal_pwr.o
LOAD ./Drivers/STM32WLxx_HAL_Driver/Src/stm32wlxx_hal_pwr_ex.o
LOAD ./Drivers/STM32WLxx_HAL_Driver/Src/stm32wlxx_hal_rcc.o
LOAD ./Drivers/STM32WLxx_HAL_Driver/Src/stm32wlxx_hal_rcc_ex.o
LOAD ./Drivers/STM32WLxx_HAL_Driver/Src/stm32wlxx_hal_subghz.o
LOAD ./Drivers/STM32WLxx_HAL_Driver/Src/stm32wlxx_hal_tim.o
LOAD ./Drivers/STM32WLxx_HAL_Driver/Src/stm32wlxx_hal_tim_ex.o
LOAD ./Drivers/STM32WLxx_HAL_Driver/Src/stm32wlxx_hal_uart.o
LOAD ./Drivers/STM32WLxx_HAL_Driver/Src/stm32wlxx_hal_uart_ex.o
LOAD ./Middlewares/Third_Party/FreeRTOS/Source/CMSIS_RTOS/cmsis_os.o
LOAD ./Middlewares/Third_Party/FreeRTOS/Source/croutine.o
LOAD ./Middlewares/Third_Party/FreeRTOS/Source/event_groups.o
LOAD ./Middlewares/Third_Party/FreeRTOS/Source/list.o
LOAD ./Middlewares/Third_Party/FreeRTOS/Source/queue.o
LOAD ./Middlewares/Third_Party/FreeRTOS/Source/stream_buffer.o
LOAD ./Middlewares/Third_Party/FreeRTOS/Source/tasks.o
LOAD ./Middlewares/Third_Party/FreeRTOS/Source/timers.o
LOAD ./Middlewares/Third_Party/FreeRTOS/Source/portable/GCC/ARM_CM3/port.o
LOAD ./Middlewares/Third_Party/FreeRTOS/Source/portable/MemMang/heap_4.o
LOAD ./Ultilities/misc/stm32_mem.o
START GROUP
LOAD c:/st/stm32cubeide_1.11.0/stm32cubeide/plugins/com.st.stm32cube.ide.mcu.externaltools.gnu-tools-for-stm32.10.3-2021.10.win32_1.0.100.202210260954/tools/bin/../lib/gcc/arm-none-eabi/10.3.1/../../../../arm-none-eabi/lib/thumb/v7e-m/nofp\libc_nano.a
LOAD c:/st/stm32cubeide_1.11.0/stm32cubeide/plugins/com.st.stm32cube.ide.mcu.externaltools.gnu-tools-for-stm32.10.3-2021.10.win32_1.0.100.202210260954/tools/bin/../lib/gcc/arm-none-eabi/10.3.1/../../../../arm-none-eabi/lib/thumb/v7e-m/nofp\libm.a
END GROUP
START GROUP
LOAD c:/st/stm32cubeide_1.11.0/stm32cubeide/plugins/com.st.stm32cube.ide.mcu.externaltools.gnu-tools-for-stm32.10.3-2021.10.win32_1.0.100.202210260954/tools/bin/../lib/gcc/arm-none-eabi/10.3.1/thumb/v7e-m/nofp\libgcc.a
LOAD c:/st/stm32cubeide_1.11.0/stm32cubeide/plugins/com.st.stm32cube.ide.mcu.externaltools.gnu-tools-for-stm32.10.3-2021.10.win32_1.0.100.202210260954/tools/bin/../lib/gcc/arm-none-eabi/10.3.1/../../../../arm-none-eabi/lib/thumb/v7e-m/nofp\libc_nano.a
END GROUP
START GROUP
LOAD c:/st/stm32cubeide_1.11.0/stm32cubeide/plugins/com.st.stm32cube.ide.mcu.externaltools.gnu-tools-for-stm32.10.3-2021.10.win32_1.0.100.202210260954/tools/bin/../lib/gcc/arm-none-eabi/10.3.1/thumb/v7e-m/nofp\libgcc.a
LOAD c:/st/stm32cubeide_1.11.0/stm32cubeide/plugins/com.st.stm32cube.ide.mcu.externaltools.gnu-tools-for-stm32.10.3-2021.10.win32_1.0.100.202210260954/tools/bin/../lib/gcc/arm-none-eabi/10.3.1/../../../../arm-none-eabi/lib/thumb/v7e-m/nofp\libc_nano.a
LOAD c:/st/stm32cubeide_1.11.0/stm32cubeide/plugins/com.st.stm32cube.ide.mcu.externaltools.gnu-tools-for-stm32.10.3-2021.10.win32_1.0.100.202210260954/tools/bin/../lib/gcc/arm-none-eabi/10.3.1/../../../../arm-none-eabi/lib/thumb/v7e-m/nofp\libnosys.a
END GROUP
START GROUP
LOAD c:/st/stm32cubeide_1.11.0/stm32cubeide/plugins/com.st.stm32cube.ide.mcu.externaltools.gnu-tools-for-stm32.10.3-2021.10.win32_1.0.100.202210260954/tools/bin/../lib/gcc/arm-none-eabi/10.3.1/thumb/v7e-m/nofp\libgcc.a
LOAD c:/st/stm32cubeide_1.11.0/stm32cubeide/plugins/com.st.stm32cube.ide.mcu.externaltools.gnu-tools-for-stm32.10.3-2021.10.win32_1.0.100.202210260954/tools/bin/../lib/gcc/arm-none-eabi/10.3.1/../../../../arm-none-eabi/lib/thumb/v7e-m/nofp\libc_nano.a
LOAD c:/st/stm32cubeide_1.11.0/stm32cubeide/plugins/com.st.stm32cube.ide.mcu.externaltools.gnu-tools-for-stm32.10.3-2021.10.win32_1.0.100.202210260954/tools/bin/../lib/gcc/arm-none-eabi/10.3.1/../../../../arm-none-eabi/lib/thumb/v7e-m/nofp\libnosys.a
END GROUP
LOAD c:/st/stm32cubeide_1.11.0/stm32cubeide/plugins/com.st.stm32cube.ide.mcu.externaltools.gnu-tools-for-stm32.10.3-2021.10.win32_1.0.100.202210260954/tools/bin/../lib/gcc/arm-none-eabi/10.3.1/thumb/v7e-m/nofp/crtend.o
LOAD c:/st/stm32cubeide_1.11.0/stm32cubeide/plugins/com.st.stm32cube.ide.mcu.externaltools.gnu-tools-for-stm32.10.3-2021.10.win32_1.0.100.202210260954/tools/bin/../lib/gcc/arm-none-eabi/10.3.1/thumb/v7e-m/nofp/crtn.o
                0x0000000020010000                _estack = (ORIGIN (RAM) + LENGTH (RAM))
                0x0000000000000200                _Min_Heap_Size = 0x200
                0x0000000000000400                _Min_Stack_Size = 0x400

.isr_vector     0x0000000008000000      0x138
                0x0000000008000000                . = ALIGN (0x4)
 *(.isr_vector)
 .isr_vector    0x0000000008000000      0x138 ./Core/Startup/startup_stm32wl55jcix.o
                0x0000000008000000                g_pfnVectors
                0x0000000008000138                . = ALIGN (0x4)

.text           0x0000000008000140     0xaed0
                0x0000000008000140                . = ALIGN (0x4)
 *(.text)
 .text          0x0000000008000140       0x40 c:/st/stm32cubeide_1.11.0/stm32cubeide/plugins/com.st.stm32cube.ide.mcu.externaltools.gnu-tools-for-stm32.10.3-2021.10.win32_1.0.100.202210260954/tools/bin/../lib/gcc/arm-none-eabi/10.3.1/thumb/v7e-m/nofp/crtbegin.o
 .text          0x0000000008000180       0x10 c:/st/stm32cubeide_1.11.0/stm32cubeide/plugins/com.st.stm32cube.ide.mcu.externaltools.gnu-tools-for-stm32.10.3-2021.10.win32_1.0.100.202210260954/tools/bin/../lib/gcc/arm-none-eabi/10.3.1/../../../../arm-none-eabi/lib/thumb/v7e-m/nofp\libc_nano.a(lib_a-strlen.o)
                0x0000000008000180                strlen
 .text          0x0000000008000190       0xa0 c:/st/stm32cubeide_1.11.0/stm32cubeide/plugins/com.st.stm32cube.ide.mcu.externaltools.gnu-tools-for-stm32.10.3-2021.10.win32_1.0.100.202210260954/tools/bin/../lib/gcc/arm-none-eabi/10.3.1/../../../../arm-none-eabi/lib/thumb/v7e-m/nofp\libc_nano.a(lib_a-memchr.o)
                0x0000000008000190                memchr
 .text          0x0000000008000230       0x30 c:/st/stm32cubeide_1.11.0/stm32cubeide/plugins/com.st.stm32cube.ide.mcu.externaltools.gnu-tools-for-stm32.10.3-2021.10.win32_1.0.100.202210260954/tools/bin/../lib/gcc/arm-none-eabi/10.3.1/thumb/v7e-m/nofp\libgcc.a(_aeabi_uldivmod.o)
                0x0000000008000230                __aeabi_uldivmod
 .text          0x0000000008000260      0x2d0 c:/st/stm32cubeide_1.11.0/stm32cubeide/plugins/com.st.stm32cube.ide.mcu.externaltools.gnu-tools-for-stm32.10.3-2021.10.win32_1.0.100.202210260954/tools/bin/../lib/gcc/arm-none-eabi/10.3.1/thumb/v7e-m/nofp\libgcc.a(_udivmoddi4.o)
                0x0000000008000260                __udivmoddi4
 .text          0x0000000008000530        0x4 c:/st/stm32cubeide_1.11.0/stm32cubeide/plugins/com.st.stm32cube.ide.mcu.externaltools.gnu-tools-for-stm32.10.3-2021.10.win32_1.0.100.202210260954/tools/bin/../lib/gcc/arm-none-eabi/10.3.1/thumb/v7e-m/nofp\libgcc.a(_dvmd_tls.o)
                0x0000000008000530                __aeabi_idiv0
                0x0000000008000530                __aeabi_ldiv0
 *(.text*)
 .text.LL_AHB3_GRP1_EnableClock
                0x0000000008000534       0x30 ./Core/Src/aes.o
 .text.LL_AHB3_GRP1_DisableClock
                0x0000000008000564       0x24 ./Core/Src/aes.o
 .text._write   0x0000000008000588       0x2c ./Core/Src/aes.o
                0x0000000008000588                _write
 .text.MX_AES_Init
                0x00000000080005b4       0x58 ./Core/Src/aes.o
                0x00000000080005b4                MX_AES_Init
 .text.HAL_CRYP_MspInit
                0x000000000800060c       0x28 ./Core/Src/aes.o
                0x000000000800060c                HAL_CRYP_MspInit
 .text.HAL_CRYP_MspDeInit
                0x0000000008000634       0x28 ./Core/Src/aes.o
                0x0000000008000634                HAL_CRYP_MspDeInit
 .text.AES_start
                0x000000000800065c       0x48 ./Core/Src/aes.o
                0x000000000800065c                AES_start
 .text.print_array
                0x00000000080006a4       0x40 ./Core/Src/aes.o
                0x00000000080006a4                print_array
 .text.AES_Encrypt
                0x00000000080006e4       0x88 ./Core/Src/aes.o
                0x00000000080006e4                AES_Encrypt
 .text.vApplicationGetIdleTaskMemory
                0x000000000800076c       0x34 ./Core/Src/app_freertos.o
                0x000000000800076c                vApplicationGetIdleTaskMemory
 .text.MX_FREERTOS_Init
                0x00000000080007a0       0x68 ./Core/Src/app_freertos.o
                0x00000000080007a0                MX_FREERTOS_Init
 .text.StartLoraTask
                0x0000000008000808       0x14 ./Core/Src/app_freertos.o
                0x0000000008000808                StartLoraTask
 .text.StartGPIOTask
                0x000000000800081c       0x1c ./Core/Src/app_freertos.o
                0x000000000800081c                StartGPIOTask
 .text.LL_AHB1_GRP1_EnableClock
                0x0000000008000838       0x30 ./Core/Src/dma.o
 .text.MX_DMA_Init
                0x0000000008000868       0x24 ./Core/Src/dma.o
                0x0000000008000868                MX_DMA_Init
 .text.LL_AHB2_GRP1_EnableClock
                0x000000000800088c       0x30 ./Core/Src/gpio.o
 .text.MX_GPIO_Init
                0x00000000080008bc       0xe4 ./Core/Src/gpio.o
                0x00000000080008bc                MX_GPIO_Init
 .text.LL_RCC_LSE_SetDriveCapability
                0x00000000080009a0       0x2a ./Core/Src/main.o
 .text.main     0x00000000080009ca       0x36 ./Core/Src/main.o
                0x00000000080009ca                main
 .text.SystemClock_Config
                0x0000000008000a00       0xb0 ./Core/Src/main.o
                0x0000000008000a00                SystemClock_Config
 .text.HAL_GPIO_EXTI_Callback
                0x0000000008000ab0       0x7c ./Core/Src/main.o
                0x0000000008000ab0                HAL_GPIO_EXTI_Callback
 .text.HAL_TIM_PeriodElapsedCallback
                0x0000000008000b2c       0x24 ./Core/Src/main.o
                0x0000000008000b2c                HAL_TIM_PeriodElapsedCallback
 .text.Error_Handler
                0x0000000008000b50        0xa ./Core/Src/main.o
                0x0000000008000b50                Error_Handler
 .text.HAL_MspInit
                0x0000000008000b5a       0x14 ./Core/Src/stm32wlxx_hal_msp.o
                0x0000000008000b5a                HAL_MspInit
 .text.LL_APB2_GRP1_EnableClock
                0x0000000008000b6e       0x30 ./Core/Src/stm32wlxx_hal_timebase_tim.o
 *fill*         0x0000000008000b9e        0x2 
 .text.HAL_InitTick
                0x0000000008000ba0       0xcc ./Core/Src/stm32wlxx_hal_timebase_tim.o
                0x0000000008000ba0                HAL_InitTick
 .text.NMI_Handler
                0x0000000008000c6c        0x6 ./Core/Src/stm32wlxx_it.o
                0x0000000008000c6c                NMI_Handler
 .text.HardFault_Handler
                0x0000000008000c72        0x6 ./Core/Src/stm32wlxx_it.o
                0x0000000008000c72                HardFault_Handler
 .text.MemManage_Handler
                0x0000000008000c78        0x6 ./Core/Src/stm32wlxx_it.o
                0x0000000008000c78                MemManage_Handler
 .text.BusFault_Handler
                0x0000000008000c7e        0x6 ./Core/Src/stm32wlxx_it.o
                0x0000000008000c7e                BusFault_Handler
 .text.UsageFault_Handler
                0x0000000008000c84        0x6 ./Core/Src/stm32wlxx_it.o
                0x0000000008000c84                UsageFault_Handler
 .text.DebugMon_Handler
                0x0000000008000c8a        0xc ./Core/Src/stm32wlxx_it.o
                0x0000000008000c8a                DebugMon_Handler
 .text.EXTI0_IRQHandler
                0x0000000008000c96        0xe ./Core/Src/stm32wlxx_it.o
                0x0000000008000c96                EXTI0_IRQHandler
 .text.EXTI1_IRQHandler
                0x0000000008000ca4        0xe ./Core/Src/stm32wlxx_it.o
                0x0000000008000ca4                EXTI1_IRQHandler
 *fill*         0x0000000008000cb2        0x2 
 .text.DMA1_Channel1_IRQHandler
                0x0000000008000cb4       0x14 ./Core/Src/stm32wlxx_it.o
                0x0000000008000cb4                DMA1_Channel1_IRQHandler
 .text.EXTI9_5_IRQHandler
                0x0000000008000cc8        0xe ./Core/Src/stm32wlxx_it.o
                0x0000000008000cc8                EXTI9_5_IRQHandler
 *fill*         0x0000000008000cd6        0x2 
 .text.TIM17_IRQHandler
                0x0000000008000cd8       0x14 ./Core/Src/stm32wlxx_it.o
                0x0000000008000cd8                TIM17_IRQHandler
 .text.USART2_IRQHandler
                0x0000000008000cec       0x14 ./Core/Src/stm32wlxx_it.o
                0x0000000008000cec                USART2_IRQHandler
 .text.SUBGHZ_Radio_IRQHandler
                0x0000000008000d00       0x14 ./Core/Src/stm32wlxx_it.o
                0x0000000008000d00                SUBGHZ_Radio_IRQHandler
 .text.LL_APB3_GRP1_EnableClock
                0x0000000008000d14       0x30 ./Core/Src/subghz.o
 .text.MX_SUBGHZ_Init
                0x0000000008000d44       0x24 ./Core/Src/subghz.o
                0x0000000008000d44                MX_SUBGHZ_Init
 .text.HAL_SUBGHZ_MspInit
                0x0000000008000d68       0x26 ./Core/Src/subghz.o
                0x0000000008000d68                HAL_SUBGHZ_MspInit
 *fill*         0x0000000008000d8e        0x2 
 .text.radioInit
                0x0000000008000d90       0xd8 ./Core/Src/subghz.o
                0x0000000008000d90                radioInit
 .text.RadioOnDioIrq
                0x0000000008000e68       0x8c ./Core/Src/subghz.o
                0x0000000008000e68                RadioOnDioIrq
 .text.eventTxDone
                0x0000000008000ef4       0x68 ./Core/Src/subghz.o
                0x0000000008000ef4                eventTxDone
 .text.eventRxDone
                0x0000000008000f5c      0x1d4 ./Core/Src/subghz.o
                0x0000000008000f5c                eventRxDone
 .text.eventTxTimeout
                0x0000000008001130       0x68 ./Core/Src/subghz.o
                0x0000000008001130                eventTxTimeout
 .text.eventRxTimeout
                0x0000000008001198       0x6c ./Core/Src/subghz.o
                0x0000000008001198                eventRxTimeout
 .text.eventRxError
                0x0000000008001204       0x6c ./Core/Src/subghz.o
                0x0000000008001204                eventRxError
 .text.enterMasterRx
                0x0000000008001270       0x5c ./Core/Src/subghz.o
                0x0000000008001270                enterMasterRx
 .text.enterSlaveRx
                0x00000000080012cc       0x5c ./Core/Src/subghz.o
                0x00000000080012cc                enterSlaveRx
 .text.enterMasterTx
                0x0000000008001328       0x8c ./Core/Src/subghz.o
                0x0000000008001328                enterMasterTx
 .text.enterSlaveTx
                0x00000000080013b4       0x98 ./Core/Src/subghz.o
                0x00000000080013b4                enterSlaveTx
 .text.transitionRxDone
                0x000000000800144c       0x8c ./Core/Src/subghz.o
                0x000000000800144c                transitionRxDone
 .text.fsmInit  0x00000000080014d8       0xa4 ./Core/Src/subghz.o
                0x00000000080014d8                fsmInit
 .text.SUBGHZ   0x000000000800157c       0x2c ./Core/Src/subghz.o
                0x000000000800157c                SUBGHZ
 .text._read    0x00000000080015a8       0x3a ./Core/Src/syscalls.o
                0x00000000080015a8                _read
 .text._close   0x00000000080015e2       0x16 ./Core/Src/syscalls.o
                0x00000000080015e2                _close
 .text._fstat   0x00000000080015f8       0x1e ./Core/Src/syscalls.o
                0x00000000080015f8                _fstat
 .text._isatty  0x0000000008001616       0x14 ./Core/Src/syscalls.o
                0x0000000008001616                _isatty
 .text._lseek   0x000000000800162a       0x18 ./Core/Src/syscalls.o
                0x000000000800162a                _lseek
 *fill*         0x0000000008001642        0x2 
 .text._sbrk    0x0000000008001644       0x6c ./Core/Src/sysmem.o
                0x0000000008001644                _sbrk
 .text.SystemInit
                0x00000000080016b0        0xc ./Core/Src/system_stm32wlxx.o
                0x00000000080016b0                SystemInit
 .text.LL_AHB2_GRP1_EnableClock
                0x00000000080016bc       0x30 ./Core/Src/usart.o
 .text.LL_APB1_GRP1_EnableClock
                0x00000000080016ec       0x30 ./Core/Src/usart.o
 .text.MX_USART2_UART_Init
                0x000000000800171c       0x98 ./Core/Src/usart.o
                0x000000000800171c                MX_USART2_UART_Init
 .text.HAL_UART_MspInit
                0x00000000080017b4      0x108 ./Core/Src/usart.o
                0x00000000080017b4                HAL_UART_MspInit
 .text.HAL_UARTEx_RxEventCallback
                0x00000000080018bc       0x34 ./Core/Src/usart.o
                0x00000000080018bc                HAL_UARTEx_RxEventCallback
 .text.UartDmaStart
                0x00000000080018f0       0x30 ./Core/Src/usart.o
                0x00000000080018f0                UartDmaStart
 .text.Reset_Handler
                0x0000000008001920       0x50 ./Core/Startup/startup_stm32wl55jcix.o
                0x0000000008001920                Reset_Handler
 .text.Default_Handler
                0x0000000008001970        0x2 ./Core/Startup/startup_stm32wl55jcix.o
                0x0000000008001970                RTC_Alarm_IRQHandler
                0x0000000008001970                EXTI2_IRQHandler
                0x0000000008001970                TIM1_CC_IRQHandler
                0x0000000008001970                EXTI3_IRQHandler
                0x0000000008001970                LPTIM2_IRQHandler
                0x0000000008001970                I2C3_ER_IRQHandler
                0x0000000008001970                LPTIM3_IRQHandler
                0x0000000008001970                I2C2_EV_IRQHandler
                0x0000000008001970                TAMP_STAMP_LSECSS_SSRU_IRQHandler
                0x0000000008001970                SPI1_IRQHandler
                0x0000000008001970                DMA2_Channel2_IRQHandler
                0x0000000008001970                DMA1_Channel4_IRQHandler
                0x0000000008001970                PKA_IRQHandler
                0x0000000008001970                DMA1_Channel7_IRQHandler
                0x0000000008001970                SUBGHZSPI_IRQHandler
                0x0000000008001970                IPCC_C1_TX_IRQHandler
                0x0000000008001970                DMA2_Channel1_IRQHandler
                0x0000000008001970                I2C1_EV_IRQHandler
                0x0000000008001970                DMAMUX1_OVR_IRQHandler
                0x0000000008001970                DMA1_Channel6_IRQHandler
                0x0000000008001970                TIM16_IRQHandler
                0x0000000008001970                DMA2_Channel4_IRQHandler
                0x0000000008001970                RCC_IRQHandler
                0x0000000008001970                TIM1_TRG_COM_IRQHandler
                0x0000000008001970                Default_Handler
                0x0000000008001970                DMA2_Channel7_IRQHandler
                0x0000000008001970                EXTI15_10_IRQHandler
                0x0000000008001970                IPCC_C1_RX_IRQHandler
                0x0000000008001970                ADC_IRQHandler
                0x0000000008001970                C2SEV_PWR_C2H_IRQHandler
                0x0000000008001970                I2C3_EV_IRQHandler
                0x0000000008001970                RTC_WKUP_IRQHandler
                0x0000000008001970                PVD_PVM_IRQHandler
                0x0000000008001970                SPI2_IRQHandler
                0x0000000008001970                DMA2_Channel5_IRQHandler
                0x0000000008001970                DMA1_Channel5_IRQHandler
                0x0000000008001970                EXTI4_IRQHandler
                0x0000000008001970                RNG_IRQHandler
                0x0000000008001970                DMA1_Channel3_IRQHandler
                0x0000000008001970                COMP_IRQHandler
                0x0000000008001970                HSEM_IRQHandler
                0x0000000008001970                TIM1_UP_IRQHandler
                0x0000000008001970                WWDG_IRQHandler
                0x0000000008001970                LPUART1_IRQHandler
                0x0000000008001970                DMA2_Channel6_IRQHandler
                0x0000000008001970                TIM2_IRQHandler
                0x0000000008001970                TIM1_BRK_IRQHandler
                0x0000000008001970                DAC_IRQHandler
                0x0000000008001970                AES_IRQHandler
                0x0000000008001970                I2C2_ER_IRQHandler
                0x0000000008001970                DMA1_Channel2_IRQHandler
                0x0000000008001970                FLASH_IRQHandler
                0x0000000008001970                USART1_IRQHandler
                0x0000000008001970                I2C1_ER_IRQHandler
                0x0000000008001970                LPTIM1_IRQHandler
                0x0000000008001970                DMA2_Channel3_IRQHandler
 *fill*         0x0000000008001972        0x2 
 .text.BSP_LED_Off
                0x0000000008001974       0x34 ./Drivers/BSP/STM32WLxx_Nucleo/stm32wlxx_nucleo.o
                0x0000000008001974                BSP_LED_Off
 .text.BSP_LED_Toggle
                0x00000000080019a8       0x34 ./Drivers/BSP/STM32WLxx_Nucleo/stm32wlxx_nucleo.o
                0x00000000080019a8                BSP_LED_Toggle
 .text.LL_AHB2_GRP1_EnableClock
                0x00000000080019dc       0x30 ./Drivers/BSP/STM32WLxx_Nucleo/stm32wlxx_nucleo_radio.o
 .text.BSP_RADIO_Init
                0x0000000008001a0c       0x7c ./Drivers/BSP/STM32WLxx_Nucleo/stm32wlxx_nucleo_radio.o
                0x0000000008001a0c                BSP_RADIO_Init
 .text.BSP_RADIO_ConfigRFSwitch
                0x0000000008001a88       0xb8 ./Drivers/BSP/STM32WLxx_Nucleo/stm32wlxx_nucleo_radio.o
                0x0000000008001a88                BSP_RADIO_ConfigRFSwitch
 .text.BSP_RADIO_GetTxConfig
                0x0000000008001b40        0xe ./Drivers/BSP/STM32WLxx_Nucleo/stm32wlxx_nucleo_radio.o
                0x0000000008001b40                BSP_RADIO_GetTxConfig
 .text.BSP_RADIO_IsTCXO
                0x0000000008001b4e        0xe ./Drivers/BSP/STM32WLxx_Nucleo/stm32wlxx_nucleo_radio.o
                0x0000000008001b4e                BSP_RADIO_IsTCXO
 .text.BSP_RADIO_IsDCDC
                0x0000000008001b5c        0xe ./Drivers/BSP/STM32WLxx_Nucleo/stm32wlxx_nucleo_radio.o
                0x0000000008001b5c                BSP_RADIO_IsDCDC
 .text.BSP_RADIO_GetRFOMaxPowerConfig
                0x0000000008001b6a       0x26 ./Drivers/BSP/STM32WLxx_Nucleo/stm32wlxx_nucleo_radio.o
                0x0000000008001b6a                BSP_RADIO_GetRFOMaxPowerConfig
 .text.RBI_Init
                0x0000000008001b90        0xe ./Drivers/Radio/radio_board_if.o
                0x0000000008001b90                RBI_Init
 .text.RBI_ConfigRFSwitch
                0x0000000008001b9e       0x1c ./Drivers/Radio/radio_board_if.o
                0x0000000008001b9e                RBI_ConfigRFSwitch
 .text.RBI_GetTxConfig
                0x0000000008001bba        0xe ./Drivers/Radio/radio_board_if.o
                0x0000000008001bba                RBI_GetTxConfig
 .text.RBI_IsTCXO
                0x0000000008001bc8        0xe ./Drivers/Radio/radio_board_if.o
                0x0000000008001bc8                RBI_IsTCXO
 .text.RBI_IsDCDC
                0x0000000008001bd6        0xe ./Drivers/Radio/radio_board_if.o
                0x0000000008001bd6                RBI_IsDCDC
 .text.RBI_GetRFOMaxPowerConfig
                0x0000000008001be4       0x1c ./Drivers/Radio/radio_board_if.o
                0x0000000008001be4                RBI_GetRFOMaxPowerConfig
 .text.SUBGRF_Init
                0x0000000008001c00       0x90 ./Drivers/Radio/radio_driver.o
                0x0000000008001c00                SUBGRF_Init
 .text.SUBGRF_GetOperatingMode
                0x0000000008001c90       0x14 ./Drivers/Radio/radio_driver.o
                0x0000000008001c90                SUBGRF_GetOperatingMode
 .text.SUBGRF_SetPayload
                0x0000000008001ca4       0x20 ./Drivers/Radio/radio_driver.o
                0x0000000008001ca4                SUBGRF_SetPayload
 .text.SUBGRF_GetPayload
                0x0000000008001cc4       0x44 ./Drivers/Radio/radio_driver.o
                0x0000000008001cc4                SUBGRF_GetPayload
 .text.SUBGRF_SendPayload
                0x0000000008001d08       0x26 ./Drivers/Radio/radio_driver.o
                0x0000000008001d08                SUBGRF_SendPayload
 .text.SUBGRF_SetCrcSeed
                0x0000000008001d2e       0x40 ./Drivers/Radio/radio_driver.o
                0x0000000008001d2e                SUBGRF_SetCrcSeed
 .text.SUBGRF_SetCrcPolynomial
                0x0000000008001d6e       0x40 ./Drivers/Radio/radio_driver.o
                0x0000000008001d6e                SUBGRF_SetCrcPolynomial
 .text.SUBGRF_GetRandom
                0x0000000008001dae       0x8c ./Drivers/Radio/radio_driver.o
                0x0000000008001dae                SUBGRF_GetRandom
 *fill*         0x0000000008001e3a        0x2 
 .text.SUBGRF_SetStandby
                0x0000000008001e3c       0x38 ./Drivers/Radio/radio_driver.o
                0x0000000008001e3c                SUBGRF_SetStandby
 .text.SUBGRF_SetTx
                0x0000000008001e74       0x40 ./Drivers/Radio/radio_driver.o
                0x0000000008001e74                SUBGRF_SetTx
 .text.SUBGRF_SetRx
                0x0000000008001eb4       0x40 ./Drivers/Radio/radio_driver.o
                0x0000000008001eb4                SUBGRF_SetRx
 .text.SUBGRF_SetStopRxTimerOnPreambleDetect
                0x0000000008001ef4       0x1e ./Drivers/Radio/radio_driver.o
                0x0000000008001ef4                SUBGRF_SetStopRxTimerOnPreambleDetect
 .text.SUBGRF_SetRegulatorMode
                0x0000000008001f12       0x2e ./Drivers/Radio/radio_driver.o
                0x0000000008001f12                SUBGRF_SetRegulatorMode
 .text.SUBGRF_Calibrate
                0x0000000008001f40       0x8c ./Drivers/Radio/radio_driver.o
                0x0000000008001f40                SUBGRF_Calibrate
 .text.SUBGRF_CalibrateImage
                0x0000000008001fcc       0x94 ./Drivers/Radio/radio_driver.o
                0x0000000008001fcc                SUBGRF_CalibrateImage
 .text.SUBGRF_SetPaConfig
                0x0000000008002060       0x44 ./Drivers/Radio/radio_driver.o
                0x0000000008002060                SUBGRF_SetPaConfig
 .text.SUBGRF_SetDioIrqParams
                0x00000000080020a4       0x74 ./Drivers/Radio/radio_driver.o
                0x00000000080020a4                SUBGRF_SetDioIrqParams
 .text.SUBGRF_SetTcxoMode
                0x0000000008002118       0x42 ./Drivers/Radio/radio_driver.o
                0x0000000008002118                SUBGRF_SetTcxoMode
 *fill*         0x000000000800215a        0x2 
 .text.SUBGRF_SetRfFrequency
                0x000000000800215c       0x8c ./Drivers/Radio/radio_driver.o
                0x000000000800215c                SUBGRF_SetRfFrequency
 .text.SUBGRF_SetPacketType
                0x00000000080021e8       0x38 ./Drivers/Radio/radio_driver.o
                0x00000000080021e8                SUBGRF_SetPacketType
 .text.SUBGRF_GetPacketType
                0x0000000008002220       0x14 ./Drivers/Radio/radio_driver.o
                0x0000000008002220                SUBGRF_GetPacketType
 .text.SUBGRF_SetTxParams
                0x0000000008002234      0x19a ./Drivers/Radio/radio_driver.o
                0x0000000008002234                SUBGRF_SetTxParams
 *fill*         0x00000000080023ce        0x2 
 .text.SUBGRF_SetModulationParams
                0x00000000080023d0      0x1a4 ./Drivers/Radio/radio_driver.o
                0x00000000080023d0                SUBGRF_SetModulationParams
 .text.SUBGRF_SetPacketParams
                0x0000000008002574      0x140 ./Drivers/Radio/radio_driver.o
                0x0000000008002574                SUBGRF_SetPacketParams
 .text.SUBGRF_SetBufferBaseAddress
                0x00000000080026b4       0x2e ./Drivers/Radio/radio_driver.o
                0x00000000080026b4                SUBGRF_SetBufferBaseAddress
 *fill*         0x00000000080026e2        0x2 
 .text.SUBGRF_GetRxBufferStatus
                0x00000000080026e4       0x58 ./Drivers/Radio/radio_driver.o
                0x00000000080026e4                SUBGRF_GetRxBufferStatus
 .text.SUBGRF_GetPacketStatus
                0x000000000800273c       0xa4 ./Drivers/Radio/radio_driver.o
                0x000000000800273c                SUBGRF_GetPacketStatus
 .text.SUBGRF_WriteRegister
                0x00000000080027e0       0x28 ./Drivers/Radio/radio_driver.o
                0x00000000080027e0                SUBGRF_WriteRegister
 .text.SUBGRF_ReadRegister
                0x0000000008002808       0x28 ./Drivers/Radio/radio_driver.o
                0x0000000008002808                SUBGRF_ReadRegister
 .text.SUBGRF_WriteRegisters
                0x0000000008002830       0x44 ./Drivers/Radio/radio_driver.o
                0x0000000008002830                SUBGRF_WriteRegisters
 .text.SUBGRF_ReadRegisters
                0x0000000008002874       0x44 ./Drivers/Radio/radio_driver.o
                0x0000000008002874                SUBGRF_ReadRegisters
 .text.SUBGRF_WriteBuffer
                0x00000000080028b8       0x44 ./Drivers/Radio/radio_driver.o
                0x00000000080028b8                SUBGRF_WriteBuffer
 .text.SUBGRF_ReadBuffer
                0x00000000080028fc       0x44 ./Drivers/Radio/radio_driver.o
                0x00000000080028fc                SUBGRF_ReadBuffer
 .text.SUBGRF_WriteCommand
                0x0000000008002940       0x44 ./Drivers/Radio/radio_driver.o
                0x0000000008002940                SUBGRF_WriteCommand
 .text.SUBGRF_ReadCommand
                0x0000000008002984       0x44 ./Drivers/Radio/radio_driver.o
                0x0000000008002984                SUBGRF_ReadCommand
 .text.SUBGRF_SetSwitch
                0x00000000080029c8       0x50 ./Drivers/Radio/radio_driver.o
                0x00000000080029c8                SUBGRF_SetSwitch
 .text.SUBGRF_SetRfTxPower
                0x0000000008002a18       0x68 ./Drivers/Radio/radio_driver.o
                0x0000000008002a18                SUBGRF_SetRfTxPower
 .text.HAL_SUBGHZ_TxCpltCallback
                0x0000000008002a80       0x1c ./Drivers/Radio/radio_driver.o
                0x0000000008002a80                HAL_SUBGHZ_TxCpltCallback
 .text.HAL_SUBGHZ_RxCpltCallback
                0x0000000008002a9c       0x1c ./Drivers/Radio/radio_driver.o
                0x0000000008002a9c                HAL_SUBGHZ_RxCpltCallback
 .text.HAL_SUBGHZ_CRCErrorCallback
                0x0000000008002ab8       0x1c ./Drivers/Radio/radio_driver.o
                0x0000000008002ab8                HAL_SUBGHZ_CRCErrorCallback
 .text.HAL_SUBGHZ_CADStatusCallback
                0x0000000008002ad4       0x3c ./Drivers/Radio/radio_driver.o
                0x0000000008002ad4                HAL_SUBGHZ_CADStatusCallback
 .text.HAL_SUBGHZ_RxTxTimeoutCallback
                0x0000000008002b10       0x20 ./Drivers/Radio/radio_driver.o
                0x0000000008002b10                HAL_SUBGHZ_RxTxTimeoutCallback
 .text.HAL_SUBGHZ_HeaderErrorCallback
                0x0000000008002b30       0x1c ./Drivers/Radio/radio_driver.o
                0x0000000008002b30                HAL_SUBGHZ_HeaderErrorCallback
 .text.HAL_SUBGHZ_PreambleDetectedCallback
                0x0000000008002b4c       0x1c ./Drivers/Radio/radio_driver.o
                0x0000000008002b4c                HAL_SUBGHZ_PreambleDetectedCallback
 .text.HAL_SUBGHZ_SyncWordValidCallback
                0x0000000008002b68       0x1c ./Drivers/Radio/radio_driver.o
                0x0000000008002b68                HAL_SUBGHZ_SyncWordValidCallback
 .text.HAL_SUBGHZ_HeaderValidCallback
                0x0000000008002b84       0x1c ./Drivers/Radio/radio_driver.o
                0x0000000008002b84                HAL_SUBGHZ_HeaderValidCallback
 .text.HAL_SUBGHZ_LrFhssHopCallback
                0x0000000008002ba0       0x20 ./Drivers/Radio/radio_driver.o
                0x0000000008002ba0                HAL_SUBGHZ_LrFhssHopCallback
 .text.Radio_SMPS_Set
                0x0000000008002bc0       0x42 ./Drivers/Radio/radio_driver.o
 *fill*         0x0000000008002c02        0x2 
 .text.HAL_Init
                0x0000000008002c04       0x40 ./Drivers/STM32WLxx_HAL_Driver/Src/stm32wlxx_hal.o
                0x0000000008002c04                HAL_Init
 .text.HAL_IncTick
                0x0000000008002c44       0x24 ./Drivers/STM32WLxx_HAL_Driver/Src/stm32wlxx_hal.o
                0x0000000008002c44                HAL_IncTick
 .text.HAL_GetTick
                0x0000000008002c68       0x14 ./Drivers/STM32WLxx_HAL_Driver/Src/stm32wlxx_hal.o
                0x0000000008002c68                HAL_GetTick
 .text.HAL_Delay
                0x0000000008002c7c       0x48 ./Drivers/STM32WLxx_HAL_Driver/Src/stm32wlxx_hal.o
                0x0000000008002c7c                HAL_Delay
 .text.__NVIC_SetPriorityGrouping
                0x0000000008002cc4       0x48 ./Drivers/STM32WLxx_HAL_Driver/Src/stm32wlxx_hal_cortex.o
 .text.__NVIC_GetPriorityGrouping
                0x0000000008002d0c       0x1c ./Drivers/STM32WLxx_HAL_Driver/Src/stm32wlxx_hal_cortex.o
 .text.__NVIC_EnableIRQ
                0x0000000008002d28       0x38 ./Drivers/STM32WLxx_HAL_Driver/Src/stm32wlxx_hal_cortex.o
 .text.__NVIC_SetPriority
                0x0000000008002d60       0x54 ./Drivers/STM32WLxx_HAL_Driver/Src/stm32wlxx_hal_cortex.o
 .text.NVIC_EncodePriority
                0x0000000008002db4       0x64 ./Drivers/STM32WLxx_HAL_Driver/Src/stm32wlxx_hal_cortex.o
 .text.HAL_NVIC_SetPriorityGrouping
                0x0000000008002e18       0x16 ./Drivers/STM32WLxx_HAL_Driver/Src/stm32wlxx_hal_cortex.o
                0x0000000008002e18                HAL_NVIC_SetPriorityGrouping
 .text.HAL_NVIC_SetPriority
                0x0000000008002e2e       0x34 ./Drivers/STM32WLxx_HAL_Driver/Src/stm32wlxx_hal_cortex.o
                0x0000000008002e2e                HAL_NVIC_SetPriority
 .text.HAL_NVIC_EnableIRQ
                0x0000000008002e62       0x1c ./Drivers/STM32WLxx_HAL_Driver/Src/stm32wlxx_hal_cortex.o
                0x0000000008002e62                HAL_NVIC_EnableIRQ
 .text.HAL_CRYP_Init
                0x0000000008002e7e       0x76 ./Drivers/STM32WLxx_HAL_Driver/Src/stm32wlxx_hal_cryp.o
                0x0000000008002e7e                HAL_CRYP_Init
 .text.HAL_CRYP_DeInit
                0x0000000008002ef4       0x5c ./Drivers/STM32WLxx_HAL_Driver/Src/stm32wlxx_hal_cryp.o
                0x0000000008002ef4                HAL_CRYP_DeInit
 .text.HAL_CRYP_Encrypt
                0x0000000008002f50      0x134 ./Drivers/STM32WLxx_HAL_Driver/Src/stm32wlxx_hal_cryp.o
                0x0000000008002f50                HAL_CRYP_Encrypt
 .text.HAL_CRYP_ErrorCallback
                0x0000000008003084       0x12 ./Drivers/STM32WLxx_HAL_Driver/Src/stm32wlxx_hal_cryp.o
                0x0000000008003084                HAL_CRYP_ErrorCallback
 .text.CRYP_AES_Encrypt
                0x0000000008003096      0x110 ./Drivers/STM32WLxx_HAL_Driver/Src/stm32wlxx_hal_cryp.o
 .text.CRYP_AES_ProcessData
                0x00000000080031a6      0x170 ./Drivers/STM32WLxx_HAL_Driver/Src/stm32wlxx_hal_cryp.o
 .text.CRYP_SetKey
                0x0000000008003316       0xc4 ./Drivers/STM32WLxx_HAL_Driver/Src/stm32wlxx_hal_cryp.o
 .text.CRYP_AESGCM_Process
                0x00000000080033da      0x350 ./Drivers/STM32WLxx_HAL_Driver/Src/stm32wlxx_hal_cryp.o
 .text.CRYP_AESCCM_Process
                0x000000000800372a      0x35a ./Drivers/STM32WLxx_HAL_Driver/Src/stm32wlxx_hal_cryp.o
 .text.CRYP_GCMCCM_SetHeaderPhase
                0x0000000008003a84      0x3ac ./Drivers/STM32WLxx_HAL_Driver/Src/stm32wlxx_hal_cryp.o
 .text.CRYP_WaitOnCCFlag
                0x0000000008003e30       0x4c ./Drivers/STM32WLxx_HAL_Driver/Src/stm32wlxx_hal_cryp.o
 .text.HAL_DMA_Init
                0x0000000008003e7c      0x150 ./Drivers/STM32WLxx_HAL_Driver/Src/stm32wlxx_hal_dma.o
                0x0000000008003e7c                HAL_DMA_Init
 .text.HAL_DMA_Start_IT
                0x0000000008003fcc       0xfc ./Drivers/STM32WLxx_HAL_Driver/Src/stm32wlxx_hal_dma.o
                0x0000000008003fcc                HAL_DMA_Start_IT
 .text.HAL_DMA_Abort
                0x00000000080040c8       0xbc ./Drivers/STM32WLxx_HAL_Driver/Src/stm32wlxx_hal_dma.o
                0x00000000080040c8                HAL_DMA_Abort
 .text.HAL_DMA_Abort_IT
                0x0000000008004184       0xbe ./Drivers/STM32WLxx_HAL_Driver/Src/stm32wlxx_hal_dma.o
                0x0000000008004184                HAL_DMA_Abort_IT
 *fill*         0x0000000008004242        0x2 
 .text.HAL_DMA_IRQHandler
                0x0000000008004244      0x18c ./Drivers/STM32WLxx_HAL_Driver/Src/stm32wlxx_hal_dma.o
                0x0000000008004244                HAL_DMA_IRQHandler
 .text.HAL_DMA_ConfigChannelAttributes
                0x00000000080043d0       0x5e ./Drivers/STM32WLxx_HAL_Driver/Src/stm32wlxx_hal_dma.o
                0x00000000080043d0                HAL_DMA_ConfigChannelAttributes
 .text.DMA_SetConfig
                0x000000000800442e       0x7a ./Drivers/STM32WLxx_HAL_Driver/Src/stm32wlxx_hal_dma.o
 .text.DMA_CalcDMAMUXChannelBaseAndMask
                0x00000000080044a8       0x90 ./Drivers/STM32WLxx_HAL_Driver/Src/stm32wlxx_hal_dma.o
 .text.DMA_CalcDMAMUXRequestGenBaseAndMask
                0x0000000008004538       0x48 ./Drivers/STM32WLxx_HAL_Driver/Src/stm32wlxx_hal_dma.o
 .text.HAL_GPIO_Init
                0x0000000008004580      0x2c0 ./Drivers/STM32WLxx_HAL_Driver/Src/stm32wlxx_hal_gpio.o
                0x0000000008004580                HAL_GPIO_Init
 .text.HAL_GPIO_WritePin
                0x0000000008004840       0x2e ./Drivers/STM32WLxx_HAL_Driver/Src/stm32wlxx_hal_gpio.o
                0x0000000008004840                HAL_GPIO_WritePin
 .text.HAL_GPIO_TogglePin
                0x000000000800486e       0x32 ./Drivers/STM32WLxx_HAL_Driver/Src/stm32wlxx_hal_gpio.o
                0x000000000800486e                HAL_GPIO_TogglePin
 .text.HAL_GPIO_EXTI_IRQHandler
                0x00000000080048a0       0x30 ./Drivers/STM32WLxx_HAL_Driver/Src/stm32wlxx_hal_gpio.o
                0x00000000080048a0                HAL_GPIO_EXTI_IRQHandler
 .text.HAL_PWR_EnableBkUpAccess
                0x00000000080048d0       0x1c ./Drivers/STM32WLxx_HAL_Driver/Src/stm32wlxx_hal_pwr.o
                0x00000000080048d0                HAL_PWR_EnableBkUpAccess
 .text.HAL_PWREx_GetVoltageRange
                0x00000000080048ec       0x18 ./Drivers/STM32WLxx_HAL_Driver/Src/stm32wlxx_hal_pwr_ex.o
                0x00000000080048ec                HAL_PWREx_GetVoltageRange
 .text.LL_PWR_IsEnabledBkUpAccess
                0x0000000008004904       0x24 ./Drivers/STM32WLxx_HAL_Driver/Src/stm32wlxx_hal_rcc.o
 .text.LL_RCC_HSE_EnableTcxo
                0x0000000008004928       0x1c ./Drivers/STM32WLxx_HAL_Driver/Src/stm32wlxx_hal_rcc.o
 .text.LL_RCC_HSE_DisableTcxo
                0x0000000008004944       0x1c ./Drivers/STM32WLxx_HAL_Driver/Src/stm32wlxx_hal_rcc.o
 .text.LL_RCC_HSE_IsEnabledDiv2
                0x0000000008004960       0x22 ./Drivers/STM32WLxx_HAL_Driver/Src/stm32wlxx_hal_rcc.o
 .text.LL_RCC_HSE_Enable
                0x0000000008004982       0x1c ./Drivers/STM32WLxx_HAL_Driver/Src/stm32wlxx_hal_rcc.o
 .text.LL_RCC_HSE_Disable
                0x000000000800499e       0x1c ./Drivers/STM32WLxx_HAL_Driver/Src/stm32wlxx_hal_rcc.o
 .text.LL_RCC_HSE_IsReady
                0x00000000080049ba       0x22 ./Drivers/STM32WLxx_HAL_Driver/Src/stm32wlxx_hal_rcc.o
 .text.LL_RCC_HSI_Enable
                0x00000000080049dc       0x1c ./Drivers/STM32WLxx_HAL_Driver/Src/stm32wlxx_hal_rcc.o
 .text.LL_RCC_HSI_Disable
                0x00000000080049f8       0x1c ./Drivers/STM32WLxx_HAL_Driver/Src/stm32wlxx_hal_rcc.o
 .text.LL_RCC_HSI_IsReady
                0x0000000008004a14       0x22 ./Drivers/STM32WLxx_HAL_Driver/Src/stm32wlxx_hal_rcc.o
 .text.LL_RCC_HSI_SetCalibTrimming
                0x0000000008004a36       0x28 ./Drivers/STM32WLxx_HAL_Driver/Src/stm32wlxx_hal_rcc.o
 .text.LL_RCC_LSE_IsReady
                0x0000000008004a5e       0x22 ./Drivers/STM32WLxx_HAL_Driver/Src/stm32wlxx_hal_rcc.o
 .text.LL_RCC_LSI_Enable
                0x0000000008004a80       0x20 ./Drivers/STM32WLxx_HAL_Driver/Src/stm32wlxx_hal_rcc.o
 .text.LL_RCC_LSI_Disable
                0x0000000008004aa0       0x20 ./Drivers/STM32WLxx_HAL_Driver/Src/stm32wlxx_hal_rcc.o
 .text.LL_RCC_LSI_IsReady
                0x0000000008004ac0       0x22 ./Drivers/STM32WLxx_HAL_Driver/Src/stm32wlxx_hal_rcc.o
 .text.LL_RCC_MSI_Enable
                0x0000000008004ae2       0x1c ./Drivers/STM32WLxx_HAL_Driver/Src/stm32wlxx_hal_rcc.o
 .text.LL_RCC_MSI_Disable
                0x0000000008004afe       0x1c ./Drivers/STM32WLxx_HAL_Driver/Src/stm32wlxx_hal_rcc.o
 .text.LL_RCC_MSI_IsReady
                0x0000000008004b1a       0x20 ./Drivers/STM32WLxx_HAL_Driver/Src/stm32wlxx_hal_rcc.o
 .text.LL_RCC_MSI_IsEnabledRangeSelect
                0x0000000008004b3a       0x20 ./Drivers/STM32WLxx_HAL_Driver/Src/stm32wlxx_hal_rcc.o
 .text.LL_RCC_MSI_GetRange
                0x0000000008004b5a       0x16 ./Drivers/STM32WLxx_HAL_Driver/Src/stm32wlxx_hal_rcc.o
 .text.LL_RCC_MSI_GetRangeAfterStandby
                0x0000000008004b70       0x18 ./Drivers/STM32WLxx_HAL_Driver/Src/stm32wlxx_hal_rcc.o
 .text.LL_RCC_MSI_SetCalibTrimming
                0x0000000008004b88       0x28 ./Drivers/STM32WLxx_HAL_Driver/Src/stm32wlxx_hal_rcc.o
 .text.LL_RCC_SetSysClkSource
                0x0000000008004bb0       0x26 ./Drivers/STM32WLxx_HAL_Driver/Src/stm32wlxx_hal_rcc.o
 .text.LL_RCC_GetSysClkSource
                0x0000000008004bd6       0x16 ./Drivers/STM32WLxx_HAL_Driver/Src/stm32wlxx_hal_rcc.o
 .text.LL_RCC_SetAHBPrescaler
                0x0000000008004bec       0x26 ./Drivers/STM32WLxx_HAL_Driver/Src/stm32wlxx_hal_rcc.o
 .text.LL_C2_RCC_SetAHBPrescaler
                0x0000000008004c12       0x2a ./Drivers/STM32WLxx_HAL_Driver/Src/stm32wlxx_hal_rcc.o
 .text.LL_RCC_SetAHB3Prescaler
                0x0000000008004c3c       0x2c ./Drivers/STM32WLxx_HAL_Driver/Src/stm32wlxx_hal_rcc.o
 .text.LL_RCC_SetAPB1Prescaler
                0x0000000008004c68       0x26 ./Drivers/STM32WLxx_HAL_Driver/Src/stm32wlxx_hal_rcc.o
 .text.LL_RCC_SetAPB2Prescaler
                0x0000000008004c8e       0x26 ./Drivers/STM32WLxx_HAL_Driver/Src/stm32wlxx_hal_rcc.o
 .text.LL_RCC_GetAHBPrescaler
                0x0000000008004cb4       0x16 ./Drivers/STM32WLxx_HAL_Driver/Src/stm32wlxx_hal_rcc.o
 .text.LL_RCC_GetAHB3Prescaler
                0x0000000008004cca       0x1a ./Drivers/STM32WLxx_HAL_Driver/Src/stm32wlxx_hal_rcc.o
 .text.LL_RCC_GetAPB1Prescaler
                0x0000000008004ce4       0x16 ./Drivers/STM32WLxx_HAL_Driver/Src/stm32wlxx_hal_rcc.o
 .text.LL_RCC_GetAPB2Prescaler
                0x0000000008004cfa       0x16 ./Drivers/STM32WLxx_HAL_Driver/Src/stm32wlxx_hal_rcc.o
 .text.LL_RCC_PLL_Enable
                0x0000000008004d10       0x1c ./Drivers/STM32WLxx_HAL_Driver/Src/stm32wlxx_hal_rcc.o
 .text.LL_RCC_PLL_Disable
                0x0000000008004d2c       0x1c ./Drivers/STM32WLxx_HAL_Driver/Src/stm32wlxx_hal_rcc.o
 .text.LL_RCC_PLL_IsReady
                0x0000000008004d48       0x22 ./Drivers/STM32WLxx_HAL_Driver/Src/stm32wlxx_hal_rcc.o
 .text.LL_RCC_PLL_GetN
                0x0000000008004d6a       0x18 ./Drivers/STM32WLxx_HAL_Driver/Src/stm32wlxx_hal_rcc.o
 .text.LL_RCC_PLL_GetR
                0x0000000008004d82       0x16 ./Drivers/STM32WLxx_HAL_Driver/Src/stm32wlxx_hal_rcc.o
 .text.LL_RCC_PLL_GetDivider
                0x0000000008004d98       0x16 ./Drivers/STM32WLxx_HAL_Driver/Src/stm32wlxx_hal_rcc.o
 .text.LL_RCC_PLL_GetMainSource
                0x0000000008004dae       0x16 ./Drivers/STM32WLxx_HAL_Driver/Src/stm32wlxx_hal_rcc.o
 .text.LL_RCC_IsActiveFlag_HPRE
                0x0000000008004dc4       0x22 ./Drivers/STM32WLxx_HAL_Driver/Src/stm32wlxx_hal_rcc.o
 .text.LL_RCC_IsActiveFlag_C2HPRE
                0x0000000008004de6       0x24 ./Drivers/STM32WLxx_HAL_Driver/Src/stm32wlxx_hal_rcc.o
 .text.LL_RCC_IsActiveFlag_SHDHPRE
                0x0000000008004e0a       0x24 ./Drivers/STM32WLxx_HAL_Driver/Src/stm32wlxx_hal_rcc.o
 .text.LL_RCC_IsActiveFlag_PPRE1
                0x0000000008004e2e       0x22 ./Drivers/STM32WLxx_HAL_Driver/Src/stm32wlxx_hal_rcc.o
 .text.LL_RCC_IsActiveFlag_PPRE2
                0x0000000008004e50       0x22 ./Drivers/STM32WLxx_HAL_Driver/Src/stm32wlxx_hal_rcc.o
 *fill*         0x0000000008004e72        0x2 
 .text.HAL_RCC_OscConfig
                0x0000000008004e74      0x704 ./Drivers/STM32WLxx_HAL_Driver/Src/stm32wlxx_hal_rcc.o
                0x0000000008004e74                HAL_RCC_OscConfig
 .text.HAL_RCC_ClockConfig
                0x0000000008005578      0x284 ./Drivers/STM32WLxx_HAL_Driver/Src/stm32wlxx_hal_rcc.o
                0x0000000008005578                HAL_RCC_ClockConfig
 .text.HAL_RCC_GetSysClockFreq
                0x00000000080057fc      0x140 ./Drivers/STM32WLxx_HAL_Driver/Src/stm32wlxx_hal_rcc.o
                0x00000000080057fc                HAL_RCC_GetSysClockFreq
 .text.HAL_RCC_GetHCLKFreq
                0x000000000800593c       0x28 ./Drivers/STM32WLxx_HAL_Driver/Src/stm32wlxx_hal_rcc.o
                0x000000000800593c                HAL_RCC_GetHCLKFreq
 .text.HAL_RCC_GetPCLK1Freq
                0x0000000008005964       0x24 ./Drivers/STM32WLxx_HAL_Driver/Src/stm32wlxx_hal_rcc.o
                0x0000000008005964                HAL_RCC_GetPCLK1Freq
 .text.HAL_RCC_GetPCLK2Freq
                0x0000000008005988       0x24 ./Drivers/STM32WLxx_HAL_Driver/Src/stm32wlxx_hal_rcc.o
                0x0000000008005988                HAL_RCC_GetPCLK2Freq
 .text.HAL_RCC_GetClockConfig
                0x00000000080059ac       0x90 ./Drivers/STM32WLxx_HAL_Driver/Src/stm32wlxx_hal_rcc.o
                0x00000000080059ac                HAL_RCC_GetClockConfig
 .text.RCC_SetFlashLatencyFromMSIRange
                0x0000000008005a3c       0x60 ./Drivers/STM32WLxx_HAL_Driver/Src/stm32wlxx_hal_rcc.o
 .text.RCC_SetFlashLatency
                0x0000000008005a9c      0x104 ./Drivers/STM32WLxx_HAL_Driver/Src/stm32wlxx_hal_rcc.o
 .text.LL_RCC_LSE_IsReady
                0x0000000008005ba0       0x22 ./Drivers/STM32WLxx_HAL_Driver/Src/stm32wlxx_hal_rcc_ex.o
 .text.LL_RCC_SetUSARTClockSource
                0x0000000008005bc2       0x30 ./Drivers/STM32WLxx_HAL_Driver/Src/stm32wlxx_hal_rcc_ex.o
 .text.LL_RCC_SetI2SClockSource
                0x0000000008005bf2       0x2a ./Drivers/STM32WLxx_HAL_Driver/Src/stm32wlxx_hal_rcc_ex.o
 .text.LL_RCC_SetLPUARTClockSource
                0x0000000008005c1c       0x2a ./Drivers/STM32WLxx_HAL_Driver/Src/stm32wlxx_hal_rcc_ex.o
 .text.LL_RCC_SetI2CClockSource
                0x0000000008005c46       0x38 ./Drivers/STM32WLxx_HAL_Driver/Src/stm32wlxx_hal_rcc_ex.o
 .text.LL_RCC_SetLPTIMClockSource
                0x0000000008005c7e       0x32 ./Drivers/STM32WLxx_HAL_Driver/Src/stm32wlxx_hal_rcc_ex.o
 .text.LL_RCC_SetRNGClockSource
                0x0000000008005cb0       0x2a ./Drivers/STM32WLxx_HAL_Driver/Src/stm32wlxx_hal_rcc_ex.o
 .text.LL_RCC_SetADCClockSource
                0x0000000008005cda       0x2a ./Drivers/STM32WLxx_HAL_Driver/Src/stm32wlxx_hal_rcc_ex.o
 .text.LL_RCC_SetRTCClockSource
                0x0000000008005d04       0x2a ./Drivers/STM32WLxx_HAL_Driver/Src/stm32wlxx_hal_rcc_ex.o
 .text.LL_RCC_GetRTCClockSource
                0x0000000008005d2e       0x18 ./Drivers/STM32WLxx_HAL_Driver/Src/stm32wlxx_hal_rcc_ex.o
 .text.LL_RCC_ForceBackupDomainReset
                0x0000000008005d46       0x20 ./Drivers/STM32WLxx_HAL_Driver/Src/stm32wlxx_hal_rcc_ex.o
 .text.LL_RCC_ReleaseBackupDomainReset
                0x0000000008005d66       0x20 ./Drivers/STM32WLxx_HAL_Driver/Src/stm32wlxx_hal_rcc_ex.o
 *fill*         0x0000000008005d86        0x2 
 .text.HAL_RCCEx_PeriphCLKConfig
                0x0000000008005d88      0x234 ./Drivers/STM32WLxx_HAL_Driver/Src/stm32wlxx_hal_rcc_ex.o
                0x0000000008005d88                HAL_RCCEx_PeriphCLKConfig
 .text.LL_PWR_SetRadioBusyTrigger
                0x0000000008005fbc       0x28 ./Drivers/STM32WLxx_HAL_Driver/Src/stm32wlxx_hal_subghz.o
 .text.LL_PWR_UnselectSUBGHZSPI_NSS
                0x0000000008005fe4       0x20 ./Drivers/STM32WLxx_HAL_Driver/Src/stm32wlxx_hal_subghz.o
 .text.LL_PWR_SelectSUBGHZSPI_NSS
                0x0000000008006004       0x20 ./Drivers/STM32WLxx_HAL_Driver/Src/stm32wlxx_hal_subghz.o
 .text.LL_PWR_ClearFlag_RFBUSY
                0x0000000008006024       0x18 ./Drivers/STM32WLxx_HAL_Driver/Src/stm32wlxx_hal_subghz.o
 .text.LL_PWR_IsActiveFlag_RFBUSYS
                0x000000000800603c       0x24 ./Drivers/STM32WLxx_HAL_Driver/Src/stm32wlxx_hal_subghz.o
 .text.LL_PWR_IsActiveFlag_RFBUSYMS
                0x0000000008006060       0x24 ./Drivers/STM32WLxx_HAL_Driver/Src/stm32wlxx_hal_subghz.o
 .text.LL_RCC_RF_DisableReset
                0x0000000008006084       0x20 ./Drivers/STM32WLxx_HAL_Driver/Src/stm32wlxx_hal_subghz.o
 .text.LL_RCC_IsRFUnderReset
                0x00000000080060a4       0x24 ./Drivers/STM32WLxx_HAL_Driver/Src/stm32wlxx_hal_subghz.o
 .text.LL_EXTI_EnableIT_32_63
                0x00000000080060c8       0x28 ./Drivers/STM32WLxx_HAL_Driver/Src/stm32wlxx_hal_subghz.o
 .text.HAL_SUBGHZ_Init
                0x00000000080060f0       0xc8 ./Drivers/STM32WLxx_HAL_Driver/Src/stm32wlxx_hal_subghz.o
                0x00000000080060f0                HAL_SUBGHZ_Init
 .text.HAL_SUBGHZ_WriteRegisters
                0x00000000080061b8       0xbe ./Drivers/STM32WLxx_HAL_Driver/Src/stm32wlxx_hal_subghz.o
                0x00000000080061b8                HAL_SUBGHZ_WriteRegisters
 .text.HAL_SUBGHZ_ReadRegisters
                0x0000000008006276       0xc2 ./Drivers/STM32WLxx_HAL_Driver/Src/stm32wlxx_hal_subghz.o
                0x0000000008006276                HAL_SUBGHZ_ReadRegisters
 .text.HAL_SUBGHZ_ExecSetCmd
                0x0000000008006338       0xbe ./Drivers/STM32WLxx_HAL_Driver/Src/stm32wlxx_hal_subghz.o
                0x0000000008006338                HAL_SUBGHZ_ExecSetCmd
 .text.HAL_SUBGHZ_ExecGetCmd
                0x00000000080063f6       0xa8 ./Drivers/STM32WLxx_HAL_Driver/Src/stm32wlxx_hal_subghz.o
                0x00000000080063f6                HAL_SUBGHZ_ExecGetCmd
 .text.HAL_SUBGHZ_WriteBuffer
                0x000000000800649e       0xa6 ./Drivers/STM32WLxx_HAL_Driver/Src/stm32wlxx_hal_subghz.o
                0x000000000800649e                HAL_SUBGHZ_WriteBuffer
 .text.HAL_SUBGHZ_ReadBuffer
                0x0000000008006544       0xb0 ./Drivers/STM32WLxx_HAL_Driver/Src/stm32wlxx_hal_subghz.o
                0x0000000008006544                HAL_SUBGHZ_ReadBuffer
 .text.HAL_SUBGHZ_IRQHandler
                0x00000000080065f4      0x10e ./Drivers/STM32WLxx_HAL_Driver/Src/stm32wlxx_hal_subghz.o
                0x00000000080065f4                HAL_SUBGHZ_IRQHandler
 *fill*         0x0000000008006702        0x2 
 .text.SUBGHZSPI_Init
                0x0000000008006704       0x40 ./Drivers/STM32WLxx_HAL_Driver/Src/stm32wlxx_hal_subghz.o
                0x0000000008006704                SUBGHZSPI_Init
 .text.SUBGHZSPI_Transmit
                0x0000000008006744       0xac ./Drivers/STM32WLxx_HAL_Driver/Src/stm32wlxx_hal_subghz.o
                0x0000000008006744                SUBGHZSPI_Transmit
 .text.SUBGHZSPI_Receive
                0x00000000080067f0       0xb0 ./Drivers/STM32WLxx_HAL_Driver/Src/stm32wlxx_hal_subghz.o
                0x00000000080067f0                SUBGHZSPI_Receive
 .text.SUBGHZ_CheckDeviceReady
                0x00000000080068a0       0x48 ./Drivers/STM32WLxx_HAL_Driver/Src/stm32wlxx_hal_subghz.o
                0x00000000080068a0                SUBGHZ_CheckDeviceReady
 .text.SUBGHZ_WaitOnBusy
                0x00000000080068e8       0x5c ./Drivers/STM32WLxx_HAL_Driver/Src/stm32wlxx_hal_subghz.o
                0x00000000080068e8                SUBGHZ_WaitOnBusy
 .text.HAL_TIM_Base_Init
                0x0000000008006944       0xae ./Drivers/STM32WLxx_HAL_Driver/Src/stm32wlxx_hal_tim.o
                0x0000000008006944                HAL_TIM_Base_Init
 .text.HAL_TIM_Base_MspInit
                0x00000000080069f2       0x12 ./Drivers/STM32WLxx_HAL_Driver/Src/stm32wlxx_hal_tim.o
                0x00000000080069f2                HAL_TIM_Base_MspInit
 .text.HAL_TIM_Base_Start_IT
                0x0000000008006a04       0x98 ./Drivers/STM32WLxx_HAL_Driver/Src/stm32wlxx_hal_tim.o
                0x0000000008006a04                HAL_TIM_Base_Start_IT
 .text.HAL_TIM_IRQHandler
                0x0000000008006a9c      0x23e ./Drivers/STM32WLxx_HAL_Driver/Src/stm32wlxx_hal_tim.o
                0x0000000008006a9c                HAL_TIM_IRQHandler
 .text.HAL_TIM_OC_DelayElapsedCallback
                0x0000000008006cda       0x12 ./Drivers/STM32WLxx_HAL_Driver/Src/stm32wlxx_hal_tim.o
                0x0000000008006cda                HAL_TIM_OC_DelayElapsedCallback
 .text.HAL_TIM_IC_CaptureCallback
                0x0000000008006cec       0x12 ./Drivers/STM32WLxx_HAL_Driver/Src/stm32wlxx_hal_tim.o
                0x0000000008006cec                HAL_TIM_IC_CaptureCallback
 .text.HAL_TIM_PWM_PulseFinishedCallback
                0x0000000008006cfe       0x12 ./Drivers/STM32WLxx_HAL_Driver/Src/stm32wlxx_hal_tim.o
                0x0000000008006cfe                HAL_TIM_PWM_PulseFinishedCallback
 .text.HAL_TIM_TriggerCallback
                0x0000000008006d10       0x12 ./Drivers/STM32WLxx_HAL_Driver/Src/stm32wlxx_hal_tim.o
                0x0000000008006d10                HAL_TIM_TriggerCallback
 *fill*         0x0000000008006d22        0x2 
 .text.TIM_Base_SetConfig
                0x0000000008006d24       0xc4 ./Drivers/STM32WLxx_HAL_Driver/Src/stm32wlxx_hal_tim.o
                0x0000000008006d24                TIM_Base_SetConfig
 .text.HAL_TIMEx_CommutCallback
                0x0000000008006de8       0x12 ./Drivers/STM32WLxx_HAL_Driver/Src/stm32wlxx_hal_tim_ex.o
                0x0000000008006de8                HAL_TIMEx_CommutCallback
 .text.HAL_TIMEx_BreakCallback
                0x0000000008006dfa       0x12 ./Drivers/STM32WLxx_HAL_Driver/Src/stm32wlxx_hal_tim_ex.o
                0x0000000008006dfa                HAL_TIMEx_BreakCallback
 .text.HAL_TIMEx_Break2Callback
                0x0000000008006e0c       0x12 ./Drivers/STM32WLxx_HAL_Driver/Src/stm32wlxx_hal_tim_ex.o
                0x0000000008006e0c                HAL_TIMEx_Break2Callback
 .text.LL_RCC_GetUSARTClockSource
                0x0000000008006e1e       0x24 ./Drivers/STM32WLxx_HAL_Driver/Src/stm32wlxx_hal_uart.o
 .text.LL_RCC_GetLPUARTClockSource
                0x0000000008006e42       0x1e ./Drivers/STM32WLxx_HAL_Driver/Src/stm32wlxx_hal_uart.o
 .text.HAL_UART_Init
                0x0000000008006e60       0xa0 ./Drivers/STM32WLxx_HAL_Driver/Src/stm32wlxx_hal_uart.o
                0x0000000008006e60                HAL_UART_Init
 .text.HAL_UART_Transmit
                0x0000000008006f00      0x10c ./Drivers/STM32WLxx_HAL_Driver/Src/stm32wlxx_hal_uart.o
                0x0000000008006f00                HAL_UART_Transmit
 .text.HAL_UART_IRQHandler
                0x000000000800700c      0x648 ./Drivers/STM32WLxx_HAL_Driver/Src/stm32wlxx_hal_uart.o
                0x000000000800700c                HAL_UART_IRQHandler
 .text.HAL_UART_TxCpltCallback
                0x0000000008007654       0x12 ./Drivers/STM32WLxx_HAL_Driver/Src/stm32wlxx_hal_uart.o
                0x0000000008007654                HAL_UART_TxCpltCallback
 .text.HAL_UART_RxCpltCallback
                0x0000000008007666       0x12 ./Drivers/STM32WLxx_HAL_Driver/Src/stm32wlxx_hal_uart.o
                0x0000000008007666                HAL_UART_RxCpltCallback
 .text.HAL_UART_RxHalfCpltCallback
                0x0000000008007678       0x12 ./Drivers/STM32WLxx_HAL_Driver/Src/stm32wlxx_hal_uart.o
                0x0000000008007678                HAL_UART_RxHalfCpltCallback
 .text.HAL_UART_ErrorCallback
                0x000000000800768a       0x12 ./Drivers/STM32WLxx_HAL_Driver/Src/stm32wlxx_hal_uart.o
                0x000000000800768a                HAL_UART_ErrorCallback
 .text.UART_SetConfig
                0x000000000800769c      0x4e8 ./Drivers/STM32WLxx_HAL_Driver/Src/stm32wlxx_hal_uart.o
                0x000000000800769c                UART_SetConfig
 .text.UART_AdvFeatureConfig
                0x0000000008007b84      0x142 ./Drivers/STM32WLxx_HAL_Driver/Src/stm32wlxx_hal_uart.o
                0x0000000008007b84                UART_AdvFeatureConfig
 .text.UART_CheckIdleState
                0x0000000008007cc6       0x9c ./Drivers/STM32WLxx_HAL_Driver/Src/stm32wlxx_hal_uart.o
                0x0000000008007cc6                UART_CheckIdleState
 .text.UART_WaitOnFlagUntilTimeout
                0x0000000008007d62      0x190 ./Drivers/STM32WLxx_HAL_Driver/Src/stm32wlxx_hal_uart.o
                0x0000000008007d62                UART_WaitOnFlagUntilTimeout
 *fill*         0x0000000008007ef2        0x2 
 .text.UART_Start_Receive_DMA
                0x0000000008007ef4      0x14c ./Drivers/STM32WLxx_HAL_Driver/Src/stm32wlxx_hal_uart.o
                0x0000000008007ef4                UART_Start_Receive_DMA
 .text.UART_EndTxTransfer
                0x0000000008008040       0x80 ./Drivers/STM32WLxx_HAL_Driver/Src/stm32wlxx_hal_uart.o
 .text.UART_EndRxTransfer
                0x00000000080080c0       0xca ./Drivers/STM32WLxx_HAL_Driver/Src/stm32wlxx_hal_uart.o
 .text.UART_DMAReceiveCplt
                0x000000000800818a      0x12c ./Drivers/STM32WLxx_HAL_Driver/Src/stm32wlxx_hal_uart.o
 .text.UART_DMARxHalfCplt
                0x00000000080082b6       0x3e ./Drivers/STM32WLxx_HAL_Driver/Src/stm32wlxx_hal_uart.o
 .text.UART_DMAError
                0x00000000080082f4       0x80 ./Drivers/STM32WLxx_HAL_Driver/Src/stm32wlxx_hal_uart.o
 .text.UART_DMAAbortOnError
                0x0000000008008374       0x2c ./Drivers/STM32WLxx_HAL_Driver/Src/stm32wlxx_hal_uart.o
 .text.UART_EndTransmit_IT
                0x00000000080083a0       0x56 ./Drivers/STM32WLxx_HAL_Driver/Src/stm32wlxx_hal_uart.o
 .text.HAL_UARTEx_WakeupCallback
                0x00000000080083f6       0x12 ./Drivers/STM32WLxx_HAL_Driver/Src/stm32wlxx_hal_uart_ex.o
                0x00000000080083f6                HAL_UARTEx_WakeupCallback
 .text.HAL_UARTEx_RxFifoFullCallback
                0x0000000008008408       0x12 ./Drivers/STM32WLxx_HAL_Driver/Src/stm32wlxx_hal_uart_ex.o
                0x0000000008008408                HAL_UARTEx_RxFifoFullCallback
 .text.HAL_UARTEx_TxFifoEmptyCallback
                0x000000000800841a       0x12 ./Drivers/STM32WLxx_HAL_Driver/Src/stm32wlxx_hal_uart_ex.o
                0x000000000800841a                HAL_UARTEx_TxFifoEmptyCallback
 .text.HAL_UARTEx_DisableFifoMode
                0x000000000800842c       0x70 ./Drivers/STM32WLxx_HAL_Driver/Src/stm32wlxx_hal_uart_ex.o
                0x000000000800842c                HAL_UARTEx_DisableFifoMode
 .text.HAL_UARTEx_SetTxFifoThreshold
                0x000000000800849c       0x7c ./Drivers/STM32WLxx_HAL_Driver/Src/stm32wlxx_hal_uart_ex.o
                0x000000000800849c                HAL_UARTEx_SetTxFifoThreshold
 .text.HAL_UARTEx_SetRxFifoThreshold
                0x0000000008008518       0x7c ./Drivers/STM32WLxx_HAL_Driver/Src/stm32wlxx_hal_uart_ex.o
                0x0000000008008518                HAL_UARTEx_SetRxFifoThreshold
 .text.HAL_UARTEx_ReceiveToIdle_DMA
                0x0000000008008594       0xa8 ./Drivers/STM32WLxx_HAL_Driver/Src/stm32wlxx_hal_uart_ex.o
                0x0000000008008594                HAL_UARTEx_ReceiveToIdle_DMA
 .text.UARTEx_SetNbDataToProcess
                0x000000000800863c       0x98 ./Drivers/STM32WLxx_HAL_Driver/Src/stm32wlxx_hal_uart_ex.o
 .text.makeFreeRtosPriority
                0x00000000080086d4       0x2e ./Middlewares/Third_Party/FreeRTOS/Source/CMSIS_RTOS/cmsis_os.o
 .text.osKernelStart
                0x0000000008008702        0xe ./Middlewares/Third_Party/FreeRTOS/Source/CMSIS_RTOS/cmsis_os.o
                0x0000000008008702                osKernelStart
 .text.osThreadCreate
                0x0000000008008710       0x98 ./Middlewares/Third_Party/FreeRTOS/Source/CMSIS_RTOS/cmsis_os.o
                0x0000000008008710                osThreadCreate
 .text.osDelay  0x00000000080087a8       0x28 ./Middlewares/Third_Party/FreeRTOS/Source/CMSIS_RTOS/cmsis_os.o
                0x00000000080087a8                osDelay
 .text.vListInitialise
                0x00000000080087d0       0x3e ./Middlewares/Third_Party/FreeRTOS/Source/list.o
                0x00000000080087d0                vListInitialise
 .text.vListInitialiseItem
                0x000000000800880e       0x18 ./Middlewares/Third_Party/FreeRTOS/Source/list.o
                0x000000000800880e                vListInitialiseItem
 .text.vListInsertEnd
                0x0000000008008826       0x46 ./Middlewares/Third_Party/FreeRTOS/Source/list.o
                0x0000000008008826                vListInsertEnd
 .text.vListInsert
                0x000000000800886c       0x70 ./Middlewares/Third_Party/FreeRTOS/Source/list.o
                0x000000000800886c                vListInsert
 .text.uxListRemove
                0x00000000080088dc       0x52 ./Middlewares/Third_Party/FreeRTOS/Source/list.o
                0x00000000080088dc                uxListRemove
 .text.xTaskCreateStatic
                0x000000000800892e       0xba ./Middlewares/Third_Party/FreeRTOS/Source/tasks.o
                0x000000000800892e                xTaskCreateStatic
 .text.xTaskCreate
                0x00000000080089e8       0x8a ./Middlewares/Third_Party/FreeRTOS/Source/tasks.o
                0x00000000080089e8                xTaskCreate
 *fill*         0x0000000008008a72        0x2 
 .text.prvInitialiseNewTask
                0x0000000008008a74      0x13c ./Middlewares/Third_Party/FreeRTOS/Source/tasks.o
 .text.prvAddNewTaskToReadyList
                0x0000000008008bb0       0xd4 ./Middlewares/Third_Party/FreeRTOS/Source/tasks.o
 .text.vTaskDelay
                0x0000000008008c84       0x68 ./Middlewares/Third_Party/FreeRTOS/Source/tasks.o
                0x0000000008008c84                vTaskDelay
 .text.vTaskStartScheduler
                0x0000000008008cec       0xd4 ./Middlewares/Third_Party/FreeRTOS/Source/tasks.o
                0x0000000008008cec                vTaskStartScheduler
 .text.vTaskSuspendAll
                0x0000000008008dc0       0x1c ./Middlewares/Third_Party/FreeRTOS/Source/tasks.o
                0x0000000008008dc0                vTaskSuspendAll
 .text.xTaskResumeAll
                0x0000000008008ddc      0x138 ./Middlewares/Third_Party/FreeRTOS/Source/tasks.o
                0x0000000008008ddc                xTaskResumeAll
 .text.xTaskIncrementTick
                0x0000000008008f14      0x170 ./Middlewares/Third_Party/FreeRTOS/Source/tasks.o
                0x0000000008008f14                xTaskIncrementTick
 .text.vTaskSwitchContext
                0x0000000008009084       0xc4 ./Middlewares/Third_Party/FreeRTOS/Source/tasks.o
                0x0000000008009084                vTaskSwitchContext
 .text.prvIdleTask
                0x0000000008009148       0x30 ./Middlewares/Third_Party/FreeRTOS/Source/tasks.o
 .text.prvInitialiseTaskLists
                0x0000000008009178       0x80 ./Middlewares/Third_Party/FreeRTOS/Source/tasks.o
 .text.prvCheckTasksWaitingTermination
                0x00000000080091f8       0x5c ./Middlewares/Third_Party/FreeRTOS/Source/tasks.o
 .text.prvDeleteTCB
                0x0000000008009254       0x68 ./Middlewares/Third_Party/FreeRTOS/Source/tasks.o
 .text.prvResetNextTaskUnblockTime
                0x00000000080092bc       0x40 ./Middlewares/Third_Party/FreeRTOS/Source/tasks.o
 .text.prvAddCurrentTaskToDelayedList
                0x00000000080092fc       0xcc ./Middlewares/Third_Party/FreeRTOS/Source/tasks.o
 .text.pxPortInitialiseStack
                0x00000000080093c8       0x58 ./Middlewares/Third_Party/FreeRTOS/Source/portable/GCC/ARM_CM3/port.o
                0x00000000080093c8                pxPortInitialiseStack
 .text.prvTaskExitError
                0x0000000008009420       0x58 ./Middlewares/Third_Party/FreeRTOS/Source/portable/GCC/ARM_CM3/port.o
 *fill*         0x0000000008009478        0x8 
 .text.SVC_Handler
                0x0000000008009480       0x28 ./Middlewares/Third_Party/FreeRTOS/Source/portable/GCC/ARM_CM3/port.o
                0x0000000008009480                SVC_Handler
 .text.prvPortStartFirstTask
                0x00000000080094a8       0x20 ./Middlewares/Third_Party/FreeRTOS/Source/portable/GCC/ARM_CM3/port.o
 .text.xPortStartScheduler
                0x00000000080094c8       0xe4 ./Middlewares/Third_Party/FreeRTOS/Source/portable/GCC/ARM_CM3/port.o
                0x00000000080094c8                xPortStartScheduler
 .text.vPortEnterCritical
                0x00000000080095ac       0x60 ./Middlewares/Third_Party/FreeRTOS/Source/portable/GCC/ARM_CM3/port.o
                0x00000000080095ac                vPortEnterCritical
 .text.vPortExitCritical
                0x000000000800960c       0x50 ./Middlewares/Third_Party/FreeRTOS/Source/portable/GCC/ARM_CM3/port.o
                0x000000000800960c                vPortExitCritical
 *fill*         0x000000000800965c        0x4 
 .text.PendSV_Handler
                0x0000000008009660       0x48 ./Middlewares/Third_Party/FreeRTOS/Source/portable/GCC/ARM_CM3/port.o
                0x0000000008009660                PendSV_Handler
 .text.SysTick_Handler
                0x00000000080096a8       0x44 ./Middlewares/Third_Party/FreeRTOS/Source/portable/GCC/ARM_CM3/port.o
                0x00000000080096a8                SysTick_Handler
 .text.vPortSetupTimerInterrupt
                0x00000000080096ec       0x44 ./Middlewares/Third_Party/FreeRTOS/Source/portable/GCC/ARM_CM3/port.o
                0x00000000080096ec                vPortSetupTimerInterrupt
 .text.pvPortMalloc
                0x0000000008009730      0x188 ./Middlewares/Third_Party/FreeRTOS/Source/portable/MemMang/heap_4.o
                0x0000000008009730                pvPortMalloc
 .text.vPortFree
                0x00000000080098b8       0xb4 ./Middlewares/Third_Party/FreeRTOS/Source/portable/MemMang/heap_4.o
                0x00000000080098b8                vPortFree
 .text.prvHeapInit
                0x000000000800996c       0xc4 ./Middlewares/Third_Party/FreeRTOS/Source/portable/MemMang/heap_4.o
 .text.prvInsertBlockIntoFreeList
                0x0000000008009a30       0xb0 ./Middlewares/Third_Party/FreeRTOS/Source/portable/MemMang/heap_4.o
 .text.UTIL_MEM_set_8
                0x0000000008009ae0       0x36 ./Ultilities/misc/stm32_mem.o
                0x0000000008009ae0                UTIL_MEM_set_8
 *fill*         0x0000000008009b16        0x2 
 .text.__errno  0x0000000008009b18        0xc c:/st/stm32cubeide_1.11.0/stm32cubeide/plugins/com.st.stm32cube.ide.mcu.externaltools.gnu-tools-for-stm32.10.3-2021.10.win32_1.0.100.202210260954/tools/bin/../lib/gcc/arm-none-eabi/10.3.1/../../../../arm-none-eabi/lib/thumb/v7e-m/nofp\libc_nano.a(lib_a-errno.o)
                0x0000000008009b18                __errno
 .text.std      0x0000000008009b24       0x48 c:/st/stm32cubeide_1.11.0/stm32cubeide/plugins/com.st.stm32cube.ide.mcu.externaltools.gnu-tools-for-stm32.10.3-2021.10.win32_1.0.100.202210260954/tools/bin/../lib/gcc/arm-none-eabi/10.3.1/../../../../arm-none-eabi/lib/thumb/v7e-m/nofp\libc_nano.a(lib_a-findfp.o)
 .text._cleanup_r
                0x0000000008009b6c        0xc c:/st/stm32cubeide_1.11.0/stm32cubeide/plugins/com.st.stm32cube.ide.mcu.externaltools.gnu-tools-for-stm32.10.3-2021.10.win32_1.0.100.202210260954/tools/bin/../lib/gcc/arm-none-eabi/10.3.1/../../../../arm-none-eabi/lib/thumb/v7e-m/nofp\libc_nano.a(lib_a-findfp.o)
                0x0000000008009b6c                _cleanup_r
 .text.__sfmoreglue
                0x0000000008009b78       0x2c c:/st/stm32cubeide_1.11.0/stm32cubeide/plugins/com.st.stm32cube.ide.mcu.externaltools.gnu-tools-for-stm32.10.3-2021.10.win32_1.0.100.202210260954/tools/bin/../lib/gcc/arm-none-eabi/10.3.1/../../../../arm-none-eabi/lib/thumb/v7e-m/nofp\libc_nano.a(lib_a-findfp.o)
                0x0000000008009b78                __sfmoreglue
 .text.__sfp_lock_acquire
                0x0000000008009ba4        0xc c:/st/stm32cubeide_1.11.0/stm32cubeide/plugins/com.st.stm32cube.ide.mcu.externaltools.gnu-tools-for-stm32.10.3-2021.10.win32_1.0.100.202210260954/tools/bin/../lib/gcc/arm-none-eabi/10.3.1/../../../../arm-none-eabi/lib/thumb/v7e-m/nofp\libc_nano.a(lib_a-findfp.o)
                0x0000000008009ba4                __sfp_lock_acquire
 .text.__sfp_lock_release
                0x0000000008009bb0        0xc c:/st/stm32cubeide_1.11.0/stm32cubeide/plugins/com.st.stm32cube.ide.mcu.externaltools.gnu-tools-for-stm32.10.3-2021.10.win32_1.0.100.202210260954/tools/bin/../lib/gcc/arm-none-eabi/10.3.1/../../../../arm-none-eabi/lib/thumb/v7e-m/nofp\libc_nano.a(lib_a-findfp.o)
                0x0000000008009bb0                __sfp_lock_release
 .text.__sinit_lock_acquire
                0x0000000008009bbc        0xc c:/st/stm32cubeide_1.11.0/stm32cubeide/plugins/com.st.stm32cube.ide.mcu.externaltools.gnu-tools-for-stm32.10.3-2021.10.win32_1.0.100.202210260954/tools/bin/../lib/gcc/arm-none-eabi/10.3.1/../../../../arm-none-eabi/lib/thumb/v7e-m/nofp\libc_nano.a(lib_a-findfp.o)
                0x0000000008009bbc                __sinit_lock_acquire
 .text.__sinit_lock_release
                0x0000000008009bc8        0xc c:/st/stm32cubeide_1.11.0/stm32cubeide/plugins/com.st.stm32cube.ide.mcu.externaltools.gnu-tools-for-stm32.10.3-2021.10.win32_1.0.100.202210260954/tools/bin/../lib/gcc/arm-none-eabi/10.3.1/../../../../arm-none-eabi/lib/thumb/v7e-m/nofp\libc_nano.a(lib_a-findfp.o)
                0x0000000008009bc8                __sinit_lock_release
 .text.__sinit  0x0000000008009bd4       0x70 c:/st/stm32cubeide_1.11.0/stm32cubeide/plugins/com.st.stm32cube.ide.mcu.externaltools.gnu-tools-for-stm32.10.3-2021.10.win32_1.0.100.202210260954/tools/bin/../lib/gcc/arm-none-eabi/10.3.1/../../../../arm-none-eabi/lib/thumb/v7e-m/nofp\libc_nano.a(lib_a-findfp.o)
                0x0000000008009bd4                __sinit
 .text.__sfp    0x0000000008009c44       0x8c c:/st/stm32cubeide_1.11.0/stm32cubeide/plugins/com.st.stm32cube.ide.mcu.externaltools.gnu-tools-for-stm32.10.3-2021.10.win32_1.0.100.202210260954/tools/bin/../lib/gcc/arm-none-eabi/10.3.1/../../../../arm-none-eabi/lib/thumb/v7e-m/nofp\libc_nano.a(lib_a-findfp.o)
                0x0000000008009c44                __sfp
 .text._fwalk_reent
                0x0000000008009cd0       0x3e c:/st/stm32cubeide_1.11.0/stm32cubeide/plugins/com.st.stm32cube.ide.mcu.externaltools.gnu-tools-for-stm32.10.3-2021.10.win32_1.0.100.202210260954/tools/bin/../lib/gcc/arm-none-eabi/10.3.1/../../../../arm-none-eabi/lib/thumb/v7e-m/nofp\libc_nano.a(lib_a-fwalk.o)
                0x0000000008009cd0                _fwalk_reent
 *fill*         0x0000000008009d0e        0x2 
 .text.__libc_init_array
                0x0000000008009d10       0x48 c:/st/stm32cubeide_1.11.0/stm32cubeide/plugins/com.st.stm32cube.ide.mcu.externaltools.gnu-tools-for-stm32.10.3-2021.10.win32_1.0.100.202210260954/tools/bin/../lib/gcc/arm-none-eabi/10.3.1/../../../../arm-none-eabi/lib/thumb/v7e-m/nofp\libc_nano.a(lib_a-init.o)
                0x0000000008009d10                __libc_init_array
 .text.__retarget_lock_init_recursive
                0x0000000008009d58        0x2 c:/st/stm32cubeide_1.11.0/stm32cubeide/plugins/com.st.stm32cube.ide.mcu.externaltools.gnu-tools-for-stm32.10.3-2021.10.win32_1.0.100.202210260954/tools/bin/../lib/gcc/arm-none-eabi/10.3.1/../../../../arm-none-eabi/lib/thumb/v7e-m/nofp\libc_nano.a(lib_a-lock.o)
                0x0000000008009d58                __retarget_lock_init_recursive
 .text.__retarget_lock_acquire_recursive
                0x0000000008009d5a        0x2 c:/st/stm32cubeide_1.11.0/stm32cubeide/plugins/com.st.stm32cube.ide.mcu.externaltools.gnu-tools-for-stm32.10.3-2021.10.win32_1.0.100.202210260954/tools/bin/../lib/gcc/arm-none-eabi/10.3.1/../../../../arm-none-eabi/lib/thumb/v7e-m/nofp\libc_nano.a(lib_a-lock.o)
                0x0000000008009d5a                __retarget_lock_acquire_recursive
 .text.__retarget_lock_release_recursive
                0x0000000008009d5c        0x2 c:/st/stm32cubeide_1.11.0/stm32cubeide/plugins/com.st.stm32cube.ide.mcu.externaltools.gnu-tools-for-stm32.10.3-2021.10.win32_1.0.100.202210260954/tools/bin/../lib/gcc/arm-none-eabi/10.3.1/../../../../arm-none-eabi/lib/thumb/v7e-m/nofp\libc_nano.a(lib_a-lock.o)
                0x0000000008009d5c                __retarget_lock_release_recursive
 .text.memcpy   0x0000000008009d5e       0x1c c:/st/stm32cubeide_1.11.0/stm32cubeide/plugins/com.st.stm32cube.ide.mcu.externaltools.gnu-tools-for-stm32.10.3-2021.10.win32_1.0.100.202210260954/tools/bin/../lib/gcc/arm-none-eabi/10.3.1/../../../../arm-none-eabi/lib/thumb/v7e-m/nofp\libc_nano.a(lib_a-memcpy-stub.o)
                0x0000000008009d5e                memcpy
 .text.memset   0x0000000008009d7a       0x10 c:/st/stm32cubeide_1.11.0/stm32cubeide/plugins/com.st.stm32cube.ide.mcu.externaltools.gnu-tools-for-stm32.10.3-2021.10.win32_1.0.100.202210260954/tools/bin/../lib/gcc/arm-none-eabi/10.3.1/../../../../arm-none-eabi/lib/thumb/v7e-m/nofp\libc_nano.a(lib_a-memset.o)
                0x0000000008009d7a                memset
 *fill*         0x0000000008009d8a        0x2 
 .text.sbrk_aligned
                0x0000000008009d8c       0x40 c:/st/stm32cubeide_1.11.0/stm32cubeide/plugins/com.st.stm32cube.ide.mcu.externaltools.gnu-tools-for-stm32.10.3-2021.10.win32_1.0.100.202210260954/tools/bin/../lib/gcc/arm-none-eabi/10.3.1/../../../../arm-none-eabi/lib/thumb/v7e-m/nofp\libc_nano.a(lib_a-nano-mallocr.o)
 .text._malloc_r
                0x0000000008009dcc       0xe8 c:/st/stm32cubeide_1.11.0/stm32cubeide/plugins/com.st.stm32cube.ide.mcu.externaltools.gnu-tools-for-stm32.10.3-2021.10.win32_1.0.100.202210260954/tools/bin/../lib/gcc/arm-none-eabi/10.3.1/../../../../arm-none-eabi/lib/thumb/v7e-m/nofp\libc_nano.a(lib_a-nano-mallocr.o)
                0x0000000008009dcc                _malloc_r
 .text.printf   0x0000000008009eb4       0x30 c:/st/stm32cubeide_1.11.0/stm32cubeide/plugins/com.st.stm32cube.ide.mcu.externaltools.gnu-tools-for-stm32.10.3-2021.10.win32_1.0.100.202210260954/tools/bin/../lib/gcc/arm-none-eabi/10.3.1/../../../../arm-none-eabi/lib/thumb/v7e-m/nofp\libc_nano.a(lib_a-printf.o)
                0x0000000008009eb4                iprintf
                0x0000000008009eb4                printf
 .text.putchar  0x0000000008009ee4       0x28 c:/st/stm32cubeide_1.11.0/stm32cubeide/plugins/com.st.stm32cube.ide.mcu.externaltools.gnu-tools-for-stm32.10.3-2021.10.win32_1.0.100.202210260954/tools/bin/../lib/gcc/arm-none-eabi/10.3.1/../../../../arm-none-eabi/lib/thumb/v7e-m/nofp\libc_nano.a(lib_a-putchar.o)
                0x0000000008009ee4                putchar
 .text.cleanup_glue
                0x0000000008009f0c       0x1a c:/st/stm32cubeide_1.11.0/stm32cubeide/plugins/com.st.stm32cube.ide.mcu.externaltools.gnu-tools-for-stm32.10.3-2021.10.win32_1.0.100.202210260954/tools/bin/../lib/gcc/arm-none-eabi/10.3.1/../../../../arm-none-eabi/lib/thumb/v7e-m/nofp\libc_nano.a(lib_a-reent.o)
                0x0000000008009f0c                cleanup_glue
 *fill*         0x0000000008009f26        0x2 
 .text._reclaim_reent
                0x0000000008009f28       0xb8 c:/st/stm32cubeide_1.11.0/stm32cubeide/plugins/com.st.stm32cube.ide.mcu.externaltools.gnu-tools-for-stm32.10.3-2021.10.win32_1.0.100.202210260954/tools/bin/../lib/gcc/arm-none-eabi/10.3.1/../../../../arm-none-eabi/lib/thumb/v7e-m/nofp\libc_nano.a(lib_a-reent.o)
                0x0000000008009f28                _reclaim_reent
 .text._sbrk_r  0x0000000008009fe0       0x20 c:/st/stm32cubeide_1.11.0/stm32cubeide/plugins/com.st.stm32cube.ide.mcu.externaltools.gnu-tools-for-stm32.10.3-2021.10.win32_1.0.100.202210260954/tools/bin/../lib/gcc/arm-none-eabi/10.3.1/../../../../arm-none-eabi/lib/thumb/v7e-m/nofp\libc_nano.a(lib_a-sbrkr.o)
                0x0000000008009fe0                _sbrk_r
 .text.sprintf  0x000000000800a000       0x40 c:/st/stm32cubeide_1.11.0/stm32cubeide/plugins/com.st.stm32cube.ide.mcu.externaltools.gnu-tools-for-stm32.10.3-2021.10.win32_1.0.100.202210260954/tools/bin/../lib/gcc/arm-none-eabi/10.3.1/../../../../arm-none-eabi/lib/thumb/v7e-m/nofp\libc_nano.a(lib_a-sprintf.o)
                0x000000000800a000                siprintf
                0x000000000800a000                sprintf
 .text.__sread  0x000000000800a040       0x22 c:/st/stm32cubeide_1.11.0/stm32cubeide/plugins/com.st.stm32cube.ide.mcu.externaltools.gnu-tools-for-stm32.10.3-2021.10.win32_1.0.100.202210260954/tools/bin/../lib/gcc/arm-none-eabi/10.3.1/../../../../arm-none-eabi/lib/thumb/v7e-m/nofp\libc_nano.a(lib_a-stdio.o)
                0x000000000800a040                __sread
 .text.__swrite
                0x000000000800a062       0x38 c:/st/stm32cubeide_1.11.0/stm32cubeide/plugins/com.st.stm32cube.ide.mcu.externaltools.gnu-tools-for-stm32.10.3-2021.10.win32_1.0.100.202210260954/tools/bin/../lib/gcc/arm-none-eabi/10.3.1/../../../../arm-none-eabi/lib/thumb/v7e-m/nofp\libc_nano.a(lib_a-stdio.o)
                0x000000000800a062                __swrite
 .text.__sseek  0x000000000800a09a       0x24 c:/st/stm32cubeide_1.11.0/stm32cubeide/plugins/com.st.stm32cube.ide.mcu.externaltools.gnu-tools-for-stm32.10.3-2021.10.win32_1.0.100.202210260954/tools/bin/../lib/gcc/arm-none-eabi/10.3.1/../../../../arm-none-eabi/lib/thumb/v7e-m/nofp\libc_nano.a(lib_a-stdio.o)
                0x000000000800a09a                __sseek
 .text.__sclose
                0x000000000800a0be        0x8 c:/st/stm32cubeide_1.11.0/stm32cubeide/plugins/com.st.stm32cube.ide.mcu.externaltools.gnu-tools-for-stm32.10.3-2021.10.win32_1.0.100.202210260954/tools/bin/../lib/gcc/arm-none-eabi/10.3.1/../../../../arm-none-eabi/lib/thumb/v7e-m/nofp\libc_nano.a(lib_a-stdio.o)
                0x000000000800a0be                __sclose
 .text.strncmp  0x000000000800a0c6       0x28 c:/st/stm32cubeide_1.11.0/stm32cubeide/plugins/com.st.stm32cube.ide.mcu.externaltools.gnu-tools-for-stm32.10.3-2021.10.win32_1.0.100.202210260954/tools/bin/../lib/gcc/arm-none-eabi/10.3.1/../../../../arm-none-eabi/lib/thumb/v7e-m/nofp\libc_nano.a(lib_a-strncmp.o)
                0x000000000800a0c6                strncmp
 *fill*         0x000000000800a0ee        0x2 
 .text._write_r
                0x000000000800a0f0       0x24 c:/st/stm32cubeide_1.11.0/stm32cubeide/plugins/com.st.stm32cube.ide.mcu.externaltools.gnu-tools-for-stm32.10.3-2021.10.win32_1.0.100.202210260954/tools/bin/../lib/gcc/arm-none-eabi/10.3.1/../../../../arm-none-eabi/lib/thumb/v7e-m/nofp\libc_nano.a(lib_a-writer.o)
                0x000000000800a0f0                _write_r
 .text._close_r
                0x000000000800a114       0x20 c:/st/stm32cubeide_1.11.0/stm32cubeide/plugins/com.st.stm32cube.ide.mcu.externaltools.gnu-tools-for-stm32.10.3-2021.10.win32_1.0.100.202210260954/tools/bin/../lib/gcc/arm-none-eabi/10.3.1/../../../../arm-none-eabi/lib/thumb/v7e-m/nofp\libc_nano.a(lib_a-closer.o)
                0x000000000800a114                _close_r
 .text.__sflush_r
                0x000000000800a134      0x104 c:/st/stm32cubeide_1.11.0/stm32cubeide/plugins/com.st.stm32cube.ide.mcu.externaltools.gnu-tools-for-stm32.10.3-2021.10.win32_1.0.100.202210260954/tools/bin/../lib/gcc/arm-none-eabi/10.3.1/../../../../arm-none-eabi/lib/thumb/v7e-m/nofp\libc_nano.a(lib_a-fflush.o)
                0x000000000800a134                __sflush_r
 .text._fflush_r
                0x000000000800a238       0x78 c:/st/stm32cubeide_1.11.0/stm32cubeide/plugins/com.st.stm32cube.ide.mcu.externaltools.gnu-tools-for-stm32.10.3-2021.10.win32_1.0.100.202210260954/tools/bin/../lib/gcc/arm-none-eabi/10.3.1/../../../../arm-none-eabi/lib/thumb/v7e-m/nofp\libc_nano.a(lib_a-fflush.o)
                0x000000000800a238                _fflush_r
 .text._lseek_r
                0x000000000800a2b0       0x24 c:/st/stm32cubeide_1.11.0/stm32cubeide/plugins/com.st.stm32cube.ide.mcu.externaltools.gnu-tools-for-stm32.10.3-2021.10.win32_1.0.100.202210260954/tools/bin/../lib/gcc/arm-none-eabi/10.3.1/../../../../arm-none-eabi/lib/thumb/v7e-m/nofp\libc_nano.a(lib_a-lseekr.o)
                0x000000000800a2b0                _lseek_r
 .text.__malloc_lock
                0x000000000800a2d4        0xc c:/st/stm32cubeide_1.11.0/stm32cubeide/plugins/com.st.stm32cube.ide.mcu.externaltools.gnu-tools-for-stm32.10.3-2021.10.win32_1.0.100.202210260954/tools/bin/../lib/gcc/arm-none-eabi/10.3.1/../../../../arm-none-eabi/lib/thumb/v7e-m/nofp\libc_nano.a(lib_a-mlock.o)
                0x000000000800a2d4                __malloc_lock
 .text.__malloc_unlock
                0x000000000800a2e0        0xc c:/st/stm32cubeide_1.11.0/stm32cubeide/plugins/com.st.stm32cube.ide.mcu.externaltools.gnu-tools-for-stm32.10.3-2021.10.win32_1.0.100.202210260954/tools/bin/../lib/gcc/arm-none-eabi/10.3.1/../../../../arm-none-eabi/lib/thumb/v7e-m/nofp\libc_nano.a(lib_a-mlock.o)
                0x000000000800a2e0                __malloc_unlock
 .text._free_r  0x000000000800a2ec       0x94 c:/st/stm32cubeide_1.11.0/stm32cubeide/plugins/com.st.stm32cube.ide.mcu.externaltools.gnu-tools-for-stm32.10.3-2021.10.win32_1.0.100.202210260954/tools/bin/../lib/gcc/arm-none-eabi/10.3.1/../../../../arm-none-eabi/lib/thumb/v7e-m/nofp\libc_nano.a(lib_a-nano-freer.o)
                0x000000000800a2ec                _free_r
 .text.__ssputs_r
                0x000000000800a380       0xb6 c:/st/stm32cubeide_1.11.0/stm32cubeide/plugins/com.st.stm32cube.ide.mcu.externaltools.gnu-tools-for-stm32.10.3-2021.10.win32_1.0.100.202210260954/tools/bin/../lib/gcc/arm-none-eabi/10.3.1/../../../../arm-none-eabi/lib/thumb/v7e-m/nofp\libc_nano.a(lib_a-nano-svfprintf.o)
                0x000000000800a380                __ssputs_r
 *fill*         0x000000000800a436        0x2 
 .text._svfprintf_r
                0x000000000800a438      0x200 c:/st/stm32cubeide_1.11.0/stm32cubeide/plugins/com.st.stm32cube.ide.mcu.externaltools.gnu-tools-for-stm32.10.3-2021.10.win32_1.0.100.202210260954/tools/bin/../lib/gcc/arm-none-eabi/10.3.1/../../../../arm-none-eabi/lib/thumb/v7e-m/nofp\libc_nano.a(lib_a-nano-svfprintf.o)
                0x000000000800a438                _svfiprintf_r
                0x000000000800a438                _svfprintf_r
 .text.__sfputc_r
                0x000000000800a638       0x2a c:/st/stm32cubeide_1.11.0/stm32cubeide/plugins/com.st.stm32cube.ide.mcu.externaltools.gnu-tools-for-stm32.10.3-2021.10.win32_1.0.100.202210260954/tools/bin/../lib/gcc/arm-none-eabi/10.3.1/../../../../arm-none-eabi/lib/thumb/v7e-m/nofp\libc_nano.a(lib_a-nano-vfprintf.o)
 .text.__sfputs_r
                0x000000000800a662       0x24 c:/st/stm32cubeide_1.11.0/stm32cubeide/plugins/com.st.stm32cube.ide.mcu.externaltools.gnu-tools-for-stm32.10.3-2021.10.win32_1.0.100.202210260954/tools/bin/../lib/gcc/arm-none-eabi/10.3.1/../../../../arm-none-eabi/lib/thumb/v7e-m/nofp\libc_nano.a(lib_a-nano-vfprintf.o)
                0x000000000800a662                __sfputs_r
 *fill*         0x000000000800a686        0x2 
 .text._vfprintf_r
                0x000000000800a688      0x260 c:/st/stm32cubeide_1.11.0/stm32cubeide/plugins/com.st.stm32cube.ide.mcu.externaltools.gnu-tools-for-stm32.10.3-2021.10.win32_1.0.100.202210260954/tools/bin/../lib/gcc/arm-none-eabi/10.3.1/../../../../arm-none-eabi/lib/thumb/v7e-m/nofp\libc_nano.a(lib_a-nano-vfprintf.o)
                0x000000000800a688                _vfprintf_r
                0x000000000800a688                _vfiprintf_r
 .text._printf_common
                0x000000000800a8e8       0xda c:/st/stm32cubeide_1.11.0/stm32cubeide/plugins/com.st.stm32cube.ide.mcu.externaltools.gnu-tools-for-stm32.10.3-2021.10.win32_1.0.100.202210260954/tools/bin/../lib/gcc/arm-none-eabi/10.3.1/../../../../arm-none-eabi/lib/thumb/v7e-m/nofp\libc_nano.a(lib_a-nano-vfprintf_i.o)
                0x000000000800a8e8                _printf_common
 *fill*         0x000000000800a9c2        0x2 
 .text._printf_i
                0x000000000800a9c4      0x24c c:/st/stm32cubeide_1.11.0/stm32cubeide/plugins/com.st.stm32cube.ide.mcu.externaltools.gnu-tools-for-stm32.10.3-2021.10.win32_1.0.100.202210260954/tools/bin/../lib/gcc/arm-none-eabi/10.3.1/../../../../arm-none-eabi/lib/thumb/v7e-m/nofp\libc_nano.a(lib_a-nano-vfprintf_i.o)
                0x000000000800a9c4                _printf_i
 .text._putc_r  0x000000000800ac10       0x90 c:/st/stm32cubeide_1.11.0/stm32cubeide/plugins/com.st.stm32cube.ide.mcu.externaltools.gnu-tools-for-stm32.10.3-2021.10.win32_1.0.100.202210260954/tools/bin/../lib/gcc/arm-none-eabi/10.3.1/../../../../arm-none-eabi/lib/thumb/v7e-m/nofp\libc_nano.a(lib_a-putc.o)
                0x000000000800ac10                _putc_r
 .text._read_r  0x000000000800aca0       0x24 c:/st/stm32cubeide_1.11.0/stm32cubeide/plugins/com.st.stm32cube.ide.mcu.externaltools.gnu-tools-for-stm32.10.3-2021.10.win32_1.0.100.202210260954/tools/bin/../lib/gcc/arm-none-eabi/10.3.1/../../../../arm-none-eabi/lib/thumb/v7e-m/nofp\libc_nano.a(lib_a-readr.o)
                0x000000000800aca0                _read_r
 .text.__swbuf_r
                0x000000000800acc4       0xa4 c:/st/stm32cubeide_1.11.0/stm32cubeide/plugins/com.st.stm32cube.ide.mcu.externaltools.gnu-tools-for-stm32.10.3-2021.10.win32_1.0.100.202210260954/tools/bin/../lib/gcc/arm-none-eabi/10.3.1/../../../../arm-none-eabi/lib/thumb/v7e-m/nofp\libc_nano.a(lib_a-wbuf.o)
                0x000000000800acc4                __swbuf_r
 .text.__swsetup_r
                0x000000000800ad68       0xdc c:/st/stm32cubeide_1.11.0/stm32cubeide/plugins/com.st.stm32cube.ide.mcu.externaltools.gnu-tools-for-stm32.10.3-2021.10.win32_1.0.100.202210260954/tools/bin/../lib/gcc/arm-none-eabi/10.3.1/../../../../arm-none-eabi/lib/thumb/v7e-m/nofp\libc_nano.a(lib_a-wsetup.o)
                0x000000000800ad68                __swsetup_r
 .text.__swhatbuf_r
                0x000000000800ae44       0x4a c:/st/stm32cubeide_1.11.0/stm32cubeide/plugins/com.st.stm32cube.ide.mcu.externaltools.gnu-tools-for-stm32.10.3-2021.10.win32_1.0.100.202210260954/tools/bin/../lib/gcc/arm-none-eabi/10.3.1/../../../../arm-none-eabi/lib/thumb/v7e-m/nofp\libc_nano.a(lib_a-makebuf.o)
                0x000000000800ae44                __swhatbuf_r
 *fill*         0x000000000800ae8e        0x2 
 .text.__smakebuf_r
                0x000000000800ae90       0x80 c:/st/stm32cubeide_1.11.0/stm32cubeide/plugins/com.st.stm32cube.ide.mcu.externaltools.gnu-tools-for-stm32.10.3-2021.10.win32_1.0.100.202210260954/tools/bin/../lib/gcc/arm-none-eabi/10.3.1/../../../../arm-none-eabi/lib/thumb/v7e-m/nofp\libc_nano.a(lib_a-makebuf.o)
                0x000000000800ae90                __smakebuf_r
 .text.memmove  0x000000000800af10       0x34 c:/st/stm32cubeide_1.11.0/stm32cubeide/plugins/com.st.stm32cube.ide.mcu.externaltools.gnu-tools-for-stm32.10.3-2021.10.win32_1.0.100.202210260954/tools/bin/../lib/gcc/arm-none-eabi/10.3.1/../../../../arm-none-eabi/lib/thumb/v7e-m/nofp\libc_nano.a(lib_a-memmove.o)
                0x000000000800af10                memmove
 .text._realloc_r
                0x000000000800af44       0x5e c:/st/stm32cubeide_1.11.0/stm32cubeide/plugins/com.st.stm32cube.ide.mcu.externaltools.gnu-tools-for-stm32.10.3-2021.10.win32_1.0.100.202210260954/tools/bin/../lib/gcc/arm-none-eabi/10.3.1/../../../../arm-none-eabi/lib/thumb/v7e-m/nofp\libc_nano.a(lib_a-nano-reallocr.o)
                0x000000000800af44                _realloc_r
 *fill*         0x000000000800afa2        0x2 
 .text._fstat_r
                0x000000000800afa4       0x24 c:/st/stm32cubeide_1.11.0/stm32cubeide/plugins/com.st.stm32cube.ide.mcu.externaltools.gnu-tools-for-stm32.10.3-2021.10.win32_1.0.100.202210260954/tools/bin/../lib/gcc/arm-none-eabi/10.3.1/../../../../arm-none-eabi/lib/thumb/v7e-m/nofp\libc_nano.a(lib_a-fstatr.o)
                0x000000000800afa4                _fstat_r
 .text._isatty_r
                0x000000000800afc8       0x20 c:/st/stm32cubeide_1.11.0/stm32cubeide/plugins/com.st.stm32cube.ide.mcu.externaltools.gnu-tools-for-stm32.10.3-2021.10.win32_1.0.100.202210260954/tools/bin/../lib/gcc/arm-none-eabi/10.3.1/../../../../arm-none-eabi/lib/thumb/v7e-m/nofp\libc_nano.a(lib_a-isattyr.o)
                0x000000000800afc8                _isatty_r
 .text._malloc_usable_size_r
                0x000000000800afe8       0x10 c:/st/stm32cubeide_1.11.0/stm32cubeide/plugins/com.st.stm32cube.ide.mcu.externaltools.gnu-tools-for-stm32.10.3-2021.10.win32_1.0.100.202210260954/tools/bin/../lib/gcc/arm-none-eabi/10.3.1/../../../../arm-none-eabi/lib/thumb/v7e-m/nofp\libc_nano.a(lib_a-nano-msizer.o)
                0x000000000800afe8                _malloc_usable_size_r
 *(.glue_7)
 .glue_7        0x000000000800aff8        0x0 linker stubs
 *(.glue_7t)
 .glue_7t       0x000000000800aff8        0x0 linker stubs
 *(.eh_frame)
 .eh_frame      0x000000000800aff8        0x0 c:/st/stm32cubeide_1.11.0/stm32cubeide/plugins/com.st.stm32cube.ide.mcu.externaltools.gnu-tools-for-stm32.10.3-2021.10.win32_1.0.100.202210260954/tools/bin/../lib/gcc/arm-none-eabi/10.3.1/thumb/v7e-m/nofp/crtbegin.o
 *(.init)
 .init          0x000000000800aff8        0x4 c:/st/stm32cubeide_1.11.0/stm32cubeide/plugins/com.st.stm32cube.ide.mcu.externaltools.gnu-tools-for-stm32.10.3-2021.10.win32_1.0.100.202210260954/tools/bin/../lib/gcc/arm-none-eabi/10.3.1/thumb/v7e-m/nofp/crti.o
                0x000000000800aff8                _init
 .init          0x000000000800affc        0x8 c:/st/stm32cubeide_1.11.0/stm32cubeide/plugins/com.st.stm32cube.ide.mcu.externaltools.gnu-tools-for-stm32.10.3-2021.10.win32_1.0.100.202210260954/tools/bin/../lib/gcc/arm-none-eabi/10.3.1/thumb/v7e-m/nofp/crtn.o
 *(.fini)
 .fini          0x000000000800b004        0x4 c:/st/stm32cubeide_1.11.0/stm32cubeide/plugins/com.st.stm32cube.ide.mcu.externaltools.gnu-tools-for-stm32.10.3-2021.10.win32_1.0.100.202210260954/tools/bin/../lib/gcc/arm-none-eabi/10.3.1/thumb/v7e-m/nofp/crti.o
                0x000000000800b004                _fini