../Drivers/STM32WLxx_HAL_Driver/Inc/stm32wlxx_ll_bus.h:449:22:LL_AHB2_GRP1_EnableClock	24	static
../Drivers/STM32WLxx_HAL_Driver/Inc/stm32wlxx_ll_bus.h:1488:22:LL_APB3_GRP1_EnableClock	24	static
../Drivers/STM32WLxx_HAL_Driver/Inc/stm32wlxx_ll_bus.h:1516:22:LL_APB3_GRP1_DisableClock	16	static
../Core/Src/subghz.c:46:6:MX_SUBGHZ_Init	8	static
../Core/Src/subghz.c:65:6:HAL_SUBGHZ_MspInit	16	static
../Core/Src/subghz.c:81:6:HAL_SUBGHZ_MspDeInit	16	static
../Core/Src/subghz.c:97:6:radioInit	40	static
../Core/Src/subghz.c:147:6:RadioOnDioIrq	16	static
../Core/Src/subghz.c:175:6:eventTxDone	16	static
../Core/Src/subghz.c:209:6:eventRxDone	1040	static
../Core/Src/subghz.c:279:6:eventTxTimeout	16	static
../Core/Src/subghz.c:313:6:eventRxTimeout	16	static
../Core/Src/subghz.c:347:6:eventRxError	16	static
../Core/Src/subghz.c:381:6:enterMasterRx	16	static
../Core/Src/subghz.c:399:6:enterSlaveRx	16	static
../Core/Src/subghz.c:417:6:enterMasterTx	16	static
../Core/Src/subghz.c:439:6:enterSlaveTx	16	static
../Core/Src/subghz.c:468:6:transitionRxDone	88	static
../Core/Src/subghz.c:484:6:fsmInit	16	static
../Core/Src/subghz.c:512:6:RFGPIOInit	32	static
../Core/Src/subghz.c:545:6:SUBGHZ	8	static
